﻿
> hyrox-companion@1.0.0 test
> vitest run


[1m[46m RUN [49m[22m [36mv3.2.4 [39m[90mC:/Users/russe/Hyrox-Companion[39m

 [31mΓ¥»[39m client/src/lib/statsUtils.test.ts [2m([22m[2m10 tests[22m[2m | [22m[31m1 failed[39m[2m)[22m[33m 329[2mms[22m[39m
   [32mΓ£ô[39m calculateStats[2m > [22mshould return zeros for an empty timeline[32m 33[2mms[22m[39m
[31m   [31m├ù[31m calculateStats[2m > [22mweekly stats (workoutsThisWeek, completedThisWeek)[2m > [22mshould count entries within the current week correctly[39m[32m 160[2mms[22m[39m
[31m     ΓåÆ expected 5 to be 4 // Object.is equality[39m
   [32mΓ£ô[39m calculateStats[2m > [22mplanned upcoming (plannedUpcoming)[2m > [22mshould count planned entries from today onwards[32m 6[2mms[22m[39m
   [32mΓ£ô[39m calculateStats[2m > [22mcompletion rate (completionRate)[2m > [22mshould calculate correctly based on past and today entries[32m 8[2mms[22m[39m
   [32mΓ£ô[39m calculateStats[2m > [22mcompletion rate (completionRate)[2m > [22mshould return 0 when there are no past or today entries[32m 1[2mms[22m[39m
   [32mΓ£ô[39m calculateStats[2m > [22mcurrent streak (currentStreak)[2m > [22mshould count consecutive days backwards from today[32m 6[2mms[22m[39m
   [32mΓ£ô[39m calculateStats[2m > [22mcurrent streak (currentStreak)[2m > [22mshould count streak even if today is not completed but yesterday was[32m 8[2mms[22m[39m
   [32mΓ£ô[39m calculateStats[2m > [22mcurrent streak (currentStreak)[2m > [22mshould break streak if a day is missed[32m 50[2mms[22m[39m
   [32mΓ£ô[39m calculateStats[2m > [22mcurrent streak (currentStreak)[2m > [22mshould count multiple completed entries on the same day as 1 day for streak[32m 11[2mms[22m[39m
   [32mΓ£ô[39m calculateStats[2m > [22mcurrent streak (currentStreak)[2m > [22mshould return 0 streak if neither today nor yesterday has a completed entry[32m 35[2mms[22m[39m
 [31mΓ¥»[39m client/src/hooks/__tests__/useTimelineFilters.test.ts [2m([22m[2m4 tests[22m[2m | [22m[31m1 failed[39m[2m)[22m[33m 409[2mms[22m[39m
   [32mΓ£ô[39m useTimelineFilters[2m > [22mshould return default state initially[32m 160[2mms[22m[39m
   [32mΓ£ô[39m useTimelineFilters[2m > [22mshould filter timeline by status[32m 65[2mms[22m[39m
   [32mΓ£ô[39m useTimelineFilters[2m > [22mshould group and sort dates correctly (past descending, future ascending)[32m 20[2mms[22m[39m
[31m   [31m├ù[31m useTimelineFilters[2m > [22mshould handle pagination for visible groups[39m[32m 126[2mms[22m[39m
[31m     ΓåÆ expected [ [ '2023-10-14', ΓÇª(1) ], ΓÇª(10) ] to have a length of 10 but got 11[39m
[2026-03-21 18:59:08.936 -0500] [31mERROR[39m: [36mError fetching PRs:[39m
    err: {
      "type": "Error",
      "message": "Database error",
      "stack":
          Error: Database error
              at C:\Users\russe\Hyrox-Companion\server\routes\__tests__\analytics.test.ts:112:74
              at file:///C:/Users/russe/Hyrox-Companion/node_modules/@vitest/runner/dist/chunk-hooks.js:155:11
              at file:///C:/Users/russe/Hyrox-Companion/node_modules/@vitest/runner/dist/chunk-hooks.js:752:26
              at file:///C:/Users/russe/Hyrox-Companion/node_modules/@vitest/runner/dist/chunk-hooks.js:1897:20
              at new Promise (<anonymous>)
              at runWithTimeout (file:///C:/Users/russe/Hyrox-Companion/node_modules/@vitest/runner/dist/chunk-hooks.js:1863:10)
              at runTest (file:///C:/Users/russe/Hyrox-Companion/node_modules/@vitest/runner/dist/chunk-hooks.js:1574:12)
              at processTicksAndRejections (node:internal/process/task_queues:105:5)
              at runSuite (file:///C:/Users/russe/Hyrox-Companion/node_modules/@vitest/runner/dist/chunk-hooks.js:1729:8)
              at runSuite (file:///C:/Users/russe/Hyrox-Companion/node_modules/@vitest/runner/dist/chunk-hooks.js:1729:8)
    }
 [32mΓ£ô[39m client/src/components/__tests__/ExerciseInput.test.tsx [2m([22m[2m10 tests[22m[2m)[22m[33m 1377[2mms[22m[39m
   [33m[2mΓ£ô[22m[39m ExerciseInput[2m > [22mMulti-set view (e.g. wall_balls)[2m > [22mrenders the exercise name and default fields [33m 551[2mms[22m[39m
[2026-03-21 18:59:09.179 -0500] [31mERROR[39m: [36mError fetching exercise analytics:[39m
    err: {
      "type": "Error",
      "message": "Database error",
      "stack":
          Error: Database error
              at C:\Users\russe\Hyrox-Companion\server\routes\__tests__\analytics.test.ts:112:74
              at file:///C:/Users/russe/Hyrox-Companion/node_modules/@vitest/runner/dist/chunk-hooks.js:155:11
              at file:///C:/Users/russe/Hyrox-Companion/node_modules/@vitest/runner/dist/chunk-hooks.js:752:26
              at file:///C:/Users/russe/Hyrox-Companion/node_modules/@vitest/runner/dist/chunk-hooks.js:1897:20
              at new Promise (<anonymous>)
              at runWithTimeout (file:///C:/Users/russe/Hyrox-Companion/node_modules/@vitest/runner/dist/chunk-hooks.js:1863:10)
              at runTest (file:///C:/Users/russe/Hyrox-Companion/node_modules/@vitest/runner/dist/chunk-hooks.js:1574:12)
              at processTicksAndRejections (node:internal/process/task_queues:105:5)
              at runSuite (file:///C:/Users/russe/Hyrox-Companion/node_modules/@vitest/runner/dist/chunk-hooks.js:1729:8)
              at runSuite (file:///C:/Users/russe/Hyrox-Companion/node_modules/@vitest/runner/dist/chunk-hooks.js:1729:8)
    }
 [32mΓ£ô[39m server/routes/__tests__/analytics.test.ts [2m([22m[2m17 tests[22m[2m)[22m[33m 1197[2mms[22m[39m
 [32mΓ£ô[39m server/routes/__tests__/ai.test.ts [2m([22m[2m26 tests[22m[2m)[22m[33m 2918[2mms[22m[39m
   [33m[2mΓ£ô[22m[39m POST /api/parse-exercises[2m > [22mshould successfully parse exercises and return them [33m 417[2mms[22m[39m
 [32mΓ£ô[39m client/src/components/__tests__/MetricCard.test.tsx [2m([22m[2m7 tests[22m[2m)[22m[32m 140[2mms[22m[39m
 [32mΓ£ô[39m server/routes/__tests__/email.test.ts [2m([22m[2m5 tests[22m[2m)[22m[32m 56[2mms[22m[39m
 [32mΓ£ô[39m client/src/hooks/__tests__/useWorkoutActions.test.tsx [2m([22m[2m19 tests[22m[2m)[22m[33m 1959[2mms[22m[39m
 [32mΓ£ô[39m client/src/components/__tests__/ChatMessage.test.tsx [2m([22m[2m6 tests[22m[2m)[22m[32m 141[2mms[22m[39m
node.exe : [90mstderr[2m | client/src/components
/timeline/__tests__/TimelineFilters.test.tsx[2m 
> [22m[2mTimelineFilters[2m > 
[22m[2mtriggers onPlanChange with null when 
'All Plans' is selected
At line:1 char:1
+ & "C:\Program Files\nodejs/node.exe" 
"C:\Program Files\nodejs/node_mo ...
+ ~~~~~~~~~~~~~~~~~~~~~~~~~~~~~~~~~~~~~~~~~~~~~~~~
~~~~~~~~~~~~~~~~~~~~~
    + CategoryInfo          : NotSpecified: ([90 
   mstderr[2m...ns' is selected:String) [], Rem  
  oteException
    + FullyQualifiedErrorId : NativeCommandError
 
[22m[39mWarning: An update to PopperContent 
inside a test was not wrapped in act(...).

When testing, code that causes React state 
updates should be wrapped into act(...):

act(() => {
  /* fire events that update state */
});
/* assert on the output */

This ensures that you're testing the behavior the 
user would see in the browser. Learn more at 
https://reactjs.org/link/wrap-tests-with-act
    at file:///C:/Users/russe/Hyrox-Companion/node
_modules/@radix-ui/react-popper/dist/index.mjs:59:
7
    at file:///C:/Users/russe/Hyrox-Companion/node
_modules/@radix-ui/react-select/dist/index.mjs:676
:5
    at file:///C:/Users/russe/Hyrox-Companion/node
_modules/@radix-ui/react-primitive/node_modules/@r
adix-ui/react-slot/dist/index.mjs:33:13
    at file:///C:/Users/russe/Hyrox-Companion/node
_modules/@radix-ui/react-primitive/node_modules/@r
adix-ui/react-slot/dist/index.mjs:9:13
    at file:///C:/Users/russe/Hyrox-Companion/node
_modules/@radix-ui/react-primitive/dist/index.mjs:
28:13
    at file:///C:/Users/russe/Hyrox-Companion/node
_modules/@radix-ui/react-dismissable-layer/dist/in
dex.mjs:24:7
    at file:///C:/Users/russe/Hyrox-Companion/node
_modules/@radix-ui/react-primitive/node_modules/@r
adix-ui/react-slot/dist/index.mjs:33:13
    at file:///C:/Users/russe/Hyrox-Companion/node
_modules/@radix-ui/react-primitive/node_modules/@r
adix-ui/react-slot/dist/index.mjs:9:13
    at file:///C:/Users/russe/Hyrox-Companion/node
_modules/@radix-ui/react-primitive/dist/index.mjs:
28:13
    at file:///C:/Users/russe/Hyrox-Companion/node
_modules/@radix-ui/react-focus-scope/dist/index.mj
s:15:5
    at file:///C:/Users/russe/Hyrox-Companion/node
_modules/@radix-ui/react-select/node_modules/@radi
x-ui/react-slot/dist/index.mjs:33:13
    at file:///C:/Users/russe/Hyrox-Companion/node
_modules/@radix-ui/react-select/node_modules/@radi
x-ui/react-slot/dist/index.mjs:9:13
    at C:\Users\russe\Hyrox-Companion\node_modules
\react-remove-scroll\dist\es5\UI.js:16:21
    at Provider (file:///C:/Users/russe/Hyrox-Comp
anion/node_modules/@radix-ui/react-context/dist/in
dex.mjs:27:15)
    at file:///C:/Users/russe/Hyrox-Companion/node
_modules/@radix-ui/react-select/dist/index.mjs:279
:7
    at file:///C:/Users/russe/Hyrox-Companion/node
_modules/@radix-ui/react-select/dist/index.mjs:256
:58
    at file:///C:/Users/russe/Hyrox-Companion/node
_modules/@radix-ui/react-primitive/node_modules/@r
adix-ui/react-slot/dist/index.mjs:33:13
    at file:///C:/Users/russe/Hyrox-Companion/node
_modules/@radix-ui/react-primitive/node_modules/@r
adix-ui/react-slot/dist/index.mjs:9:13
    at file:///C:/Users/russe/Hyrox-Companion/node
_modules/@radix-ui/react-primitive/dist/index.mjs:
28:13
    at file:///C:/Users/russe/Hyrox-Companion/node
_modules/@radix-ui/react-portal/dist/index.mjs:11:
22
    at SelectPortal
    at C:\Users\russe\Hyrox-Companion\client\src\c
omponents\ui\select.tsx:97:59
    at Provider (file:///C:/Users/russe/Hyrox-Comp
anion/node_modules/@radix-ui/react-context/dist/in
dex.mjs:27:15)
    at Provider (file:///C:/Users/russe/Hyrox-Comp
anion/node_modules/@radix-ui/react-context/dist/in
dex.mjs:27:15)
    at CollectionProvider (file:///C:/Users/russe/
Hyrox-Companion/node_modules/@radix-ui/react-colle
ction/dist/index.mjs:17:13)
    at Provider (file:///C:/Users/russe/Hyrox-Comp
anion/node_modules/@radix-ui/react-context/dist/in
dex.mjs:27:15)
    at Provider (file:///C:/Users/russe/Hyrox-Comp
anion/node_modules/@radix-ui/react-context/dist/in
dex.mjs:27:15)
    at Popper (file:///C:/Users/russe/Hyrox-Compan
ion/node_modules/@radix-ui/react-popper/dist/index
.mjs:30:11)
    at Select (file:///C:/Users/russe/Hyrox-Compan
ion/node_modules/@radix-ui/react-select/dist/index
.mjs:42:5)
    at div
    at PlanSelector (C:\Users\russe\Hyrox-Companio
n\client\src\components\timeline\timeline-filters\
PlanSelector.tsx:12:3)
    at div
    at Provider (file:///C:/Users/russe/Hyrox-Comp
anion/node_modules/@radix-ui/react-context/dist/in
dex.mjs:27:15)
    at TooltipProvider (file:///C:/Users/russe/Hyr
ox-Companion/node_modules/@radix-ui/react-tooltip/
dist/index.mjs:29:5)
    at div
    at C:\Users\russe\Hyrox-Companion\client\src\c
omponents\ui\card.tsx:81:57
    at div
    at C:\Users\russe\Hyrox-Companion\client\src\c
omponents\ui\card.tsx:7:50
    at TimelineFilters (C:\Users\russe\Hyrox-Compa
nion\client\src\components\timeline\timeline-filte
rs\TimelineFilters.tsx:28:3)
Warning: An update to FocusScope inside a test 
was not wrapped in act(...).

When testing, code that causes React state 
updates should be wrapped into act(...):

act(() => {
  /* fire events that update state */
});
/* assert on the output */

This ensures that you're testing the behavior the 
user would see in the browser. Learn more at 
https://reactjs.org/link/wrap-tests-with-act
    at file:///C:/Users/russe/Hyrox-Companion/node
_modules/@radix-ui/react-focus-scope/dist/index.mj
s:15:5
    at file:///C:/Users/russe/Hyrox-Companion/node
_modules/@radix-ui/react-select/node_modules/@radi
x-ui/react-slot/dist/index.mjs:33:13
    at file:///C:/Users/russe/Hyrox-Companion/node
_modules/@radix-ui/react-select/node_modules/@radi
x-ui/react-slot/dist/index.mjs:9:13
    at C:\Users\russe\Hyrox-Companion\node_modules
\react-remove-scroll\dist\es5\UI.js:16:21
    at Provider (file:///C:/Users/russe/Hyrox-Comp
anion/node_modules/@radix-ui/react-context/dist/in
dex.mjs:27:15)
    at file:///C:/Users/russe/Hyrox-Companion/node
_modules/@radix-ui/react-select/dist/index.mjs:279
:7
    at file:///C:/Users/russe/Hyrox-Companion/node
_modules/@radix-ui/react-select/dist/index.mjs:256
:58
    at file:///C:/Users/russe/Hyrox-Companion/node
_modules/@radix-ui/react-primitive/node_modules/@r
adix-ui/react-slot/dist/index.mjs:33:13
    at file:///C:/Users/russe/Hyrox-Companion/node
_modules/@radix-ui/react-primitive/node_modules/@r
adix-ui/react-slot/dist/index.mjs:9:13
    at file:///C:/Users/russe/Hyrox-Companion/node
_modules/@radix-ui/react-primitive/dist/index.mjs:
28:13
    at file:///C:/Users/russe/Hyrox-Companion/node
_modules/@radix-ui/react-portal/dist/index.mjs:11:
22
    at SelectPortal
    at C:\Users\russe\Hyrox-Companion\client\src\c
omponents\ui\select.tsx:97:59
    at Provider (file:///C:/Users/russe/Hyrox-Comp
anion/node_modules/@radix-ui/react-context/dist/in
dex.mjs:27:15)
    at Provider (file:///C:/Users/russe/Hyrox-Comp
anion/node_modules/@radix-ui/react-context/dist/in
dex.mjs:27:15)
    at CollectionProvider (file:///C:/Users/russe/
Hyrox-Companion/node_modules/@radix-ui/react-colle
ction/dist/index.mjs:17:13)
    at Provider (file:///C:/Users/russe/Hyrox-Comp
anion/node_modules/@radix-ui/react-context/dist/in
dex.mjs:27:15)
    at Provider (file:///C:/Users/russe/Hyrox-Comp
anion/node_modules/@radix-ui/react-context/dist/in
dex.mjs:27:15)
    at Popper (file:///C:/Users/russe/Hyrox-Compan
ion/node_modules/@radix-ui/react-popper/dist/index
.mjs:30:11)
    at Select (file:///C:/Users/russe/Hyrox-Compan
ion/node_modules/@radix-ui/react-select/dist/index
.mjs:42:5)
    at div
    at PlanSelector (C:\Users\russe\Hyrox-Companio
n\client\src\components\timeline\timeline-filters\
PlanSelector.tsx:12:3)
    at div
    at Provider (file:///C:/Users/russe/Hyrox-Comp
anion/node_modules/@radix-ui/react-context/dist/in
dex.mjs:27:15)
    at TooltipProvider (file:///C:/Users/russe/Hyr
ox-Companion/node_modules/@radix-ui/react-tooltip/
dist/index.mjs:29:5)
    at div
    at C:\Users\russe\Hyrox-Companion\client\src\c
omponents\ui\card.tsx:81:57
    at div
    at C:\Users\russe\Hyrox-Companion\client\src\c
omponents\ui\card.tsx:7:50
    at TimelineFilters (C:\Users\russe\Hyrox-Compa
nion\client\src\components\timeline\timeline-filte
rs\TimelineFilters.tsx:28:3)
Warning: An update to DismissableLayer inside a 
test was not wrapped in act(...).

When testing, code that causes React state 
updates should be wrapped into act(...):

act(() => {
  /* fire events that update state */
});
/* assert on the output */

This ensures that you're testing the behavior the 
user would see in the browser. Learn more at 
https://reactjs.org/link/wrap-tests-with-act
    at file:///C:/Users/russe/Hyrox-Companion/node
_modules/@radix-ui/react-dismissable-layer/dist/in
dex.mjs:24:7
    at file:///C:/Users/russe/Hyrox-Companion/node
_modules/@radix-ui/react-primitive/node_modules/@r
adix-ui/react-slot/dist/index.mjs:33:13
    at file:///C:/Users/russe/Hyrox-Companion/node
_modules/@radix-ui/react-primitive/node_modules/@r
adix-ui/react-slot/dist/index.mjs:9:13
    at file:///C:/Users/russe/Hyrox-Companion/node
_modules/@radix-ui/react-primitive/dist/index.mjs:
28:13
    at file:///C:/Users/russe/Hyrox-Companion/node
_modules/@radix-ui/react-focus-scope/dist/index.mj
s:15:5
    at file:///C:/Users/russe/Hyrox-Companion/node
_modules/@radix-ui/react-select/node_modules/@radi
x-ui/react-slot/dist/index.mjs:33:13
    at file:///C:/Users/russe/Hyrox-Companion/node
_modules/@radix-ui/react-select/node_modules/@radi
x-ui/react-slot/dist/index.mjs:9:13
    at C:\Users\russe\Hyrox-Companion\node_modules
\react-remove-scroll\dist\es5\UI.js:16:21
    at Provider (file:///C:/Users/russe/Hyrox-Comp
anion/node_modules/@radix-ui/react-context/dist/in
dex.mjs:27:15)
    at file:///C:/Users/russe/Hyrox-Companion/node
_modules/@radix-ui/react-select/dist/index.mjs:279
:7
    at file:///C:/Users/russe/Hyrox-Companion/node
_modules/@radix-ui/react-select/dist/index.mjs:256
:58
    at file:///C:/Users/russe/Hyrox-Companion/node
_modules/@radix-ui/react-primitive/node_modules/@r
adix-ui/react-slot/dist/index.mjs:33:13
    at file:///C:/Users/russe/Hyrox-Companion/node
_modules/@radix-ui/react-primitive/node_modules/@r
adix-ui/react-slot/dist/index.mjs:9:13
    at file:///C:/Users/russe/Hyrox-Companion/node
_modules/@radix-ui/react-primitive/dist/index.mjs:
28:13
    at file:///C:/Users/russe/Hyrox-Companion/node
_modules/@radix-ui/react-portal/dist/index.mjs:11:
22
    at SelectPortal
    at C:\Users\russe\Hyrox-Companion\client\src\c
omponents\ui\select.tsx:97:59
    at Provider (file:///C:/Users/russe/Hyrox-Comp
anion/node_modules/@radix-ui/react-context/dist/in
dex.mjs:27:15)
    at Provider (file:///C:/Users/russe/Hyrox-Comp
anion/node_modules/@radix-ui/react-context/dist/in
dex.mjs:27:15)
    at CollectionProvider (file:///C:/Users/russe/
Hyrox-Companion/node_modules/@radix-ui/react-colle
ction/dist/index.mjs:17:13)
    at Provider (file:///C:/Users/russe/Hyrox-Comp
anion/node_modules/@radix-ui/react-context/dist/in
dex.mjs:27:15)
    at Provider (file:///C:/Users/russe/Hyrox-Comp
anion/node_modules/@radix-ui/react-context/dist/in
dex.mjs:27:15)
    at Popper (file:///C:/Users/russe/Hyrox-Compan
ion/node_modules/@radix-ui/react-popper/dist/index
.mjs:30:11)
    at Select (file:///C:/Users/russe/Hyrox-Compan
ion/node_modules/@radix-ui/react-select/dist/index
.mjs:42:5)
    at div
    at PlanSelector (C:\Users\russe\Hyrox-Companio
n\client\src\components\timeline\timeline-filters\
PlanSelector.tsx:12:3)
    at div
    at Provider (file:///C:/Users/russe/Hyrox-Comp
anion/node_modules/@radix-ui/react-context/dist/in
dex.mjs:27:15)
    at TooltipProvider (file:///C:/Users/russe/Hyr
ox-Companion/node_modules/@radix-ui/react-tooltip/
dist/index.mjs:29:5)
    at div
    at C:\Users\russe\Hyrox-Companion\client\src\c
omponents\ui\card.tsx:81:57
    at div
    at C:\Users\russe\Hyrox-Companion\client\src\c
omponents\ui\card.tsx:7:50
    at TimelineFilters (C:\Users\russe\Hyrox-Compa
nion\client\src\components\timeline\timeline-filte
rs\TimelineFilters.tsx:28:3)
Warning: An update to SelectContentImpl inside a 
test was not wrapped in act(...).

When testing, code that causes React state 
updates should be wrapped into act(...):

act(() => {
  /* fire events that update state */
});
/* assert on the output */

This ensures that you're testing the behavior the 
user would see in the browser. Learn more at 
https://reactjs.org/link/wrap-tests-with-act
    at file:///C:/Users/russe/Hyrox-Companion/node
_modules/@radix-ui/react-select/dist/index.mjs:279
:7
    at file:///C:/Users/russe/Hyrox-Companion/node
_modules/@radix-ui/react-select/dist/index.mjs:256
:58
    at file:///C:/Users/russe/Hyrox-Companion/node
_modules/@radix-ui/react-primitive/node_modules/@r
adix-ui/react-slot/dist/index.mjs:33:13
    at file:///C:/Users/russe/Hyrox-Companion/node
_modules/@radix-ui/react-primitive/node_modules/@r
adix-ui/react-slot/dist/index.mjs:9:13
    at file:///C:/Users/russe/Hyrox-Companion/node
_modules/@radix-ui/react-primitive/dist/index.mjs:
28:13
    at file:///C:/Users/russe/Hyrox-Companion/node
_modules/@radix-ui/react-portal/dist/index.mjs:11:
22
    at SelectPortal
    at C:\Users\russe\Hyrox-Companion\client\src\c
omponents\ui\select.tsx:97:59
    at Provider (file:///C:/Users/russe/Hyrox-Comp
anion/node_modules/@radix-ui/react-context/dist/in
dex.mjs:27:15)
    at Provider (file:///C:/Users/russe/Hyrox-Comp
anion/node_modules/@radix-ui/react-context/dist/in
dex.mjs:27:15)
    at CollectionProvider (file:///C:/Users/russe/
Hyrox-Companion/node_modules/@radix-ui/react-colle
ction/dist/index.mjs:17:13)
    at Provider (file:///C:/Users/russe/Hyrox-Comp
anion/node_modules/@radix-ui/react-context/dist/in
dex.mjs:27:15)
    at Provider (file:///C:/Users/russe/Hyrox-Comp
anion/node_modules/@radix-ui/react-context/dist/in
dex.mjs:27:15)
    at Popper (file:///C:/Users/russe/Hyrox-Compan
ion/node_modules/@radix-ui/react-popper/dist/index
.mjs:30:11)
    at Select (file:///C:/Users/russe/Hyrox-Compan
ion/node_modules/@radix-ui/react-select/dist/index
.mjs:42:5)
    at div
    at PlanSelector (C:\Users\russe\Hyrox-Companio
n\client\src\components\timeline\timeline-filters\
PlanSelector.tsx:12:3)
    at div
    at Provider (file:///C:/Users/russe/Hyrox-Comp
anion/node_modules/@radix-ui/react-context/dist/in
dex.mjs:27:15)
    at TooltipProvider (file:///C:/Users/russe/Hyr
ox-Companion/node_modules/@radix-ui/react-tooltip/
dist/index.mjs:29:5)
    at div
    at C:\Users\russe\Hyrox-Companion\client\src\c
omponents\ui\card.tsx:81:57
    at div
    at C:\Users\russe\Hyrox-Companion\client\src\c
omponents\ui\card.tsx:7:50
    at TimelineFilters (C:\Users\russe\Hyrox-Compa
nion\client\src\components\timeline\timeline-filte
rs\TimelineFilters.tsx:28:3)
Warning: An update to PopperContent inside a test 
was not wrapped in act(...).

When testing, code that causes React state 
updates should be wrapped into act(...):

act(() => {
  /* fire events that update state */
});
/* assert on the output */

This ensures that you're testing the behavior the 
user would see in the browser. Learn more at 
https://reactjs.org/link/wrap-tests-with-act
    at file:///C:/Users/russe/Hyrox-Companion/node
_modules/@radix-ui/react-popper/dist/index.mjs:59:
7
    at file:///C:/Users/russe/Hyrox-Companion/node
_modules/@radix-ui/react-select/dist/index.mjs:676
:5
    at file:///C:/Users/russe/Hyrox-Companion/node
_modules/@radix-ui/react-primitive/node_modules/@r
adix-ui/react-slot/dist/index.mjs:33:13
    at file:///C:/Users/russe/Hyrox-Companion/node
_modules/@radix-ui/react-primitive/node_modules/@r
adix-ui/react-slot/dist/index.mjs:9:13
    at file:///C:/Users/russe/Hyrox-Companion/node
_modules/@radix-ui/react-primitive/dist/index.mjs:
28:13
    at file:///C:/Users/russe/Hyrox-Companion/node
_modules/@radix-ui/react-dismissable-layer/dist/in
dex.mjs:24:7
    at file:///C:/Users/russe/Hyrox-Companion/node
_modules/@radix-ui/react-primitive/node_modules/@r
adix-ui/react-slot/dist/index.mjs:33:13
    at file:///C:/Users/russe/Hyrox-Companion/node
_modules/@radix-ui/react-primitive/node_modules/@r
adix-ui/react-slot/dist/index.mjs:9:13
    at file:///C:/Users/russe/Hyrox-Companion/node
_modules/@radix-ui/react-primitive/dist/index.mjs:
28:13
    at file:///C:/Users/russe/Hyrox-Companion/node
_modules/@radix-ui/react-focus-scope/dist/index.mj
s:15:5
    at file:///C:/Users/russe/Hyrox-Companion/node
_modules/@radix-ui/react-select/node_modules/@radi
x-ui/react-slot/dist/index.mjs:33:13
    at file:///C:/Users/russe/Hyrox-Companion/node
_modules/@radix-ui/react-select/node_modules/@radi
x-ui/react-slot/dist/index.mjs:9:13
    at C:\Users\russe\Hyrox-Companion\node_modules
\react-remove-scroll\dist\es5\UI.js:16:21
    at Provider (file:///C:/Users/russe/Hyrox-Comp
anion/node_modules/@radix-ui/react-context/dist/in
dex.mjs:27:15)
    at file:///C:/Users/russe/Hyrox-Companion/node
_modules/@radix-ui/react-select/dist/index.mjs:279
:7
    at file:///C:/Users/russe/Hyrox-Companion/node
_modules/@radix-ui/react-select/dist/index.mjs:256
:58
    at file:///C:/Users/russe/Hyrox-Companion/node
_modules/@radix-ui/react-primitive/node_modules/@r
adix-ui/react-slot/dist/index.mjs:33:13
    at file:///C:/Users/russe/Hyrox-Companion/node
_modules/@radix-ui/react-primitive/node_modules/@r
adix-ui/react-slot/dist/index.mjs:9:13
    at file:///C:/Users/russe/Hyrox-Companion/node
_modules/@radix-ui/react-primitive/dist/index.mjs:
28:13
    at file:///C:/Users/russe/Hyrox-Companion/node
_modules/@radix-ui/react-portal/dist/index.mjs:11:
22
    at SelectPortal
    at C:\Users\russe\Hyrox-Companion\client\src\c
omponents\ui\select.tsx:97:59
    at Provider (file:///C:/Users/russe/Hyrox-Comp
anion/node_modules/@radix-ui/react-context/dist/in
dex.mjs:27:15)
    at Provider (file:///C:/Users/russe/Hyrox-Comp
anion/node_modules/@radix-ui/react-context/dist/in
dex.mjs:27:15)
    at CollectionProvider (file:///C:/Users/russe/
Hyrox-Companion/node_modules/@radix-ui/react-colle
ction/dist/index.mjs:17:13)
    at Provider (file:///C:/Users/russe/Hyrox-Comp
anion/node_modules/@radix-ui/react-context/dist/in
dex.mjs:27:15)
    at Provider (file:///C:/Users/russe/Hyrox-Comp
anion/node_modules/@radix-ui/react-context/dist/in
dex.mjs:27:15)
    at Popper (file:///C:/Users/russe/Hyrox-Compan
ion/node_modules/@radix-ui/react-popper/dist/index
.mjs:30:11)
    at Select (file:///C:/Users/russe/Hyrox-Compan
ion/node_modules/@radix-ui/react-select/dist/index
.mjs:42:5)
    at div
    at PlanSelector (C:\Users\russe\Hyrox-Companio
n\client\src\components\timeline\timeline-filters\
PlanSelector.tsx:12:3)
    at div
    at Provider (file:///C:/Users/russe/Hyrox-Comp
anion/node_modules/@radix-ui/react-context/dist/in
dex.mjs:27:15)
    at TooltipProvider (file:///C:/Users/russe/Hyr
ox-Companion/node_modules/@radix-ui/react-tooltip/
dist/index.mjs:29:5)
    at div
    at C:\Users\russe\Hyrox-Companion\client\src\c
omponents\ui\card.tsx:81:57
    at div
    at C:\Users\russe\Hyrox-Companion\client\src\c
omponents\ui\card.tsx:7:50
    at TimelineFilters (C:\Users\russe\Hyrox-Compa
nion\client\src\components\timeline\timeline-filte
rs\TimelineFilters.tsx:28:3)
Warning: An update to FocusScope inside a test 
was not wrapped in act(...).

When testing, code that causes React state 
updates should be wrapped into act(...):

act(() => {
  /* fire events that update state */
});
/* assert on the output */

This ensures that you're testing the behavior the 
user would see in the browser. Learn more at 
https://reactjs.org/link/wrap-tests-with-act
    at file:///C:/Users/russe/Hyrox-Companion/node
_modules/@radix-ui/react-focus-scope/dist/index.mj
s:15:5
    at file:///C:/Users/russe/Hyrox-Companion/node
_modules/@radix-ui/react-select/node_modules/@radi
x-ui/react-slot/dist/index.mjs:33:13
    at file:///C:/Users/russe/Hyrox-Companion/node
_modules/@radix-ui/react-select/node_modules/@radi
x-ui/react-slot/dist/index.mjs:9:13
    at C:\Users\russe\Hyrox-Companion\node_modules
\react-remove-scroll\dist\es5\UI.js:16:21
    at Provider (file:///C:/Users/russe/Hyrox-Comp
anion/node_modules/@radix-ui/react-context/dist/in
dex.mjs:27:15)
    at file:///C:/Users/russe/Hyrox-Companion/node
_modules/@radix-ui/react-select/dist/index.mjs:279
:7
    at file:///C:/Users/russe/Hyrox-Companion/node
_modules/@radix-ui/react-select/dist/index.mjs:256
:58
    at file:///C:/Users/russe/Hyrox-Companion/node
_modules/@radix-ui/react-primitive/node_modules/@r
adix-ui/react-slot/dist/index.mjs:33:13
    at file:///C:/Users/russe/Hyrox-Companion/node
_modules/@radix-ui/react-primitive/node_modules/@r
adix-ui/react-slot/dist/index.mjs:9:13
    at file:///C:/Users/russe/Hyrox-Companion/node
_modules/@radix-ui/react-primitive/dist/index.mjs:
28:13
    at file:///C:/Users/russe/Hyrox-Companion/node
_modules/@radix-ui/react-portal/dist/index.mjs:11:
22
    at SelectPortal
    at C:\Users\russe\Hyrox-Companion\client\src\c
omponents\ui\select.tsx:97:59
    at Provider (file:///C:/Users/russe/Hyrox-Comp
anion/node_modules/@radix-ui/react-context/dist/in
dex.mjs:27:15)
    at Provider (file:///C:/Users/russe/Hyrox-Comp
anion/node_modules/@radix-ui/react-context/dist/in
dex.mjs:27:15)
    at CollectionProvider (file:///C:/Users/russe/
Hyrox-Companion/node_modules/@radix-ui/react-colle
ction/dist/index.mjs:17:13)
    at Provider (file:///C:/Users/russe/Hyrox-Comp
anion/node_modules/@radix-ui/react-context/dist/in
dex.mjs:27:15)
    at Provider (file:///C:/Users/russe/Hyrox-Comp
anion/node_modules/@radix-ui/react-context/dist/in
dex.mjs:27:15)
    at Popper (file:///C:/Users/russe/Hyrox-Compan
ion/node_modules/@radix-ui/react-popper/dist/index
.mjs:30:11)
    at Select (file:///C:/Users/russe/Hyrox-Compan
ion/node_modules/@radix-ui/react-select/dist/index
.mjs:42:5)
    at div
    at PlanSelector (C:\Users\russe\Hyrox-Companio
n\client\src\components\timeline\timeline-filters\
PlanSelector.tsx:12:3)
    at div
    at Provider (file:///C:/Users/russe/Hyrox-Comp
anion/node_modules/@radix-ui/react-context/dist/in
dex.mjs:27:15)
    at TooltipProvider (file:///C:/Users/russe/Hyr
ox-Companion/node_modules/@radix-ui/react-tooltip/
dist/index.mjs:29:5)
    at div
    at C:\Users\russe\Hyrox-Companion\client\src\c
omponents\ui\card.tsx:81:57
    at div
    at C:\Users\russe\Hyrox-Companion\client\src\c
omponents\ui\card.tsx:7:50
    at TimelineFilters (C:\Users\russe\Hyrox-Compa
nion\client\src\components\timeline\timeline-filte
rs\TimelineFilters.tsx:28:3)
Warning: An update to DismissableLayer inside a 
test was not wrapped in act(...).

When testing, code that causes React state 
updates should be wrapped into act(...):

act(() => {
  /* fire events that update state */
});
/* assert on the output */

This ensures that you're testing the behavior the 
user would see in the browser. Learn more at 
https://reactjs.org/link/wrap-tests-with-act
    at file:///C:/Users/russe/Hyrox-Companion/node
_modules/@radix-ui/react-dismissable-layer/dist/in
dex.mjs:24:7
    at file:///C:/Users/russe/Hyrox-Companion/node
_modules/@radix-ui/react-primitive/node_modules/@r
adix-ui/react-slot/dist/index.mjs:33:13
    at file:///C:/Users/russe/Hyrox-Companion/node
_modules/@radix-ui/react-primitive/node_modules/@r
adix-ui/react-slot/dist/index.mjs:9:13
    at file:///C:/Users/russe/Hyrox-Companion/node
_modules/@radix-ui/react-primitive/dist/index.mjs:
28:13
    at file:///C:/Users/russe/Hyrox-Companion/node
_modules/@radix-ui/react-focus-scope/dist/index.mj
s:15:5
    at file:///C:/Users/russe/Hyrox-Companion/node
_modules/@radix-ui/react-select/node_modules/@radi
x-ui/react-slot/dist/index.mjs:33:13
    at file:///C:/Users/russe/Hyrox-Companion/node
_modules/@radix-ui/react-select/node_modules/@radi
x-ui/react-slot/dist/index.mjs:9:13
    at C:\Users\russe\Hyrox-Companion\node_modules
\react-remove-scroll\dist\es5\UI.js:16:21
    at Provider (file:///C:/Users/russe/Hyrox-Comp
anion/node_modules/@radix-ui/react-context/dist/in
dex.mjs:27:15)
    at file:///C:/Users/russe/Hyrox-Companion/node
_modules/@radix-ui/react-select/dist/index.mjs:279
:7
    at file:///C:/Users/russe/Hyrox-Companion/node
_modules/@radix-ui/react-select/dist/index.mjs:256
:58
    at file:///C:/Users/russe/Hyrox-Companion/node
_modules/@radix-ui/react-primitive/node_modules/@r
adix-ui/react-slot/dist/index.mjs:33:13
    at file:///C:/Users/russe/Hyrox-Companion/node
_modules/@radix-ui/react-primitive/node_modules/@r
adix-ui/react-slot/dist/index.mjs:9:13
    at file:///C:/Users/russe/Hyrox-Companion/node
_modules/@radix-ui/react-primitive/dist/index.mjs:
28:13
    at file:///C:/Users/russe/Hyrox-Companion/node
_modules/@radix-ui/react-portal/dist/index.mjs:11:
22
    at SelectPortal
    at C:\Users\russe\Hyrox-Companion\client\src\c
omponents\ui\select.tsx:97:59
    at Provider (file:///C:/Users/russe/Hyrox-Comp
anion/node_modules/@radix-ui/react-context/dist/in
dex.mjs:27:15)
    at Provider (file:///C:/Users/russe/Hyrox-Comp
anion/node_modules/@radix-ui/react-context/dist/in
dex.mjs:27:15)
    at CollectionProvider (file:///C:/Users/russe/
Hyrox-Companion/node_modules/@radix-ui/react-colle
ction/dist/index.mjs:17:13)
    at Provider (file:///C:/Users/russe/Hyrox-Comp
anion/node_modules/@radix-ui/react-context/dist/in
dex.mjs:27:15)
    at Provider (file:///C:/Users/russe/Hyrox-Comp
anion/node_modules/@radix-ui/react-context/dist/in
dex.mjs:27:15)
    at Popper (file:///C:/Users/russe/Hyrox-Compan
ion/node_modules/@radix-ui/react-popper/dist/index
.mjs:30:11)
    at Select (file:///C:/Users/russe/Hyrox-Compan
ion/node_modules/@radix-ui/react-select/dist/index
.mjs:42:5)
    at div
    at PlanSelector (C:\Users\russe\Hyrox-Companio
n\client\src\components\timeline\timeline-filters\
PlanSelector.tsx:12:3)
    at div
    at Provider (file:///C:/Users/russe/Hyrox-Comp
anion/node_modules/@radix-ui/react-context/dist/in
dex.mjs:27:15)
    at TooltipProvider (file:///C:/Users/russe/Hyr
ox-Companion/node_modules/@radix-ui/react-tooltip/
dist/index.mjs:29:5)
    at div
    at C:\Users\russe\Hyrox-Companion\client\src\c
omponents\ui\card.tsx:81:57
    at div
    at C:\Users\russe\Hyrox-Companion\client\src\c
omponents\ui\card.tsx:7:50
    at TimelineFilters (C:\Users\russe\Hyrox-Compa
nion\client\src\components\timeline\timeline-filte
rs\TimelineFilters.tsx:28:3)
Warning: An update to SelectContentImpl inside a 
test was not wrapped in act(...).

When testing, code that causes React state 
updates should be wrapped into act(...):

act(() => {
  /* fire events that update state */
});
/* assert on the output */

This ensures that you're testing the behavior the 
user would see in the browser. Learn more at 
https://reactjs.org/link/wrap-tests-with-act
    at file:///C:/Users/russe/Hyrox-Companion/node
_modules/@radix-ui/react-select/dist/index.mjs:279
:7
    at file:///C:/Users/russe/Hyrox-Companion/node
_modules/@radix-ui/react-select/dist/index.mjs:256
:58
    at file:///C:/Users/russe/Hyrox-Companion/node
_modules/@radix-ui/react-primitive/node_modules/@r
adix-ui/react-slot/dist/index.mjs:33:13
    at file:///C:/Users/russe/Hyrox-Companion/node
_modules/@radix-ui/react-primitive/node_modules/@r
adix-ui/react-slot/dist/index.mjs:9:13
    at file:///C:/Users/russe/Hyrox-Companion/node
_modules/@radix-ui/react-primitive/dist/index.mjs:
28:13
    at file:///C:/Users/russe/Hyrox-Companion/node
_modules/@radix-ui/react-portal/dist/index.mjs:11:
22
    at SelectPortal
    at C:\Users\russe\Hyrox-Companion\client\src\c
omponents\ui\select.tsx:97:59
    at Provider (file:///C:/Users/russe/Hyrox-Comp
anion/node_modules/@radix-ui/react-context/dist/in
dex.mjs:27:15)
    at Provider (file:///C:/Users/russe/Hyrox-Comp
anion/node_modules/@radix-ui/react-context/dist/in
dex.mjs:27:15)
    at CollectionProvider (file:///C:/Users/russe/
Hyrox-Companion/node_modules/@radix-ui/react-colle
ction/dist/index.mjs:17:13)
    at Provider (file:///C:/Users/russe/Hyrox-Comp
anion/node_modules/@radix-ui/react-context/dist/in
dex.mjs:27:15)
    at Provider (file:///C:/Users/russe/Hyrox-Comp
anion/node_modules/@radix-ui/react-context/dist/in
dex.mjs:27:15)
    at Popper (file:///C:/Users/russe/Hyrox-Compan
ion/node_modules/@radix-ui/react-popper/dist/index
.mjs:30:11)
    at Select (file:///C:/Users/russe/Hyrox-Compan
ion/node_modules/@radix-ui/react-select/dist/index
.mjs:42:5)
    at div
    at PlanSelector (C:\Users\russe\Hyrox-Companio
n\client\src\components\timeline\timeline-filters\
PlanSelector.tsx:12:3)
    at div
    at Provider (file:///C:/Users/russe/Hyrox-Comp
anion/node_modules/@radix-ui/react-context/dist/in
dex.mjs:27:15)
    at TooltipProvider (file:///C:/Users/russe/Hyr
ox-Companion/node_modules/@radix-ui/react-tooltip/
dist/index.mjs:29:5)
    at div
    at C:\Users\russe\Hyrox-Companion\client\src\c
omponents\ui\card.tsx:81:57
    at div
    at C:\Users\russe\Hyrox-Companion\client\src\c
omponents\ui\card.tsx:7:50
    at TimelineFilters (C:\Users\russe\Hyrox-Compa
nion\client\src\components\timeline\timeline-filte
rs\TimelineFilters.tsx:28:3)
Warning: An update to PopperContent inside a test 
was not wrapped in act(...).

When testing, code that causes React state 
updates should be wrapped into act(...):

act(() => {
  /* fire events that update state */
});
/* assert on the output */

This ensures that you're testing the behavior the 
user would see in the browser. Learn more at 
https://reactjs.org/link/wrap-tests-with-act
    at file:///C:/Users/russe/Hyrox-Companion/node
_modules/@radix-ui/react-popper/dist/index.mjs:59:
7
    at file:///C:/Users/russe/Hyrox-Companion/node
_modules/@radix-ui/react-select/dist/index.mjs:676
:5
    at file:///C:/Users/russe/Hyrox-Companion/node
_modules/@radix-ui/react-primitive/node_modules/@r
adix-ui/react-slot/dist/index.mjs:33:13
    at file:///C:/Users/russe/Hyrox-Companion/node
_modules/@radix-ui/react-primitive/node_modules/@r
adix-ui/react-slot/dist/index.mjs:9:13
    at file:///C:/Users/russe/Hyrox-Companion/node
_modules/@radix-ui/react-primitive/dist/index.mjs:
28:13
    at file:///C:/Users/russe/Hyrox-Companion/node
_modules/@radix-ui/react-dismissable-layer/dist/in
dex.mjs:24:7
    at file:///C:/Users/russe/Hyrox-Companion/node
_modules/@radix-ui/react-primitive/node_modules/@r
adix-ui/react-slot/dist/index.mjs:33:13
    at file:///C:/Users/russe/Hyrox-Companion/node
_modules/@radix-ui/react-primitive/node_modules/@r
adix-ui/react-slot/dist/index.mjs:9:13
    at file:///C:/Users/russe/Hyrox-Companion/node
_modules/@radix-ui/react-primitive/dist/index.mjs:
28:13
    at file:///C:/Users/russe/Hyrox-Companion/node
_modules/@radix-ui/react-focus-scope/dist/index.mj
s:15:5
    at file:///C:/Users/russe/Hyrox-Companion/node
_modules/@radix-ui/react-select/node_modules/@radi
x-ui/react-slot/dist/index.mjs:33:13
    at file:///C:/Users/russe/Hyrox-Companion/node
_modules/@radix-ui/react-select/node_modules/@radi
x-ui/react-slot/dist/index.mjs:9:13
    at C:\Users\russe\Hyrox-Companion\node_modules
\react-remove-scroll\dist\es5\UI.js:16:21
    at Provider (file:///C:/Users/russe/Hyrox-Comp
anion/node_modules/@radix-ui/react-context/dist/in
dex.mjs:27:15)
    at file:///C:/Users/russe/Hyrox-Companion/node
_modules/@radix-ui/react-select/dist/index.mjs:279
:7
    at file:///C:/Users/russe/Hyrox-Companion/node
_modules/@radix-ui/react-select/dist/index.mjs:256
:58
    at file:///C:/Users/russe/Hyrox-Companion/node
_modules/@radix-ui/react-primitive/node_modules/@r
adix-ui/react-slot/dist/index.mjs:33:13
    at file:///C:/Users/russe/Hyrox-Companion/node
_modules/@radix-ui/react-primitive/node_modules/@r
adix-ui/react-slot/dist/index.mjs:9:13
    at file:///C:/Users/russe/Hyrox-Companion/node
_modules/@radix-ui/react-primitive/dist/index.mjs:
28:13
    at file:///C:/Users/russe/Hyrox-Companion/node
_modules/@radix-ui/react-portal/dist/index.mjs:11:
22
    at SelectPortal
    at C:\Users\russe\Hyrox-Companion\client\src\c
omponents\ui\select.tsx:97:59
    at Provider (file:///C:/Users/russe/Hyrox-Comp
anion/node_modules/@radix-ui/react-context/dist/in
dex.mjs:27:15)
    at Provider (file:///C:/Users/russe/Hyrox-Comp
anion/node_modules/@radix-ui/react-context/dist/in
dex.mjs:27:15)
    at CollectionProvider (file:///C:/Users/russe/
Hyrox-Companion/node_modules/@radix-ui/react-colle
ction/dist/index.mjs:17:13)
    at Provider (file:///C:/Users/russe/Hyrox-Comp
anion/node_modules/@radix-ui/react-context/dist/in
dex.mjs:27:15)
    at Provider (file:///C:/Users/russe/Hyrox-Comp
anion/node_modules/@radix-ui/react-context/dist/in
dex.mjs:27:15)
    at Popper (file:///C:/Users/russe/Hyrox-Compan
ion/node_modules/@radix-ui/react-popper/dist/index
.mjs:30:11)
    at Select (file:///C:/Users/russe/Hyrox-Compan
ion/node_modules/@radix-ui/react-select/dist/index
.mjs:42:5)
    at div
    at PlanSelector (C:\Users\russe\Hyrox-Companio
n\client\src\components\timeline\timeline-filters\
PlanSelector.tsx:12:3)
    at div
    at Provider (file:///C:/Users/russe/Hyrox-Comp
anion/node_modules/@radix-ui/react-context/dist/in
dex.mjs:27:15)
    at TooltipProvider (file:///C:/Users/russe/Hyr
ox-Companion/node_modules/@radix-ui/react-tooltip/
dist/index.mjs:29:5)
    at div
    at C:\Users\russe\Hyrox-Companion\client\src\c
omponents\ui\card.tsx:81:57
    at div
    at C:\Users\russe\Hyrox-Companion\client\src\c
omponents\ui\card.tsx:7:50
    at TimelineFilters (C:\Users\russe\Hyrox-Compa
nion\client\src\components\timeline\timeline-filte
rs\TimelineFilters.tsx:28:3)
Warning: An update to SelectContentImpl inside a 
test was not wrapped in act(...).

When testing, code that causes React state 
updates should be wrapped into act(...):

act(() => {
  /* fire events that update state */
});
/* assert on the output */

This ensures that you're testing the behavior the 
user would see in the browser. Learn more at 
https://reactjs.org/link/wrap-tests-with-act
    at file:///C:/Users/russe/Hyrox-Companion/node
_modules/@radix-ui/react-select/dist/index.mjs:279
:7
    at file:///C:/Users/russe/Hyrox-Companion/node
_modules/@radix-ui/react-select/dist/index.mjs:256
:58
    at file:///C:/Users/russe/Hyrox-Companion/node
_modules/@radix-ui/react-primitive/node_modules/@r
adix-ui/react-slot/dist/index.mjs:33:13
    at file:///C:/Users/russe/Hyrox-Companion/node
_modules/@radix-ui/react-primitive/node_modules/@r
adix-ui/react-slot/dist/index.mjs:9:13
    at file:///C:/Users/russe/Hyrox-Companion/node
_modules/@radix-ui/react-primitive/dist/index.mjs:
28:13
    at file:///C:/Users/russe/Hyrox-Companion/node
_modules/@radix-ui/react-portal/dist/index.mjs:11:
22
    at SelectPortal
    at C:\Users\russe\Hyrox-Companion\client\src\c
omponents\ui\select.tsx:97:59
    at Provider (file:///C:/Users/russe/Hyrox-Comp
anion/node_modules/@radix-ui/react-context/dist/in
dex.mjs:27:15)
    at Provider (file:///C:/Users/russe/Hyrox-Comp
anion/node_modules/@radix-ui/react-context/dist/in
dex.mjs:27:15)
    at CollectionProvider (file:///C:/Users/russe/
Hyrox-Companion/node_modules/@radix-ui/react-colle
ction/dist/index.mjs:17:13)
    at Provider (file:///C:/Users/russe/Hyrox-Comp
anion/node_modules/@radix-ui/react-context/dist/in
dex.mjs:27:15)
    at Provider (file:///C:/Users/russe/Hyrox-Comp
anion/node_modules/@radix-ui/react-context/dist/in
dex.mjs:27:15)
    at Popper (file:///C:/Users/russe/Hyrox-Compan
ion/node_modules/@radix-ui/react-popper/dist/index
.mjs:30:11)
    at Select (file:///C:/Users/russe/Hyrox-Compan
ion/node_modules/@radix-ui/react-select/dist/index
.mjs:42:5)
    at div
    at PlanSelector (C:\Users\russe\Hyrox-Companio
n\client\src\components\timeline\timeline-filters\
PlanSelector.tsx:12:3)
    at div
    at Provider (file:///C:/Users/russe/Hyrox-Comp
anion/node_modules/@radix-ui/react-context/dist/in
dex.mjs:27:15)
    at TooltipProvider (file:///C:/Users/russe/Hyr
ox-Companion/node_modules/@radix-ui/react-tooltip/
dist/index.mjs:29:5)
    at div
    at C:\Users\russe\Hyrox-Companion\client\src\c
omponents\ui\card.tsx:81:57
    at div
    at C:\Users\russe\Hyrox-Companion\client\src\c
omponents\ui\card.tsx:7:50
    at TimelineFilters (C:\Users\russe\Hyrox-Compa
nion\client\src\components\timeline\timeline-filte
rs\TimelineFilters.tsx:28:3)
Warning: An update to SelectItemText inside a 
test was not wrapped in act(...).

When testing, code that causes React state 
updates should be wrapped into act(...):

act(() => {
  /* fire events that update state */
});
/* assert on the output */

This ensures that you're testing the behavior the 
user would see in the browser. Learn more at 
https://reactjs.org/link/wrap-tests-with-act
    at file:///C:/Users/russe/Hyrox-Companion/node
_modules/@radix-ui/react-select/dist/index.mjs:901
:13
    at div
    at file:///C:/Users/russe/Hyrox-Companion/node
_modules/@radix-ui/react-primitive/dist/index.mjs:
28:13
    at file:///C:/Users/russe/Hyrox-Companion/node
_modules/@radix-ui/react-collection/node_modules/@
radix-ui/react-slot/dist/index.mjs:33:13
    at file:///C:/Users/russe/Hyrox-Companion/node
_modules/@radix-ui/react-collection/node_modules/@
radix-ui/react-slot/dist/index.mjs:9:13
    at file:///C:/Users/russe/Hyrox-Companion/node
_modules/@radix-ui/react-collection/dist/index.mjs
:39:15
    at Provider (file:///C:/Users/russe/Hyrox-Comp
anion/node_modules/@radix-ui/react-context/dist/in
dex.mjs:27:15)
    at file:///C:/Users/russe/Hyrox-Companion/node
_modules/@radix-ui/react-select/dist/index.mjs:800
:7
    at C:\Users\russe\Hyrox-Companion\client\src\c
omponents\ui\select.tsx:170:56
    at div
    at file:///C:/Users/russe/Hyrox-Companion/node
_modules/@radix-ui/react-primitive/dist/index.mjs:
28:13
    at file:///C:/Users/russe/Hyrox-Companion/node
_modules/@radix-ui/react-collection/node_modules/@
radix-ui/react-slot/dist/index.mjs:33:13
    at file:///C:/Users/russe/Hyrox-Companion/node
_modules/@radix-ui/react-collection/node_modules/@
radix-ui/react-slot/dist/index.mjs:9:13
    at file:///C:/Users/russe/Hyrox-Companion/node
_modules/@radix-ui/react-collection/dist/index.mjs
:27:15
    at file:///C:/Users/russe/Hyrox-Companion/node
_modules/@radix-ui/react-select/dist/index.mjs:711
:13
    at div
    at file:///C:/Users/russe/Hyrox-Companion/node
_modules/@radix-ui/react-primitive/dist/index.mjs:
28:13
    at Provider (file:///C:/Users/russe/Hyrox-Comp
anion/node_modules/@radix-ui/react-context/dist/in
dex.mjs:27:15)
    at div
    at file:///C:/Users/russe/Hyrox-Companion/node
_modules/@radix-ui/react-popper/dist/index.mjs:59:
7
    at file:///C:/Users/russe/Hyrox-Companion/node
_modules/@radix-ui/react-select/dist/index.mjs:676
:5
    at file:///C:/Users/russe/Hyrox-Companion/node
_modules/@radix-ui/react-primitive/node_modules/@r
adix-ui/react-slot/dist/index.mjs:33:13
    at file:///C:/Users/russe/Hyrox-Companion/node
_modules/@radix-ui/react-primitive/node_modules/@r
adix-ui/react-slot/dist/index.mjs:9:13
    at file:///C:/Users/russe/Hyrox-Companion/node
_modules/@radix-ui/react-primitive/dist/index.mjs:
28:13
    at file:///C:/Users/russe/Hyrox-Companion/node
_modules/@radix-ui/react-dismissable-layer/dist/in
dex.mjs:24:7
    at file:///C:/Users/russe/Hyrox-Companion/node
_modules/@radix-ui/react-primitive/node_modules/@r
adix-ui/react-slot/dist/index.mjs:33:13
    at file:///C:/Users/russe/Hyrox-Companion/node
_modules/@radix-ui/react-primitive/node_modules/@r
adix-ui/react-slot/dist/index.mjs:9:13
    at file:///C:/Users/russe/Hyrox-Companion/node
_modules/@radix-ui/react-primitive/dist/index.mjs:
28:13
    at file:///C:/Users/russe/Hyrox-Companion/node
_modules/@radix-ui/react-focus-scope/dist/index.mj
s:15:5
    at file:///C:/Users/russe/Hyrox-Companion/node
_modules/@radix-ui/react-select/node_modules/@radi
x-ui/react-slot/dist/index.mjs:33:13
    at file:///C:/Users/russe/Hyrox-Companion/node
_modules/@radix-ui/react-select/node_modules/@radi
x-ui/react-slot/dist/index.mjs:9:13
    at C:\Users\russe\Hyrox-Companion\node_modules
\react-remove-scroll\dist\es5\UI.js:16:21
    at Provider (file:///C:/Users/russe/Hyrox-Comp
anion/node_modules/@radix-ui/react-context/dist/in
dex.mjs:27:15)
    at file:///C:/Users/russe/Hyrox-Companion/node
_modules/@radix-ui/react-select/dist/index.mjs:279
:7
    at file:///C:/Users/russe/Hyrox-Companion/node
_modules/@radix-ui/react-select/dist/index.mjs:256
:58
    at file:///C:/Users/russe/Hyrox-Companion/node
_modules/@radix-ui/react-primitive/node_modules/@r
adix-ui/react-slot/dist/index.mjs:33:13
    at file:///C:/Users/russe/Hyrox-Companion/node
_modules/@radix-ui/react-primitive/node_modules/@r
adix-ui/react-slot/dist/index.mjs:9:13
    at file:///C:/Users/russe/Hyrox-Companion/node
_modules/@radix-ui/react-primitive/dist/index.mjs:
28:13
    at file:///C:/Users/russe/Hyrox-Companion/node
_modules/@radix-ui/react-portal/dist/index.mjs:11:
22
    at SelectPortal
    at C:\Users\russe\Hyrox-Companion\client\src\c
omponents\ui\select.tsx:97:59
    at Provider (file:///C:/Users/russe/Hyrox-Comp
anion/node_modules/@radix-ui/react-context/dist/in
dex.mjs:27:15)
    at Provider (file:///C:/Users/russe/Hyrox-Comp
anion/node_modules/@radix-ui/react-context/dist/in
dex.mjs:27:15)
    at CollectionProvider (file:///C:/Users/russe/
Hyrox-Companion/node_modules/@radix-ui/react-colle
ction/dist/index.mjs:17:13)
    at Provider (file:///C:/Users/russe/Hyrox-Comp
anion/node_modules/@radix-ui/react-context/dist/in
dex.mjs:27:15)
    at Provider (file:///C:/Users/russe/Hyrox-Comp
anion/node_modules/@radix-ui/react-context/dist/in
dex.mjs:27:15)
    at Popper (file:///C:/Users/russe/Hyrox-Compan
ion/node_modules/@radix-ui/react-popper/dist/index
.mjs:30:11)
    at Select (file:///C:/Users/russe/Hyrox-Compan
ion/node_modules/@radix-ui/react-select/dist/index
.mjs:42:5)
    at div
    at PlanSelector (C:\Users\russe\Hyrox-Companio
n\client\src\components\timeline\timeline-filters\
PlanSelector.tsx:12:3)
    at div
    at Provider (file:///C:/Users/russe/Hyrox-Comp
anion/node_modules/@radix-ui/react-context/dist/in
dex.mjs:27:15)
    at TooltipProvider (file:///C:/Users/russe/Hyr
ox-Companion/node_modules/@radix-ui/react-tooltip/
dist/index.mjs:29:5)
    at div
    at C:\Users\russe\Hyrox-Companion\client\src\c
omponents\ui\card.tsx:81:57
    at div
    at C:\Users\russe\Hyrox-Companion\client\src\c
omponents\ui\card.tsx:7:50
    at TimelineFilters (C:\Users\russe\Hyrox-Compa
nion\client\src\components\timeline\timeline-filte
rs\TimelineFilters.tsx:28:3)
Warning: An update to SelectItem inside a test 
was not wrapped in act(...).

When testing, code that causes React state 
updates should be wrapped into act(...):

act(() => {
  /* fire events that update state */
});
/* assert on the output */

This ensures that you're testing the behavior the 
user would see in the browser. Learn more at 
https://reactjs.org/link/wrap-tests-with-act
    at file:///C:/Users/russe/Hyrox-Companion/node
_modules/@radix-ui/react-select/dist/index.mjs:800
:7
    at C:\Users\russe\Hyrox-Companion\client\src\c
omponents\ui\select.tsx:170:56
    at div
    at file:///C:/Users/russe/Hyrox-Companion/node
_modules/@radix-ui/react-primitive/dist/index.mjs:
28:13
    at file:///C:/Users/russe/Hyrox-Companion/node
_modules/@radix-ui/react-collection/node_modules/@
radix-ui/react-slot/dist/index.mjs:33:13
    at file:///C:/Users/russe/Hyrox-Companion/node
_modules/@radix-ui/react-collection/node_modules/@
radix-ui/react-slot/dist/index.mjs:9:13
    at file:///C:/Users/russe/Hyrox-Companion/node
_modules/@radix-ui/react-collection/dist/index.mjs
:27:15
    at file:///C:/Users/russe/Hyrox-Companion/node
_modules/@radix-ui/react-select/dist/index.mjs:711
:13
    at div
    at file:///C:/Users/russe/Hyrox-Companion/node
_modules/@radix-ui/react-primitive/dist/index.mjs:
28:13
    at Provider (file:///C:/Users/russe/Hyrox-Comp
anion/node_modules/@radix-ui/react-context/dist/in
dex.mjs:27:15)
    at div
    at file:///C:/Users/russe/Hyrox-Companion/node
_modules/@radix-ui/react-popper/dist/index.mjs:59:
7
    at file:///C:/Users/russe/Hyrox-Companion/node
_modules/@radix-ui/react-select/dist/index.mjs:676
:5
    at file:///C:/Users/russe/Hyrox-Companion/node
_modules/@radix-ui/react-primitive/node_modules/@r
adix-ui/react-slot/dist/index.mjs:33:13
    at file:///C:/Users/russe/Hyrox-Companion/node
_modules/@radix-ui/react-primitive/node_modules/@r
adix-ui/react-slot/dist/index.mjs:9:13
    at file:///C:/Users/russe/Hyrox-Companion/node
_modules/@radix-ui/react-primitive/dist/index.mjs:
28:13
    at file:///C:/Users/russe/Hyrox-Companion/node
_modules/@radix-ui/react-dismissable-layer/dist/in
dex.mjs:24:7
    at file:///C:/Users/russe/Hyrox-Companion/node
_modules/@radix-ui/react-primitive/node_modules/@r
adix-ui/react-slot/dist/index.mjs:33:13
    at file:///C:/Users/russe/Hyrox-Companion/node
_modules/@radix-ui/react-primitive/node_modules/@r
adix-ui/react-slot/dist/index.mjs:9:13
    at file:///C:/Users/russe/Hyrox-Companion/node
_modules/@radix-ui/react-primitive/dist/index.mjs:
28:13
    at file:///C:/Users/russe/Hyrox-Companion/node
_modules/@radix-ui/react-focus-scope/dist/index.mj
s:15:5
    at file:///C:/Users/russe/Hyrox-Companion/node
_modules/@radix-ui/react-select/node_modules/@radi
x-ui/react-slot/dist/index.mjs:33:13
    at file:///C:/Users/russe/Hyrox-Companion/node
_modules/@radix-ui/react-select/node_modules/@radi
x-ui/react-slot/dist/index.mjs:9:13
    at C:\Users\russe\Hyrox-Companion\node_modules
\react-remove-scroll\dist\es5\UI.js:16:21
    at Provider (file:///C:/Users/russe/Hyrox-Comp
anion/node_modules/@radix-ui/react-context/dist/in
dex.mjs:27:15)
    at file:///C:/Users/russe/Hyrox-Companion/node
_modules/@radix-ui/react-select/dist/index.mjs:279
:7
    at file:///C:/Users/russe/Hyrox-Companion/node
_modules/@radix-ui/react-select/dist/index.mjs:256
:58
    at file:///C:/Users/russe/Hyrox-Companion/node
_modules/@radix-ui/react-primitive/node_modules/@r
adix-ui/react-slot/dist/index.mjs:33:13
    at file:///C:/Users/russe/Hyrox-Companion/node
_modules/@radix-ui/react-primitive/node_modules/@r
adix-ui/react-slot/dist/index.mjs:9:13
    at file:///C:/Users/russe/Hyrox-Companion/node
_modules/@radix-ui/react-primitive/dist/index.mjs:
28:13
    at file:///C:/Users/russe/Hyrox-Companion/node
_modules/@radix-ui/react-portal/dist/index.mjs:11:
22
    at SelectPortal
    at C:\Users\russe\Hyrox-Companion\client\src\c
omponents\ui\select.tsx:97:59
    at Provider (file:///C:/Users/russe/Hyrox-Comp
anion/node_modules/@radix-ui/react-context/dist/in
dex.mjs:27:15)
    at Provider (file:///C:/Users/russe/Hyrox-Comp
anion/node_modules/@radix-ui/react-context/dist/in
dex.mjs:27:15)
    at CollectionProvider (file:///C:/Users/russe/
Hyrox-Companion/node_modules/@radix-ui/react-colle
ction/dist/index.mjs:17:13)
    at Provider (file:///C:/Users/russe/Hyrox-Comp
anion/node_modules/@radix-ui/react-context/dist/in
dex.mjs:27:15)
    at Provider (file:///C:/Users/russe/Hyrox-Comp
anion/node_modules/@radix-ui/react-context/dist/in
dex.mjs:27:15)
    at Popper (file:///C:/Users/russe/Hyrox-Compan
ion/node_modules/@radix-ui/react-popper/dist/index
.mjs:30:11)
    at Select (file:///C:/Users/russe/Hyrox-Compan
ion/node_modules/@radix-ui/react-select/dist/index
.mjs:42:5)
    at div
    at PlanSelector (C:\Users\russe\Hyrox-Companio
n\client\src\components\timeline\timeline-filters\
PlanSelector.tsx:12:3)
    at div
    at Provider (file:///C:/Users/russe/Hyrox-Comp
anion/node_modules/@radix-ui/react-context/dist/in
dex.mjs:27:15)
    at TooltipProvider (file:///C:/Users/russe/Hyr
ox-Companion/node_modules/@radix-ui/react-tooltip/
dist/index.mjs:29:5)
    at div
    at C:\Users\russe\Hyrox-Companion\client\src\c
omponents\ui\card.tsx:81:57
    at div
    at C:\Users\russe\Hyrox-Companion\client\src\c
omponents\ui\card.tsx:7:50
    at TimelineFilters (C:\Users\russe\Hyrox-Compa
nion\client\src\components\timeline\timeline-filte
rs\TimelineFilters.tsx:28:3)
Warning: An update to SelectItemText inside a 
test was not wrapped in act(...).

When testing, code that causes React state 
updates should be wrapped into act(...):

act(() => {
  /* fire events that update state */
});
/* assert on the output */

This ensures that you're testing the behavior the 
user would see in the browser. Learn more at 
https://reactjs.org/link/wrap-tests-with-act
    at file:///C:/Users/russe/Hyrox-Companion/node
_modules/@radix-ui/react-select/dist/index.mjs:901
:13
    at div
    at file:///C:/Users/russe/Hyrox-Companion/node
_modules/@radix-ui/react-primitive/dist/index.mjs:
28:13
    at file:///C:/Users/russe/Hyrox-Companion/node
_modules/@radix-ui/react-collection/node_modules/@
radix-ui/react-slot/dist/index.mjs:33:13
    at file:///C:/Users/russe/Hyrox-Companion/node
_modules/@radix-ui/react-collection/node_modules/@
radix-ui/react-slot/dist/index.mjs:9:13
    at file:///C:/Users/russe/Hyrox-Companion/node
_modules/@radix-ui/react-collection/dist/index.mjs
:39:15
    at Provider (file:///C:/Users/russe/Hyrox-Comp
anion/node_modules/@radix-ui/react-context/dist/in
dex.mjs:27:15)
    at file:///C:/Users/russe/Hyrox-Companion/node
_modules/@radix-ui/react-select/dist/index.mjs:800
:7
    at C:\Users\russe\Hyrox-Companion\client\src\c
omponents\ui\select.tsx:170:56
    at div
    at file:///C:/Users/russe/Hyrox-Companion/node
_modules/@radix-ui/react-primitive/dist/index.mjs:
28:13
    at file:///C:/Users/russe/Hyrox-Companion/node
_modules/@radix-ui/react-collection/node_modules/@
radix-ui/react-slot/dist/index.mjs:33:13
    at file:///C:/Users/russe/Hyrox-Companion/node
_modules/@radix-ui/react-collection/node_modules/@
radix-ui/react-slot/dist/index.mjs:9:13
    at file:///C:/Users/russe/Hyrox-Companion/node
_modules/@radix-ui/react-collection/dist/index.mjs
:27:15
    at file:///C:/Users/russe/Hyrox-Companion/node
_modules/@radix-ui/react-select/dist/index.mjs:711
:13
    at div
    at file:///C:/Users/russe/Hyrox-Companion/node
_modules/@radix-ui/react-primitive/dist/index.mjs:
28:13
    at Provider (file:///C:/Users/russe/Hyrox-Comp
anion/node_modules/@radix-ui/react-context/dist/in
dex.mjs:27:15)
    at div
    at file:///C:/Users/russe/Hyrox-Companion/node
_modules/@radix-ui/react-popper/dist/index.mjs:59:
7
    at file:///C:/Users/russe/Hyrox-Companion/node
_modules/@radix-ui/react-select/dist/index.mjs:676
:5
    at file:///C:/Users/russe/Hyrox-Companion/node
_modules/@radix-ui/react-primitive/node_modules/@r
adix-ui/react-slot/dist/index.mjs:33:13
    at file:///C:/Users/russe/Hyrox-Companion/node
_modules/@radix-ui/react-primitive/node_modules/@r
adix-ui/react-slot/dist/index.mjs:9:13
    at file:///C:/Users/russe/Hyrox-Companion/node
_modules/@radix-ui/react-primitive/dist/index.mjs:
28:13
    at file:///C:/Users/russe/Hyrox-Companion/node
_modules/@radix-ui/react-dismissable-layer/dist/in
dex.mjs:24:7
    at file:///C:/Users/russe/Hyrox-Companion/node
_modules/@radix-ui/react-primitive/node_modules/@r
adix-ui/react-slot/dist/index.mjs:33:13
    at file:///C:/Users/russe/Hyrox-Companion/node
_modules/@radix-ui/react-primitive/node_modules/@r
adix-ui/react-slot/dist/index.mjs:9:13
    at file:///C:/Users/russe/Hyrox-Companion/node
_modules/@radix-ui/react-primitive/dist/index.mjs:
28:13
    at file:///C:/Users/russe/Hyrox-Companion/node
_modules/@radix-ui/react-focus-scope/dist/index.mj
s:15:5
    at file:///C:/Users/russe/Hyrox-Companion/node
_modules/@radix-ui/react-select/node_modules/@radi
x-ui/react-slot/dist/index.mjs:33:13
    at file:///C:/Users/russe/Hyrox-Companion/node
_modules/@radix-ui/react-select/node_modules/@radi
x-ui/react-slot/dist/index.mjs:9:13
    at C:\Users\russe\Hyrox-Companion\node_modules
\react-remove-scroll\dist\es5\UI.js:16:21
    at Provider (file:///C:/Users/russe/Hyrox-Comp
anion/node_modules/@radix-ui/react-context/dist/in
dex.mjs:27:15)
    at file:///C:/Users/russe/Hyrox-Companion/node
_modules/@radix-ui/react-select/dist/index.mjs:279
:7
    at file:///C:/Users/russe/Hyrox-Companion/node
_modules/@radix-ui/react-select/dist/index.mjs:256
:58
    at file:///C:/Users/russe/Hyrox-Companion/node
_modules/@radix-ui/react-primitive/node_modules/@r
adix-ui/react-slot/dist/index.mjs:33:13
    at file:///C:/Users/russe/Hyrox-Companion/node
_modules/@radix-ui/react-primitive/node_modules/@r
adix-ui/react-slot/dist/index.mjs:9:13
    at file:///C:/Users/russe/Hyrox-Companion/node
_modules/@radix-ui/react-primitive/dist/index.mjs:
28:13
    at file:///C:/Users/russe/Hyrox-Companion/node
_modules/@radix-ui/react-portal/dist/index.mjs:11:
22
    at SelectPortal
    at C:\Users\russe\Hyrox-Companion\client\src\c
omponents\ui\select.tsx:97:59
    at Provider (file:///C:/Users/russe/Hyrox-Comp
anion/node_modules/@radix-ui/react-context/dist/in
dex.mjs:27:15)
    at Provider (file:///C:/Users/russe/Hyrox-Comp
anion/node_modules/@radix-ui/react-context/dist/in
dex.mjs:27:15)
    at CollectionProvider (file:///C:/Users/russe/
Hyrox-Companion/node_modules/@radix-ui/react-colle
ction/dist/index.mjs:17:13)
    at Provider (file:///C:/Users/russe/Hyrox-Comp
anion/node_modules/@radix-ui/react-context/dist/in
dex.mjs:27:15)
    at Provider (file:///C:/Users/russe/Hyrox-Comp
anion/node_modules/@radix-ui/react-context/dist/in
dex.mjs:27:15)
    at Popper (file:///C:/Users/russe/Hyrox-Compan
ion/node_modules/@radix-ui/react-popper/dist/index
.mjs:30:11)
    at Select (file:///C:/Users/russe/Hyrox-Compan
ion/node_modules/@radix-ui/react-select/dist/index
.mjs:42:5)
    at div
    at PlanSelector (C:\Users\russe\Hyrox-Companio
n\client\src\components\timeline\timeline-filters\
PlanSelector.tsx:12:3)
    at div
    at Provider (file:///C:/Users/russe/Hyrox-Comp
anion/node_modules/@radix-ui/react-context/dist/in
dex.mjs:27:15)
    at TooltipProvider (file:///C:/Users/russe/Hyr
ox-Companion/node_modules/@radix-ui/react-tooltip/
dist/index.mjs:29:5)
    at div
    at C:\Users\russe\Hyrox-Companion\client\src\c
omponents\ui\card.tsx:81:57
    at div
    at C:\Users\russe\Hyrox-Companion\client\src\c
omponents\ui\card.tsx:7:50
    at TimelineFilters (C:\Users\russe\Hyrox-Compa
nion\client\src\components\timeline\timeline-filte
rs\TimelineFilters.tsx:28:3)
Warning: An update to SelectItem inside a test 
was not wrapped in act(...).

When testing, code that causes React state 
updates should be wrapped into act(...):

act(() => {
  /* fire events that update state */
});
/* assert on the output */

This ensures that you're testing the behavior the 
user would see in the browser. Learn more at 
https://reactjs.org/link/wrap-tests-with-act
    at file:///C:/Users/russe/Hyrox-Companion/node
_modules/@radix-ui/react-select/dist/index.mjs:800
:7
    at C:\Users\russe\Hyrox-Companion\client\src\c
omponents\ui\select.tsx:170:56
    at div
    at file:///C:/Users/russe/Hyrox-Companion/node
_modules/@radix-ui/react-primitive/dist/index.mjs:
28:13
    at file:///C:/Users/russe/Hyrox-Companion/node
_modules/@radix-ui/react-collection/node_modules/@
radix-ui/react-slot/dist/index.mjs:33:13
    at file:///C:/Users/russe/Hyrox-Companion/node
_modules/@radix-ui/react-collection/node_modules/@
radix-ui/react-slot/dist/index.mjs:9:13
    at file:///C:/Users/russe/Hyrox-Companion/node
_modules/@radix-ui/react-collection/dist/index.mjs
:27:15
    at file:///C:/Users/russe/Hyrox-Companion/node
_modules/@radix-ui/react-select/dist/index.mjs:711
:13
    at div
    at file:///C:/Users/russe/Hyrox-Companion/node
_modules/@radix-ui/react-primitive/dist/index.mjs:
28:13
    at Provider (file:///C:/Users/russe/Hyrox-Comp
anion/node_modules/@radix-ui/react-context/dist/in
dex.mjs:27:15)
    at div
    at file:///C:/Users/russe/Hyrox-Companion/node
_modules/@radix-ui/react-popper/dist/index.mjs:59:
7
    at file:///C:/Users/russe/Hyrox-Companion/node
_modules/@radix-ui/react-select/dist/index.mjs:676
:5
    at file:///C:/Users/russe/Hyrox-Companion/node
_modules/@radix-ui/react-primitive/node_modules/@r
adix-ui/react-slot/dist/index.mjs:33:13
    at file:///C:/Users/russe/Hyrox-Companion/node
_modules/@radix-ui/react-primitive/node_modules/@r
adix-ui/react-slot/dist/index.mjs:9:13
    at file:///C:/Users/russe/Hyrox-Companion/node
_modules/@radix-ui/react-primitive/dist/index.mjs:
28:13
    at file:///C:/Users/russe/Hyrox-Companion/node
_modules/@radix-ui/react-dismissable-layer/dist/in
dex.mjs:24:7
    at file:///C:/Users/russe/Hyrox-Companion/node
_modules/@radix-ui/react-primitive/node_modules/@r
adix-ui/react-slot/dist/index.mjs:33:13
    at file:///C:/Users/russe/Hyrox-Companion/node
_modules/@radix-ui/react-primitive/node_modules/@r
adix-ui/react-slot/dist/index.mjs:9:13
    at file:///C:/Users/russe/Hyrox-Companion/node
_modules/@radix-ui/react-primitive/dist/index.mjs:
28:13
    at file:///C:/Users/russe/Hyrox-Companion/node
_modules/@radix-ui/react-focus-scope/dist/index.mj
s:15:5
    at file:///C:/Users/russe/Hyrox-Companion/node
_modules/@radix-ui/react-select/node_modules/@radi
x-ui/react-slot/dist/index.mjs:33:13
    at file:///C:/Users/russe/Hyrox-Companion/node
_modules/@radix-ui/react-select/node_modules/@radi
x-ui/react-slot/dist/index.mjs:9:13
    at C:\Users\russe\Hyrox-Companion\node_modules
\react-remove-scroll\dist\es5\UI.js:16:21
    at Provider (file:///C:/Users/russe/Hyrox-Comp
anion/node_modules/@radix-ui/react-context/dist/in
dex.mjs:27:15)
    at file:///C:/Users/russe/Hyrox-Companion/node
_modules/@radix-ui/react-select/dist/index.mjs:279
:7
    at file:///C:/Users/russe/Hyrox-Companion/node
_modules/@radix-ui/react-select/dist/index.mjs:256
:58
    at file:///C:/Users/russe/Hyrox-Companion/node
_modules/@radix-ui/react-primitive/node_modules/@r
adix-ui/react-slot/dist/index.mjs:33:13
    at file:///C:/Users/russe/Hyrox-Companion/node
_modules/@radix-ui/react-primitive/node_modules/@r
adix-ui/react-slot/dist/index.mjs:9:13
    at file:///C:/Users/russe/Hyrox-Companion/node
_modules/@radix-ui/react-primitive/dist/index.mjs:
28:13
    at file:///C:/Users/russe/Hyrox-Companion/node
_modules/@radix-ui/react-portal/dist/index.mjs:11:
22
    at SelectPortal
    at C:\Users\russe\Hyrox-Companion\client\src\c
omponents\ui\select.tsx:97:59
    at Provider (file:///C:/Users/russe/Hyrox-Comp
anion/node_modules/@radix-ui/react-context/dist/in
dex.mjs:27:15)
    at Provider (file:///C:/Users/russe/Hyrox-Comp
anion/node_modules/@radix-ui/react-context/dist/in
dex.mjs:27:15)
    at CollectionProvider (file:///C:/Users/russe/
Hyrox-Companion/node_modules/@radix-ui/react-colle
ction/dist/index.mjs:17:13)
    at Provider (file:///C:/Users/russe/Hyrox-Comp
anion/node_modules/@radix-ui/react-context/dist/in
dex.mjs:27:15)
    at Provider (file:///C:/Users/russe/Hyrox-Comp
anion/node_modules/@radix-ui/react-context/dist/in
dex.mjs:27:15)
    at Popper (file:///C:/Users/russe/Hyrox-Compan
ion/node_modules/@radix-ui/react-popper/dist/index
.mjs:30:11)
    at Select (file:///C:/Users/russe/Hyrox-Compan
ion/node_modules/@radix-ui/react-select/dist/index
.mjs:42:5)
    at div
    at PlanSelector (C:\Users\russe\Hyrox-Companio
n\client\src\components\timeline\timeline-filters\
PlanSelector.tsx:12:3)
    at div
    at Provider (file:///C:/Users/russe/Hyrox-Comp
anion/node_modules/@radix-ui/react-context/dist/in
dex.mjs:27:15)
    at TooltipProvider (file:///C:/Users/russe/Hyr
ox-Companion/node_modules/@radix-ui/react-tooltip/
dist/index.mjs:29:5)
    at div
    at C:\Users\russe\Hyrox-Companion\client\src\c
omponents\ui\card.tsx:81:57
    at div
    at C:\Users\russe\Hyrox-Companion\client\src\c
omponents\ui\card.tsx:7:50
    at TimelineFilters (C:\Users\russe\Hyrox-Compa
nion\client\src\components\timeline\timeline-filte
rs\TimelineFilters.tsx:28:3)
Warning: An update to SelectContentImpl inside a 
test was not wrapped in act(...).

When testing, code that causes React state 
updates should be wrapped into act(...):

act(() => {
  /* fire events that update state */
});
/* assert on the output */

This ensures that you're testing the behavior the 
user would see in the browser. Learn more at 
https://reactjs.org/link/wrap-tests-with-act
    at file:///C:/Users/russe/Hyrox-Companion/node
_modules/@radix-ui/react-select/dist/index.mjs:279
:7
    at file:///C:/Users/russe/Hyrox-Companion/node
_modules/@radix-ui/react-select/dist/index.mjs:256
:58
    at file:///C:/Users/russe/Hyrox-Companion/node
_modules/@radix-ui/react-primitive/node_modules/@r
adix-ui/react-slot/dist/index.mjs:33:13
    at file:///C:/Users/russe/Hyrox-Companion/node
_modules/@radix-ui/react-primitive/node_modules/@r
adix-ui/react-slot/dist/index.mjs:9:13
    at file:///C:/Users/russe/Hyrox-Companion/node
_modules/@radix-ui/react-primitive/dist/index.mjs:
28:13
    at file:///C:/Users/russe/Hyrox-Companion/node
_modules/@radix-ui/react-portal/dist/index.mjs:11:
22
    at SelectPortal
    at C:\Users\russe\Hyrox-Companion\client\src\c
omponents\ui\select.tsx:97:59
    at Provider (file:///C:/Users/russe/Hyrox-Comp
anion/node_modules/@radix-ui/react-context/dist/in
dex.mjs:27:15)
    at Provider (file:///C:/Users/russe/Hyrox-Comp
anion/node_modules/@radix-ui/react-context/dist/in
dex.mjs:27:15)
    at CollectionProvider (file:///C:/Users/russe/
Hyrox-Companion/node_modules/@radix-ui/react-colle
ction/dist/index.mjs:17:13)
    at Provider (file:///C:/Users/russe/Hyrox-Comp
anion/node_modules/@radix-ui/react-context/dist/in
dex.mjs:27:15)
    at Provider (file:///C:/Users/russe/Hyrox-Comp
anion/node_modules/@radix-ui/react-context/dist/in
dex.mjs:27:15)
    at Popper (file:///C:/Users/russe/Hyrox-Compan
ion/node_modules/@radix-ui/react-popper/dist/index
.mjs:30:11)
    at Select (file:///C:/Users/russe/Hyrox-Compan
ion/node_modules/@radix-ui/react-select/dist/index
.mjs:42:5)
    at div
    at PlanSelector (C:\Users\russe\Hyrox-Companio
n\client\src\components\timeline\timeline-filters\
PlanSelector.tsx:12:3)
    at div
    at Provider (file:///C:/Users/russe/Hyrox-Comp
anion/node_modules/@radix-ui/react-context/dist/in
dex.mjs:27:15)
    at TooltipProvider (file:///C:/Users/russe/Hyr
ox-Companion/node_modules/@radix-ui/react-tooltip/
dist/index.mjs:29:5)
    at div
    at C:\Users\russe\Hyrox-Companion\client\src\c
omponents\ui\card.tsx:81:57
    at div
    at C:\Users\russe\Hyrox-Companion\client\src\c
omponents\ui\card.tsx:7:50
    at TimelineFilters (C:\Users\russe\Hyrox-Compa
nion\client\src\components\timeline\timeline-filte
rs\TimelineFilters.tsx:28:3)
Warning: An update to SelectContentImpl inside a 
test was not wrapped in act(...).

When testing, code that causes React state 
updates should be wrapped into act(...):

act(() => {
  /* fire events that update state */
});
/* assert on the output */

This ensures that you're testing the behavior the 
user would see in the browser. Learn more at 
https://reactjs.org/link/wrap-tests-with-act
    at file:///C:/Users/russe/Hyrox-Companion/node
_modules/@radix-ui/react-select/dist/index.mjs:279
:7
    at file:///C:/Users/russe/Hyrox-Companion/node
_modules/@radix-ui/react-select/dist/index.mjs:256
:58
    at file:///C:/Users/russe/Hyrox-Companion/node
_modules/@radix-ui/react-primitive/node_modules/@r
adix-ui/react-slot/dist/index.mjs:33:13
    at file:///C:/Users/russe/Hyrox-Companion/node
_modules/@radix-ui/react-primitive/node_modules/@r
adix-ui/react-slot/dist/index.mjs:9:13
    at file:///C:/Users/russe/Hyrox-Companion/node
_modules/@radix-ui/react-primitive/dist/index.mjs:
28:13
    at file:///C:/Users/russe/Hyrox-Companion/node
_modules/@radix-ui/react-portal/dist/index.mjs:11:
22
    at SelectPortal
    at C:\Users\russe\Hyrox-Companion\client\src\c
omponents\ui\select.tsx:97:59
    at Provider (file:///C:/Users/russe/Hyrox-Comp
anion/node_modules/@radix-ui/react-context/dist/in
dex.mjs:27:15)
    at Provider (file:///C:/Users/russe/Hyrox-Comp
anion/node_modules/@radix-ui/react-context/dist/in
dex.mjs:27:15)
    at CollectionProvider (file:///C:/Users/russe/
Hyrox-Companion/node_modules/@radix-ui/react-colle
ction/dist/index.mjs:17:13)
    at Provider (file:///C:/Users/russe/Hyrox-Comp
anion/node_modules/@radix-ui/react-context/dist/in
dex.mjs:27:15)
    at Provider (file:///C:/Users/russe/Hyrox-Comp
anion/node_modules/@radix-ui/react-context/dist/in
dex.mjs:27:15)
    at Popper (file:///C:/Users/russe/Hyrox-Compan
ion/node_modules/@radix-ui/react-popper/dist/index
.mjs:30:11)
    at Select (file:///C:/Users/russe/Hyrox-Compan
ion/node_modules/@radix-ui/react-select/dist/index
.mjs:42:5)
    at div
    at PlanSelector (C:\Users\russe\Hyrox-Companio
n\client\src\components\timeline\timeline-filters\
PlanSelector.tsx:12:3)
    at div
    at Provider (file:///C:/Users/russe/Hyrox-Comp
anion/node_modules/@radix-ui/react-context/dist/in
dex.mjs:27:15)
    at TooltipProvider (file:///C:/Users/russe/Hyr
ox-Companion/node_modules/@radix-ui/react-tooltip/
dist/index.mjs:29:5)
    at div
    at C:\Users\russe\Hyrox-Companion\client\src\c
omponents\ui\card.tsx:81:57
    at div
    at C:\Users\russe\Hyrox-Companion\client\src\c
omponents\ui\card.tsx:7:50
    at TimelineFilters (C:\Users\russe\Hyrox-Compa
nion\client\src\components\timeline\timeline-filte
rs\TimelineFilters.tsx:28:3)
Warning: An update to SelectItemText inside a 
test was not wrapped in act(...).

When testing, code that causes React state 
updates should be wrapped into act(...):

act(() => {
  /* fire events that update state */
});
/* assert on the output */

This ensures that you're testing the behavior the 
user would see in the browser. Learn more at 
https://reactjs.org/link/wrap-tests-with-act
    at file:///C:/Users/russe/Hyrox-Companion/node
_modules/@radix-ui/react-select/dist/index.mjs:901
:13
    at div
    at file:///C:/Users/russe/Hyrox-Companion/node
_modules/@radix-ui/react-primitive/dist/index.mjs:
28:13
    at file:///C:/Users/russe/Hyrox-Companion/node
_modules/@radix-ui/react-collection/node_modules/@
radix-ui/react-slot/dist/index.mjs:33:13
    at file:///C:/Users/russe/Hyrox-Companion/node
_modules/@radix-ui/react-collection/node_modules/@
radix-ui/react-slot/dist/index.mjs:9:13
    at file:///C:/Users/russe/Hyrox-Companion/node
_modules/@radix-ui/react-collection/dist/index.mjs
:39:15
    at Provider (file:///C:/Users/russe/Hyrox-Comp
anion/node_modules/@radix-ui/react-context/dist/in
dex.mjs:27:15)
    at file:///C:/Users/russe/Hyrox-Companion/node
_modules/@radix-ui/react-select/dist/index.mjs:800
:7
    at C:\Users\russe\Hyrox-Companion\client\src\c
omponents\ui\select.tsx:170:56
    at div
    at file:///C:/Users/russe/Hyrox-Companion/node
_modules/@radix-ui/react-primitive/dist/index.mjs:
28:13
    at file:///C:/Users/russe/Hyrox-Companion/node
_modules/@radix-ui/react-collection/node_modules/@
radix-ui/react-slot/dist/index.mjs:33:13
    at file:///C:/Users/russe/Hyrox-Companion/node
_modules/@radix-ui/react-collection/node_modules/@
radix-ui/react-slot/dist/index.mjs:9:13
    at file:///C:/Users/russe/Hyrox-Companion/node
_modules/@radix-ui/react-collection/dist/index.mjs
:27:15
    at file:///C:/Users/russe/Hyrox-Companion/node
_modules/@radix-ui/react-select/dist/index.mjs:711
:13
    at div
    at file:///C:/Users/russe/Hyrox-Companion/node
_modules/@radix-ui/react-primitive/dist/index.mjs:
28:13
    at Provider (file:///C:/Users/russe/Hyrox-Comp
anion/node_modules/@radix-ui/react-context/dist/in
dex.mjs:27:15)
    at div
    at file:///C:/Users/russe/Hyrox-Companion/node
_modules/@radix-ui/react-popper/dist/index.mjs:59:
7
    at file:///C:/Users/russe/Hyrox-Companion/node
_modules/@radix-ui/react-select/dist/index.mjs:676
:5
    at file:///C:/Users/russe/Hyrox-Companion/node
_modules/@radix-ui/react-primitive/node_modules/@r
adix-ui/react-slot/dist/index.mjs:33:13
    at file:///C:/Users/russe/Hyrox-Companion/node
_modules/@radix-ui/react-primitive/node_modules/@r
adix-ui/react-slot/dist/index.mjs:9:13
    at file:///C:/Users/russe/Hyrox-Companion/node
_modules/@radix-ui/react-primitive/dist/index.mjs:
28:13
    at file:///C:/Users/russe/Hyrox-Companion/node
_modules/@radix-ui/react-dismissable-layer/dist/in
dex.mjs:24:7
    at file:///C:/Users/russe/Hyrox-Companion/node
_modules/@radix-ui/react-primitive/node_modules/@r
adix-ui/react-slot/dist/index.mjs:33:13
    at file:///C:/Users/russe/Hyrox-Companion/node
_modules/@radix-ui/react-primitive/node_modules/@r
adix-ui/react-slot/dist/index.mjs:9:13
    at file:///C:/Users/russe/Hyrox-Companion/node
_modules/@radix-ui/react-primitive/dist/index.mjs:
28:13
    at file:///C:/Users/russe/Hyrox-Companion/node
_modules/@radix-ui/react-focus-scope/dist/index.mj
s:15:5
    at file:///C:/Users/russe/Hyrox-Companion/node
_modules/@radix-ui/react-select/node_modules/@radi
x-ui/react-slot/dist/index.mjs:33:13
    at file:///C:/Users/russe/Hyrox-Companion/node
_modules/@radix-ui/react-select/node_modules/@radi
x-ui/react-slot/dist/index.mjs:9:13
    at C:\Users\russe\Hyrox-Companion\node_modules
\react-remove-scroll\dist\es5\UI.js:16:21
    at Provider (file:///C:/Users/russe/Hyrox-Comp
anion/node_modules/@radix-ui/react-context/dist/in
dex.mjs:27:15)
    at file:///C:/Users/russe/Hyrox-Companion/node
_modules/@radix-ui/react-select/dist/index.mjs:279
:7
    at file:///C:/Users/russe/Hyrox-Companion/node
_modules/@radix-ui/react-select/dist/index.mjs:256
:58
    at file:///C:/Users/russe/Hyrox-Companion/node
_modules/@radix-ui/react-primitive/node_modules/@r
adix-ui/react-slot/dist/index.mjs:33:13
    at file:///C:/Users/russe/Hyrox-Companion/node
_modules/@radix-ui/react-primitive/node_modules/@r
adix-ui/react-slot/dist/index.mjs:9:13
    at file:///C:/Users/russe/Hyrox-Companion/node
_modules/@radix-ui/react-primitive/dist/index.mjs:
28:13
    at file:///C:/Users/russe/Hyrox-Companion/node
_modules/@radix-ui/react-portal/dist/index.mjs:11:
22
    at SelectPortal
    at C:\Users\russe\Hyrox-Companion\client\src\c
omponents\ui\select.tsx:97:59
    at Provider (file:///C:/Users/russe/Hyrox-Comp
anion/node_modules/@radix-ui/react-context/dist/in
dex.mjs:27:15)
    at Provider (file:///C:/Users/russe/Hyrox-Comp
anion/node_modules/@radix-ui/react-context/dist/in
dex.mjs:27:15)
    at CollectionProvider (file:///C:/Users/russe/
Hyrox-Companion/node_modules/@radix-ui/react-colle
ction/dist/index.mjs:17:13)
    at Provider (file:///C:/Users/russe/Hyrox-Comp
anion/node_modules/@radix-ui/react-context/dist/in
dex.mjs:27:15)
    at Provider (file:///C:/Users/russe/Hyrox-Comp
anion/node_modules/@radix-ui/react-context/dist/in
dex.mjs:27:15)
    at Popper (file:///C:/Users/russe/Hyrox-Compan
ion/node_modules/@radix-ui/react-popper/dist/index
.mjs:30:11)
    at Select (file:///C:/Users/russe/Hyrox-Compan
ion/node_modules/@radix-ui/react-select/dist/index
.mjs:42:5)
    at div
    at PlanSelector (C:\Users\russe\Hyrox-Companio
n\client\src\components\timeline\timeline-filters\
PlanSelector.tsx:12:3)
    at div
    at Provider (file:///C:/Users/russe/Hyrox-Comp
anion/node_modules/@radix-ui/react-context/dist/in
dex.mjs:27:15)
    at TooltipProvider (file:///C:/Users/russe/Hyr
ox-Companion/node_modules/@radix-ui/react-tooltip/
dist/index.mjs:29:5)
    at div
    at C:\Users\russe\Hyrox-Companion\client\src\c
omponents\ui\card.tsx:81:57
    at div
    at C:\Users\russe\Hyrox-Companion\client\src\c
omponents\ui\card.tsx:7:50
    at TimelineFilters (C:\Users\russe\Hyrox-Compa
nion\client\src\components\timeline\timeline-filte
rs\TimelineFilters.tsx:28:3)
Warning: An update to SelectItem inside a test 
was not wrapped in act(...).

When testing, code that causes React state 
updates should be wrapped into act(...):

act(() => {
  /* fire events that update state */
});
/* assert on the output */

This ensures that you're testing the behavior the 
user would see in the browser. Learn more at 
https://reactjs.org/link/wrap-tests-with-act
    at file:///C:/Users/russe/Hyrox-Companion/node
_modules/@radix-ui/react-select/dist/index.mjs:800
:7
    at C:\Users\russe\Hyrox-Companion\client\src\c
omponents\ui\select.tsx:170:56
    at div
    at file:///C:/Users/russe/Hyrox-Companion/node
_modules/@radix-ui/react-primitive/dist/index.mjs:
28:13
    at file:///C:/Users/russe/Hyrox-Companion/node
_modules/@radix-ui/react-collection/node_modules/@
radix-ui/react-slot/dist/index.mjs:33:13
    at file:///C:/Users/russe/Hyrox-Companion/node
_modules/@radix-ui/react-collection/node_modules/@
radix-ui/react-slot/dist/index.mjs:9:13
    at file:///C:/Users/russe/Hyrox-Companion/node
_modules/@radix-ui/react-collection/dist/index.mjs
:27:15
    at file:///C:/Users/russe/Hyrox-Companion/node
_modules/@radix-ui/react-select/dist/index.mjs:711
:13
    at div
    at file:///C:/Users/russe/Hyrox-Companion/node
_modules/@radix-ui/react-primitive/dist/index.mjs:
28:13
    at Provider (file:///C:/Users/russe/Hyrox-Comp
anion/node_modules/@radix-ui/react-context/dist/in
dex.mjs:27:15)
    at div
    at file:///C:/Users/russe/Hyrox-Companion/node
_modules/@radix-ui/react-popper/dist/index.mjs:59:
7
    at file:///C:/Users/russe/Hyrox-Companion/node
_modules/@radix-ui/react-select/dist/index.mjs:676
:5
    at file:///C:/Users/russe/Hyrox-Companion/node
_modules/@radix-ui/react-primitive/node_modules/@r
adix-ui/react-slot/dist/index.mjs:33:13
    at file:///C:/Users/russe/Hyrox-Companion/node
_modules/@radix-ui/react-primitive/node_modules/@r
adix-ui/react-slot/dist/index.mjs:9:13
    at file:///C:/Users/russe/Hyrox-Companion/node
_modules/@radix-ui/react-primitive/dist/index.mjs:
28:13
    at file:///C:/Users/russe/Hyrox-Companion/node
_modules/@radix-ui/react-dismissable-layer/dist/in
dex.mjs:24:7
    at file:///C:/Users/russe/Hyrox-Companion/node
_modules/@radix-ui/react-primitive/node_modules/@r
adix-ui/react-slot/dist/index.mjs:33:13
    at file:///C:/Users/russe/Hyrox-Companion/node
_modules/@radix-ui/react-primitive/node_modules/@r
adix-ui/react-slot/dist/index.mjs:9:13
    at file:///C:/Users/russe/Hyrox-Companion/node
_modules/@radix-ui/react-primitive/dist/index.mjs:
28:13
    at file:///C:/Users/russe/Hyrox-Companion/node
_modules/@radix-ui/react-focus-scope/dist/index.mj
s:15:5
    at file:///C:/Users/russe/Hyrox-Companion/node
_modules/@radix-ui/react-select/node_modules/@radi
x-ui/react-slot/dist/index.mjs:33:13
    at file:///C:/Users/russe/Hyrox-Companion/node
_modules/@radix-ui/react-select/node_modules/@radi
x-ui/react-slot/dist/index.mjs:9:13
    at C:\Users\russe\Hyrox-Companion\node_modules
\react-remove-scroll\dist\es5\UI.js:16:21
    at Provider (file:///C:/Users/russe/Hyrox-Comp
anion/node_modules/@radix-ui/react-context/dist/in
dex.mjs:27:15)
    at file:///C:/Users/russe/Hyrox-Companion/node
_modules/@radix-ui/react-select/dist/index.mjs:279
:7
    at file:///C:/Users/russe/Hyrox-Companion/node
_modules/@radix-ui/react-select/dist/index.mjs:256
:58
    at file:///C:/Users/russe/Hyrox-Companion/node
_modules/@radix-ui/react-primitive/node_modules/@r
adix-ui/react-slot/dist/index.mjs:33:13
    at file:///C:/Users/russe/Hyrox-Companion/node
_modules/@radix-ui/react-primitive/node_modules/@r
adix-ui/react-slot/dist/index.mjs:9:13
    at file:///C:/Users/russe/Hyrox-Companion/node
_modules/@radix-ui/react-primitive/dist/index.mjs:
28:13
    at file:///C:/Users/russe/Hyrox-Companion/node
_modules/@radix-ui/react-portal/dist/index.mjs:11:
22
    at SelectPortal
    at C:\Users\russe\Hyrox-Companion\client\src\c
omponents\ui\select.tsx:97:59
    at Provider (file:///C:/Users/russe/Hyrox-Comp
anion/node_modules/@radix-ui/react-context/dist/in
dex.mjs:27:15)
    at Provider (file:///C:/Users/russe/Hyrox-Comp
anion/node_modules/@radix-ui/react-context/dist/in
dex.mjs:27:15)
    at CollectionProvider (file:///C:/Users/russe/
Hyrox-Companion/node_modules/@radix-ui/react-colle
ction/dist/index.mjs:17:13)
    at Provider (file:///C:/Users/russe/Hyrox-Comp
anion/node_modules/@radix-ui/react-context/dist/in
dex.mjs:27:15)
    at Provider (file:///C:/Users/russe/Hyrox-Comp
anion/node_modules/@radix-ui/react-context/dist/in
dex.mjs:27:15)
    at Popper (file:///C:/Users/russe/Hyrox-Compan
ion/node_modules/@radix-ui/react-popper/dist/index
.mjs:30:11)
    at Select (file:///C:/Users/russe/Hyrox-Compan
ion/node_modules/@radix-ui/react-select/dist/index
.mjs:42:5)
    at div
    at PlanSelector (C:\Users\russe\Hyrox-Companio
n\client\src\components\timeline\timeline-filters\
PlanSelector.tsx:12:3)
    at div
    at Provider (file:///C:/Users/russe/Hyrox-Comp
anion/node_modules/@radix-ui/react-context/dist/in
dex.mjs:27:15)
    at TooltipProvider (file:///C:/Users/russe/Hyr
ox-Companion/node_modules/@radix-ui/react-tooltip/
dist/index.mjs:29:5)
    at div
    at C:\Users\russe\Hyrox-Companion\client\src\c
omponents\ui\card.tsx:81:57
    at div
    at C:\Users\russe\Hyrox-Companion\client\src\c
omponents\ui\card.tsx:7:50
    at TimelineFilters (C:\Users\russe\Hyrox-Compa
nion\client\src\components\timeline\timeline-filte
rs\TimelineFilters.tsx:28:3)
Warning: An update to SelectContentImpl inside a 
test was not wrapped in act(...).

When testing, code that causes React state 
updates should be wrapped into act(...):

act(() => {
  /* fire events that update state */
});
/* assert on the output */

This ensures that you're testing the behavior the 
user would see in the browser. Learn more at 
https://reactjs.org/link/wrap-tests-with-act
    at file:///C:/Users/russe/Hyrox-Companion/node
_modules/@radix-ui/react-select/dist/index.mjs:279
:7
    at file:///C:/Users/russe/Hyrox-Companion/node
_modules/@radix-ui/react-select/dist/index.mjs:256
:58
    at file:///C:/Users/russe/Hyrox-Companion/node
_modules/@radix-ui/react-primitive/node_modules/@r
adix-ui/react-slot/dist/index.mjs:33:13
    at file:///C:/Users/russe/Hyrox-Companion/node
_modules/@radix-ui/react-primitive/node_modules/@r
adix-ui/react-slot/dist/index.mjs:9:13
    at file:///C:/Users/russe/Hyrox-Companion/node
_modules/@radix-ui/react-primitive/dist/index.mjs:
28:13
    at file:///C:/Users/russe/Hyrox-Companion/node
_modules/@radix-ui/react-portal/dist/index.mjs:11:
22
    at SelectPortal
    at C:\Users\russe\Hyrox-Companion\client\src\c
omponents\ui\select.tsx:97:59
    at Provider (file:///C:/Users/russe/Hyrox-Comp
anion/node_modules/@radix-ui/react-context/dist/in
dex.mjs:27:15)
    at Provider (file:///C:/Users/russe/Hyrox-Comp
anion/node_modules/@radix-ui/react-context/dist/in
dex.mjs:27:15)
    at CollectionProvider (file:///C:/Users/russe/
Hyrox-Companion/node_modules/@radix-ui/react-colle
ction/dist/index.mjs:17:13)
    at Provider (file:///C:/Users/russe/Hyrox-Comp
anion/node_modules/@radix-ui/react-context/dist/in
dex.mjs:27:15)
    at Provider (file:///C:/Users/russe/Hyrox-Comp
anion/node_modules/@radix-ui/react-context/dist/in
dex.mjs:27:15)
    at Popper (file:///C:/Users/russe/Hyrox-Compan
ion/node_modules/@radix-ui/react-popper/dist/index
.mjs:30:11)
    at Select (file:///C:/Users/russe/Hyrox-Compan
ion/node_modules/@radix-ui/react-select/dist/index
.mjs:42:5)
    at div
    at PlanSelector (C:\Users\russe\Hyrox-Companio
n\client\src\components\timeline\timeline-filters\
PlanSelector.tsx:12:3)
    at div
    at Provider (file:///C:/Users/russe/Hyrox-Comp
anion/node_modules/@radix-ui/react-context/dist/in
dex.mjs:27:15)
    at TooltipProvider (file:///C:/Users/russe/Hyr
ox-Companion/node_modules/@radix-ui/react-tooltip/
dist/index.mjs:29:5)
    at div
    at C:\Users\russe\Hyrox-Companion\client\src\c
omponents\ui\card.tsx:81:57
    at div
    at C:\Users\russe\Hyrox-Companion\client\src\c
omponents\ui\card.tsx:7:50
    at TimelineFilters (C:\Users\russe\Hyrox-Compa
nion\client\src\components\timeline\timeline-filte
rs\TimelineFilters.tsx:28:3)
Warning: An update to FocusScope inside a test 
was not wrapped in act(...).

When testing, code that causes React state 
updates should be wrapped into act(...):

act(() => {
  /* fire events that update state */
});
/* assert on the output */

This ensures that you're testing the behavior the 
user would see in the browser. Learn more at 
https://reactjs.org/link/wrap-tests-with-act
    at file:///C:/Users/russe/Hyrox-Companion/node
_modules/@radix-ui/react-focus-scope/dist/index.mj
s:15:5
    at file:///C:/Users/russe/Hyrox-Companion/node
_modules/@radix-ui/react-select/node_modules/@radi
x-ui/react-slot/dist/index.mjs:33:13
    at file:///C:/Users/russe/Hyrox-Companion/node
_modules/@radix-ui/react-select/node_modules/@radi
x-ui/react-slot/dist/index.mjs:9:13
    at C:\Users\russe\Hyrox-Companion\node_modules
\react-remove-scroll\dist\es5\UI.js:16:21
    at Provider (file:///C:/Users/russe/Hyrox-Comp
anion/node_modules/@radix-ui/react-context/dist/in
dex.mjs:27:15)
    at file:///C:/Users/russe/Hyrox-Companion/node
_modules/@radix-ui/react-select/dist/index.mjs:279
:7
    at file:///C:/Users/russe/Hyrox-Companion/node
_modules/@radix-ui/react-select/dist/index.mjs:256
:58
    at file:///C:/Users/russe/Hyrox-Companion/node
_modules/@radix-ui/react-primitive/node_modules/@r
adix-ui/react-slot/dist/index.mjs:33:13
    at file:///C:/Users/russe/Hyrox-Companion/node
_modules/@radix-ui/react-primitive/node_modules/@r
adix-ui/react-slot/dist/index.mjs:9:13
    at file:///C:/Users/russe/Hyrox-Companion/node
_modules/@radix-ui/react-primitive/dist/index.mjs:
28:13
    at file:///C:/Users/russe/Hyrox-Companion/node
_modules/@radix-ui/react-portal/dist/index.mjs:11:
22
    at SelectPortal
    at C:\Users\russe\Hyrox-Companion\client\src\c
omponents\ui\select.tsx:97:59
    at Provider (file:///C:/Users/russe/Hyrox-Comp
anion/node_modules/@radix-ui/react-context/dist/in
dex.mjs:27:15)
    at Provider (file:///C:/Users/russe/Hyrox-Comp
anion/node_modules/@radix-ui/react-context/dist/in
dex.mjs:27:15)
    at CollectionProvider (file:///C:/Users/russe/
Hyrox-Companion/node_modules/@radix-ui/react-colle
ction/dist/index.mjs:17:13)
    at Provider (file:///C:/Users/russe/Hyrox-Comp
anion/node_modules/@radix-ui/react-context/dist/in
dex.mjs:27:15)
    at Provider (file:///C:/Users/russe/Hyrox-Comp
anion/node_modules/@radix-ui/react-context/dist/in
dex.mjs:27:15)
    at Popper (file:///C:/Users/russe/Hyrox-Compan
ion/node_modules/@radix-ui/react-popper/dist/index
.mjs:30:11)
    at Select (file:///C:/Users/russe/Hyrox-Compan
ion/node_modules/@radix-ui/react-select/dist/index
.mjs:42:5)
    at div
    at PlanSelector (C:\Users\russe\Hyrox-Companio
n\client\src\components\timeline\timeline-filters\
PlanSelector.tsx:12:3)
    at div
    at Provider (file:///C:/Users/russe/Hyrox-Comp
anion/node_modules/@radix-ui/react-context/dist/in
dex.mjs:27:15)
    at TooltipProvider (file:///C:/Users/russe/Hyr
ox-Companion/node_modules/@radix-ui/react-tooltip/
dist/index.mjs:29:5)
    at div
    at C:\Users\russe\Hyrox-Companion\client\src\c
omponents\ui\card.tsx:81:57
    at div
    at C:\Users\russe\Hyrox-Companion\client\src\c
omponents\ui\card.tsx:7:50
    at TimelineFilters (C:\Users\russe\Hyrox-Compa
nion\client\src\components\timeline\timeline-filte
rs\TimelineFilters.tsx:28:3)
Warning: An update to DismissableLayer inside a 
test was not wrapped in act(...).

When testing, code that causes React state 
updates should be wrapped into act(...):

act(() => {
  /* fire events that update state */
});
/* assert on the output */

This ensures that you're testing the behavior the 
user would see in the browser. Learn more at 
https://reactjs.org/link/wrap-tests-with-act
    at file:///C:/Users/russe/Hyrox-Companion/node
_modules/@radix-ui/react-dismissable-layer/dist/in
dex.mjs:24:7
    at file:///C:/Users/russe/Hyrox-Companion/node
_modules/@radix-ui/react-primitive/node_modules/@r
adix-ui/react-slot/dist/index.mjs:33:13
    at file:///C:/Users/russe/Hyrox-Companion/node
_modules/@radix-ui/react-primitive/node_modules/@r
adix-ui/react-slot/dist/index.mjs:9:13
    at file:///C:/Users/russe/Hyrox-Companion/node
_modules/@radix-ui/react-primitive/dist/index.mjs:
28:13
    at file:///C:/Users/russe/Hyrox-Companion/node
_modules/@radix-ui/react-focus-scope/dist/index.mj
s:15:5
    at file:///C:/Users/russe/Hyrox-Companion/node
_modules/@radix-ui/react-select/node_modules/@radi
x-ui/react-slot/dist/index.mjs:33:13
    at file:///C:/Users/russe/Hyrox-Companion/node
_modules/@radix-ui/react-select/node_modules/@radi
x-ui/react-slot/dist/index.mjs:9:13
    at C:\Users\russe\Hyrox-Companion\node_modules
\react-remove-scroll\dist\es5\UI.js:16:21
    at Provider (file:///C:/Users/russe/Hyrox-Comp
anion/node_modules/@radix-ui/react-context/dist/in
dex.mjs:27:15)
    at file:///C:/Users/russe/Hyrox-Companion/node
_modules/@radix-ui/react-select/dist/index.mjs:279
:7
    at file:///C:/Users/russe/Hyrox-Companion/node
_modules/@radix-ui/react-select/dist/index.mjs:256
:58
    at file:///C:/Users/russe/Hyrox-Companion/node
_modules/@radix-ui/react-primitive/node_modules/@r
adix-ui/react-slot/dist/index.mjs:33:13
    at file:///C:/Users/russe/Hyrox-Companion/node
_modules/@radix-ui/react-primitive/node_modules/@r
adix-ui/react-slot/dist/index.mjs:9:13
    at file:///C:/Users/russe/Hyrox-Companion/node
_modules/@radix-ui/react-primitive/dist/index.mjs:
28:13
    at file:///C:/Users/russe/Hyrox-Companion/node
_modules/@radix-ui/react-portal/dist/index.mjs:11:
22
    at SelectPortal
    at C:\Users\russe\Hyrox-Companion\client\src\c
omponents\ui\select.tsx:97:59
    at Provider (file:///C:/Users/russe/Hyrox-Comp
anion/node_modules/@radix-ui/react-context/dist/in
dex.mjs:27:15)
    at Provider (file:///C:/Users/russe/Hyrox-Comp
anion/node_modules/@radix-ui/react-context/dist/in
dex.mjs:27:15)
    at CollectionProvider (file:///C:/Users/russe/
Hyrox-Companion/node_modules/@radix-ui/react-colle
ction/dist/index.mjs:17:13)
    at Provider (file:///C:/Users/russe/Hyrox-Comp
anion/node_modules/@radix-ui/react-context/dist/in
dex.mjs:27:15)
    at Provider (file:///C:/Users/russe/Hyrox-Comp
anion/node_modules/@radix-ui/react-context/dist/in
dex.mjs:27:15)
    at Popper (file:///C:/Users/russe/Hyrox-Compan
ion/node_modules/@radix-ui/react-popper/dist/index
.mjs:30:11)
    at Select (file:///C:/Users/russe/Hyrox-Compan
ion/node_modules/@radix-ui/react-select/dist/index
.mjs:42:5)
    at div
    at PlanSelector (C:\Users\russe\Hyrox-Companio
n\client\src\components\timeline\timeline-filters\
PlanSelector.tsx:12:3)
    at div
    at Provider (file:///C:/Users/russe/Hyrox-Comp
anion/node_modules/@radix-ui/react-context/dist/in
dex.mjs:27:15)
    at TooltipProvider (file:///C:/Users/russe/Hyr
ox-Companion/node_modules/@radix-ui/react-tooltip/
dist/index.mjs:29:5)
    at div
    at C:\Users\russe\Hyrox-Companion\client\src\c
omponents\ui\card.tsx:81:57
    at div
    at C:\Users\russe\Hyrox-Companion\client\src\c
omponents\ui\card.tsx:7:50
    at TimelineFilters (C:\Users\russe\Hyrox-Compa
nion\client\src\components\timeline\timeline-filte
rs\TimelineFilters.tsx:28:3)
Warning: An update to SelectContentImpl inside a 
test was not wrapped in act(...).

When testing, code that causes React state 
updates should be wrapped into act(...):

act(() => {
  /* fire events that update state */
});
/* assert on the output */

This ensures that you're testing the behavior the 
user would see in the browser. Learn more at 
https://reactjs.org/link/wrap-tests-with-act
    at file:///C:/Users/russe/Hyrox-Companion/node
_modules/@radix-ui/react-select/dist/index.mjs:279
:7
    at file:///C:/Users/russe/Hyrox-Companion/node
_modules/@radix-ui/react-select/dist/index.mjs:256
:58
    at file:///C:/Users/russe/Hyrox-Companion/node
_modules/@radix-ui/react-primitive/node_modules/@r
adix-ui/react-slot/dist/index.mjs:33:13
    at file:///C:/Users/russe/Hyrox-Companion/node
_modules/@radix-ui/react-primitive/node_modules/@r
adix-ui/react-slot/dist/index.mjs:9:13
    at file:///C:/Users/russe/Hyrox-Companion/node
_modules/@radix-ui/react-primitive/dist/index.mjs:
28:13
    at file:///C:/Users/russe/Hyrox-Companion/node
_modules/@radix-ui/react-portal/dist/index.mjs:11:
22
    at SelectPortal
    at C:\Users\russe\Hyrox-Companion\client\src\c
omponents\ui\select.tsx:97:59
    at Provider (file:///C:/Users/russe/Hyrox-Comp
anion/node_modules/@radix-ui/react-context/dist/in
dex.mjs:27:15)
    at Provider (file:///C:/Users/russe/Hyrox-Comp
anion/node_modules/@radix-ui/react-context/dist/in
dex.mjs:27:15)
    at CollectionProvider (file:///C:/Users/russe/
Hyrox-Companion/node_modules/@radix-ui/react-colle
ction/dist/index.mjs:17:13)
    at Provider (file:///C:/Users/russe/Hyrox-Comp
anion/node_modules/@radix-ui/react-context/dist/in
dex.mjs:27:15)
    at Provider (file:///C:/Users/russe/Hyrox-Comp
anion/node_modules/@radix-ui/react-context/dist/in
dex.mjs:27:15)
    at Popper (file:///C:/Users/russe/Hyrox-Compan
ion/node_modules/@radix-ui/react-popper/dist/index
.mjs:30:11)
    at Select (file:///C:/Users/russe/Hyrox-Compan
ion/node_modules/@radix-ui/react-select/dist/index
.mjs:42:5)
    at div
    at PlanSelector (C:\Users\russe\Hyrox-Companio
n\client\src\components\timeline\timeline-filters\
PlanSelector.tsx:12:3)
    at div
    at Provider (file:///C:/Users/russe/Hyrox-Comp
anion/node_modules/@radix-ui/react-context/dist/in
dex.mjs:27:15)
    at TooltipProvider (file:///C:/Users/russe/Hyr
ox-Companion/node_modules/@radix-ui/react-tooltip/
dist/index.mjs:29:5)
    at div
    at C:\Users\russe\Hyrox-Companion\client\src\c
omponents\ui\card.tsx:81:57
    at div
    at C:\Users\russe\Hyrox-Companion\client\src\c
omponents\ui\card.tsx:7:50
    at TimelineFilters (C:\Users\russe\Hyrox-Compa
nion\client\src\components\timeline\timeline-filte
rs\TimelineFilters.tsx:28:3)
Warning: An update to PopperContent inside a test 
was not wrapped in act(...).

When testing, code that causes React state 
updates should be wrapped into act(...):

act(() => {
  /* fire events that update state */
});
/* assert on the output */

This ensures that you're testing the behavior the 
user would see in the browser. Learn more at 
https://reactjs.org/link/wrap-tests-with-act
    at file:///C:/Users/russe/Hyrox-Companion/node
_modules/@radix-ui/react-popper/dist/index.mjs:59:
7
    at file:///C:/Users/russe/Hyrox-Companion/node
_modules/@radix-ui/react-select/dist/index.mjs:676
:5
    at file:///C:/Users/russe/Hyrox-Companion/node
_modules/@radix-ui/react-primitive/node_modules/@r
adix-ui/react-slot/dist/index.mjs:33:13
    at file:///C:/Users/russe/Hyrox-Companion/node
_modules/@radix-ui/react-primitive/node_modules/@r
adix-ui/react-slot/dist/index.mjs:9:13
    at file:///C:/Users/russe/Hyrox-Companion/node
_modules/@radix-ui/react-primitive/dist/index.mjs:
28:13
    at file:///C:/Users/russe/Hyrox-Companion/node
_modules/@radix-ui/react-dismissable-layer/dist/in
dex.mjs:24:7
    at file:///C:/Users/russe/Hyrox-Companion/node
_modules/@radix-ui/react-primitive/node_modules/@r
adix-ui/react-slot/dist/index.mjs:33:13
    at file:///C:/Users/russe/Hyrox-Companion/node
_modules/@radix-ui/react-primitive/node_modules/@r
adix-ui/react-slot/dist/index.mjs:9:13
    at file:///C:/Users/russe/Hyrox-Companion/node
_modules/@radix-ui/react-primitive/dist/index.mjs:
28:13
    at file:///C:/Users/russe/Hyrox-Companion/node
_modules/@radix-ui/react-focus-scope/dist/index.mj
s:15:5
    at file:///C:/Users/russe/Hyrox-Companion/node
_modules/@radix-ui/react-select/node_modules/@radi
x-ui/react-slot/dist/index.mjs:33:13
    at file:///C:/Users/russe/Hyrox-Companion/node
_modules/@radix-ui/react-select/node_modules/@radi
x-ui/react-slot/dist/index.mjs:9:13
    at C:\Users\russe\Hyrox-Companion\node_modules
\react-remove-scroll\dist\es5\UI.js:16:21
    at Provider (file:///C:/Users/russe/Hyrox-Comp
anion/node_modules/@radix-ui/react-context/dist/in
dex.mjs:27:15)
    at file:///C:/Users/russe/Hyrox-Companion/node
_modules/@radix-ui/react-select/dist/index.mjs:279
:7
    at file:///C:/Users/russe/Hyrox-Companion/node
_modules/@radix-ui/react-select/dist/index.mjs:256
:58
    at file:///C:/Users/russe/Hyrox-Companion/node
_modules/@radix-ui/react-primitive/node_modules/@r
adix-ui/react-slot/dist/index.mjs:33:13
    at file:///C:/Users/russe/Hyrox-Companion/node
_modules/@radix-ui/react-primitive/node_modules/@r
adix-ui/react-slot/dist/index.mjs:9:13
    at file:///C:/Users/russe/Hyrox-Companion/node
_modules/@radix-ui/react-primitive/dist/index.mjs:
28:13
    at file:///C:/Users/russe/Hyrox-Companion/node
_modules/@radix-ui/react-portal/dist/index.mjs:11:
22
    at SelectPortal
    at C:\Users\russe\Hyrox-Companion\client\src\c
omponents\ui\select.tsx:97:59
    at Provider (file:///C:/Users/russe/Hyrox-Comp
anion/node_modules/@radix-ui/react-context/dist/in
dex.mjs:27:15)
    at Provider (file:///C:/Users/russe/Hyrox-Comp
anion/node_modules/@radix-ui/react-context/dist/in
dex.mjs:27:15)
    at CollectionProvider (file:///C:/Users/russe/
Hyrox-Companion/node_modules/@radix-ui/react-colle
ction/dist/index.mjs:17:13)
    at Provider (file:///C:/Users/russe/Hyrox-Comp
anion/node_modules/@radix-ui/react-context/dist/in
dex.mjs:27:15)
    at Provider (file:///C:/Users/russe/Hyrox-Comp
anion/node_modules/@radix-ui/react-context/dist/in
dex.mjs:27:15)
    at Popper (file:///C:/Users/russe/Hyrox-Compan
ion/node_modules/@radix-ui/react-popper/dist/index
.mjs:30:11)
    at Select (file:///C:/Users/russe/Hyrox-Compan
ion/node_modules/@radix-ui/react-select/dist/index
.mjs:42:5)
    at div
    at PlanSelector (C:\Users\russe\Hyrox-Companio
n\client\src\components\timeline\timeline-filters\
PlanSelector.tsx:12:3)
    at div
    at Provider (file:///C:/Users/russe/Hyrox-Comp
anion/node_modules/@radix-ui/react-context/dist/in
dex.mjs:27:15)
    at TooltipProvider (file:///C:/Users/russe/Hyr
ox-Companion/node_modules/@radix-ui/react-tooltip/
dist/index.mjs:29:5)
    at div
    at C:\Users\russe\Hyrox-Companion\client\src\c
omponents\ui\card.tsx:81:57
    at div
    at C:\Users\russe\Hyrox-Companion\client\src\c
omponents\ui\card.tsx:7:50
    at TimelineFilters (C:\Users\russe\Hyrox-Compa
nion\client\src\components\timeline\timeline-filte
rs\TimelineFilters.tsx:28:3)
Warning: An update to SelectScrollUpButton inside 
a test was not wrapped in act(...).

When testing, code that causes React state 
updates should be wrapped into act(...):

act(() => {
  /* fire events that update state */
});
/* assert on the output */

This ensures that you're testing the behavior the 
user would see in the browser. Learn more at 
https://reactjs.org/link/wrap-tests-with-act
    at file:///C:/Users/russe/Hyrox-Companion/node
_modules/@radix-ui/react-select/dist/index.mjs:941
:79
    at C:\Users\russe\Hyrox-Companion\client\src\c
omponents\ui\select.tsx:47:66
    at div
    at file:///C:/Users/russe/Hyrox-Companion/node
_modules/@radix-ui/react-primitive/dist/index.mjs:
28:13
    at Provider (file:///C:/Users/russe/Hyrox-Comp
anion/node_modules/@radix-ui/react-context/dist/in
dex.mjs:27:15)
    at div
    at file:///C:/Users/russe/Hyrox-Companion/node
_modules/@radix-ui/react-popper/dist/index.mjs:59:
7
    at file:///C:/Users/russe/Hyrox-Companion/node
_modules/@radix-ui/react-select/dist/index.mjs:676
:5
    at file:///C:/Users/russe/Hyrox-Companion/node
_modules/@radix-ui/react-primitive/node_modules/@r
adix-ui/react-slot/dist/index.mjs:33:13
    at file:///C:/Users/russe/Hyrox-Companion/node
_modules/@radix-ui/react-primitive/node_modules/@r
adix-ui/react-slot/dist/index.mjs:9:13
    at file:///C:/Users/russe/Hyrox-Companion/node
_modules/@radix-ui/react-primitive/dist/index.mjs:
28:13
    at file:///C:/Users/russe/Hyrox-Companion/node
_modules/@radix-ui/react-dismissable-layer/dist/in
dex.mjs:24:7
    at file:///C:/Users/russe/Hyrox-Companion/node
_modules/@radix-ui/react-primitive/node_modules/@r
adix-ui/react-slot/dist/index.mjs:33:13
    at file:///C:/Users/russe/Hyrox-Companion/node
_modules/@radix-ui/react-primitive/node_modules/@r
adix-ui/react-slot/dist/index.mjs:9:13
    at file:///C:/Users/russe/Hyrox-Companion/node
_modules/@radix-ui/react-primitive/dist/index.mjs:
28:13
    at file:///C:/Users/russe/Hyrox-Companion/node
_modules/@radix-ui/react-focus-scope/dist/index.mj
s:15:5
    at file:///C:/Users/russe/Hyrox-Companion/node
_modules/@radix-ui/react-select/node_modules/@radi
x-ui/react-slot/dist/index.mjs:33:13
    at file:///C:/Users/russe/Hyrox-Companion/node
_modules/@radix-ui/react-select/node_modules/@radi
x-ui/react-slot/dist/index.mjs:9:13
    at C:\Users\russe\Hyrox-Companion\node_modules
\react-remove-scroll\dist\es5\UI.js:16:21
    at Provider (file:///C:/Users/russe/Hyrox-Comp
anion/node_modules/@radix-ui/react-context/dist/in
dex.mjs:27:15)
    at file:///C:/Users/russe/Hyrox-Companion/node
_modules/@radix-ui/react-select/dist/index.mjs:279
:7
    at file:///C:/Users/russe/Hyrox-Companion/node
_modules/@radix-ui/react-select/dist/index.mjs:256
:58
    at file:///C:/Users/russe/Hyrox-Companion/node
_modules/@radix-ui/react-primitive/node_modules/@r
adix-ui/react-slot/dist/index.mjs:33:13
    at file:///C:/Users/russe/Hyrox-Companion/node
_modules/@radix-ui/react-primitive/node_modules/@r
adix-ui/react-slot/dist/index.mjs:9:13
    at file:///C:/Users/russe/Hyrox-Companion/node
_modules/@radix-ui/react-primitive/dist/index.mjs:
28:13
    at file:///C:/Users/russe/Hyrox-Companion/node
_modules/@radix-ui/react-portal/dist/index.mjs:11:
22
    at SelectPortal
    at C:\Users\russe\Hyrox-Companion\client\src\c
omponents\ui\select.tsx:97:59
    at Provider (file:///C:/Users/russe/Hyrox-Comp
anion/node_modules/@radix-ui/react-context/dist/in
dex.mjs:27:15)
    at Provider (file:///C:/Users/russe/Hyrox-Comp
anion/node_modules/@radix-ui/react-context/dist/in
dex.mjs:27:15)
    at CollectionProvider (file:///C:/Users/russe/
Hyrox-Companion/node_modules/@radix-ui/react-colle
ction/dist/index.mjs:17:13)
    at Provider (file:///C:/Users/russe/Hyrox-Comp
anion/node_modules/@radix-ui/react-context/dist/in
dex.mjs:27:15)
    at Provider (file:///C:/Users/russe/Hyrox-Comp
anion/node_modules/@radix-ui/react-context/dist/in
dex.mjs:27:15)
    at Popper (file:///C:/Users/russe/Hyrox-Compan
ion/node_modules/@radix-ui/react-popper/dist/index
.mjs:30:11)
    at Select (file:///C:/Users/russe/Hyrox-Compan
ion/node_modules/@radix-ui/react-select/dist/index
.mjs:42:5)
    at div
    at PlanSelector (C:\Users\russe\Hyrox-Companio
n\client\src\components\timeline\timeline-filters\
PlanSelector.tsx:12:3)
    at div
    at Provider (file:///C:/Users/russe/Hyrox-Comp
anion/node_modules/@radix-ui/react-context/dist/in
dex.mjs:27:15)
    at TooltipProvider (file:///C:/Users/russe/Hyr
ox-Companion/node_modules/@radix-ui/react-tooltip/
dist/index.mjs:29:5)
    at div
    at C:\Users\russe\Hyrox-Companion\client\src\c
omponents\ui\card.tsx:81:57
    at div
    at C:\Users\russe\Hyrox-Companion\client\src\c
omponents\ui\card.tsx:7:50
    at TimelineFilters (C:\Users\russe\Hyrox-Compa
nion\client\src\components\timeline\timeline-filte
rs\TimelineFilters.tsx:28:3)
Warning: An update to SelectItemText inside a 
test was not wrapped in act(...).

When testing, code that causes React state 
updates should be wrapped into act(...):

act(() => {
  /* fire events that update state */
});
/* assert on the output */

This ensures that you're testing the behavior the 
user would see in the browser. Learn more at 
https://reactjs.org/link/wrap-tests-with-act
    at file:///C:/Users/russe/Hyrox-Companion/node
_modules/@radix-ui/react-select/dist/index.mjs:901
:13
    at div
    at file:///C:/Users/russe/Hyrox-Companion/node
_modules/@radix-ui/react-primitive/dist/index.mjs:
28:13
    at file:///C:/Users/russe/Hyrox-Companion/node
_modules/@radix-ui/react-collection/node_modules/@
radix-ui/react-slot/dist/index.mjs:33:13
    at file:///C:/Users/russe/Hyrox-Companion/node
_modules/@radix-ui/react-collection/node_modules/@
radix-ui/react-slot/dist/index.mjs:9:13
    at file:///C:/Users/russe/Hyrox-Companion/node
_modules/@radix-ui/react-collection/dist/index.mjs
:39:15
    at Provider (file:///C:/Users/russe/Hyrox-Comp
anion/node_modules/@radix-ui/react-context/dist/in
dex.mjs:27:15)
    at file:///C:/Users/russe/Hyrox-Companion/node
_modules/@radix-ui/react-select/dist/index.mjs:800
:7
    at C:\Users\russe\Hyrox-Companion\client\src\c
omponents\ui\select.tsx:170:56
    at div
    at file:///C:/Users/russe/Hyrox-Companion/node
_modules/@radix-ui/react-primitive/dist/index.mjs:
28:13
    at file:///C:/Users/russe/Hyrox-Companion/node
_modules/@radix-ui/react-collection/node_modules/@
radix-ui/react-slot/dist/index.mjs:33:13
    at file:///C:/Users/russe/Hyrox-Companion/node
_modules/@radix-ui/react-collection/node_modules/@
radix-ui/react-slot/dist/index.mjs:9:13
    at file:///C:/Users/russe/Hyrox-Companion/node
_modules/@radix-ui/react-collection/dist/index.mjs
:27:15
    at file:///C:/Users/russe/Hyrox-Companion/node
_modules/@radix-ui/react-select/dist/index.mjs:711
:13
    at div
    at file:///C:/Users/russe/Hyrox-Companion/node
_modules/@radix-ui/react-primitive/dist/index.mjs:
28:13
    at Provider (file:///C:/Users/russe/Hyrox-Comp
anion/node_modules/@radix-ui/react-context/dist/in
dex.mjs:27:15)
    at div
    at file:///C:/Users/russe/Hyrox-Companion/node
_modules/@radix-ui/react-popper/dist/index.mjs:59:
7
    at file:///C:/Users/russe/Hyrox-Companion/node
_modules/@radix-ui/react-select/dist/index.mjs:676
:5
    at file:///C:/Users/russe/Hyrox-Companion/node
_modules/@radix-ui/react-primitive/node_modules/@r
adix-ui/react-slot/dist/index.mjs:33:13
    at file:///C:/Users/russe/Hyrox-Companion/node
_modules/@radix-ui/react-primitive/node_modules/@r
adix-ui/react-slot/dist/index.mjs:9:13
    at file:///C:/Users/russe/Hyrox-Companion/node
_modules/@radix-ui/react-primitive/dist/index.mjs:
28:13
    at file:///C:/Users/russe/Hyrox-Companion/node
_modules/@radix-ui/react-dismissable-layer/dist/in
dex.mjs:24:7
    at file:///C:/Users/russe/Hyrox-Companion/node
_modules/@radix-ui/react-primitive/node_modules/@r
adix-ui/react-slot/dist/index.mjs:33:13
    at file:///C:/Users/russe/Hyrox-Companion/node
_modules/@radix-ui/react-primitive/node_modules/@r
adix-ui/react-slot/dist/index.mjs:9:13
    at file:///C:/Users/russe/Hyrox-Companion/node
_modules/@radix-ui/react-primitive/dist/index.mjs:
28:13
    at file:///C:/Users/russe/Hyrox-Companion/node
_modules/@radix-ui/react-focus-scope/dist/index.mj
s:15:5
    at file:///C:/Users/russe/Hyrox-Companion/node
_modules/@radix-ui/react-select/node_modules/@radi
x-ui/react-slot/dist/index.mjs:33:13
    at file:///C:/Users/russe/Hyrox-Companion/node
_modules/@radix-ui/react-select/node_modules/@radi
x-ui/react-slot/dist/index.mjs:9:13
    at C:\Users\russe\Hyrox-Companion\node_modules
\react-remove-scroll\dist\es5\UI.js:16:21
    at Provider (file:///C:/Users/russe/Hyrox-Comp
anion/node_modules/@radix-ui/react-context/dist/in
dex.mjs:27:15)
    at file:///C:/Users/russe/Hyrox-Companion/node
_modules/@radix-ui/react-select/dist/index.mjs:279
:7
    at file:///C:/Users/russe/Hyrox-Companion/node
_modules/@radix-ui/react-select/dist/index.mjs:256
:58
    at file:///C:/Users/russe/Hyrox-Companion/node
_modules/@radix-ui/react-primitive/node_modules/@r
adix-ui/react-slot/dist/index.mjs:33:13
    at file:///C:/Users/russe/Hyrox-Companion/node
_modules/@radix-ui/react-primitive/node_modules/@r
adix-ui/react-slot/dist/index.mjs:9:13
    at file:///C:/Users/russe/Hyrox-Companion/node
_modules/@radix-ui/react-primitive/dist/index.mjs:
28:13
    at file:///C:/Users/russe/Hyrox-Companion/node
_modules/@radix-ui/react-portal/dist/index.mjs:11:
22
    at SelectPortal
    at C:\Users\russe\Hyrox-Companion\client\src\c
omponents\ui\select.tsx:97:59
    at Provider (file:///C:/Users/russe/Hyrox-Comp
anion/node_modules/@radix-ui/react-context/dist/in
dex.mjs:27:15)
    at Provider (file:///C:/Users/russe/Hyrox-Comp
anion/node_modules/@radix-ui/react-context/dist/in
dex.mjs:27:15)
    at CollectionProvider (file:///C:/Users/russe/
Hyrox-Companion/node_modules/@radix-ui/react-colle
ction/dist/index.mjs:17:13)
    at Provider (file:///C:/Users/russe/Hyrox-Comp
anion/node_modules/@radix-ui/react-context/dist/in
dex.mjs:27:15)
    at Provider (file:///C:/Users/russe/Hyrox-Comp
anion/node_modules/@radix-ui/react-context/dist/in
dex.mjs:27:15)
    at Popper (file:///C:/Users/russe/Hyrox-Compan
ion/node_modules/@radix-ui/react-popper/dist/index
.mjs:30:11)
    at Select (file:///C:/Users/russe/Hyrox-Compan
ion/node_modules/@radix-ui/react-select/dist/index
.mjs:42:5)
    at div
    at PlanSelector (C:\Users\russe\Hyrox-Companio
n\client\src\components\timeline\timeline-filters\
PlanSelector.tsx:12:3)
    at div
    at Provider (file:///C:/Users/russe/Hyrox-Comp
anion/node_modules/@radix-ui/react-context/dist/in
dex.mjs:27:15)
    at TooltipProvider (file:///C:/Users/russe/Hyr
ox-Companion/node_modules/@radix-ui/react-tooltip/
dist/index.mjs:29:5)
    at div
    at C:\Users\russe\Hyrox-Companion\client\src\c
omponents\ui\card.tsx:81:57
    at div
    at C:\Users\russe\Hyrox-Companion\client\src\c
omponents\ui\card.tsx:7:50
    at TimelineFilters (C:\Users\russe\Hyrox-Compa
nion\client\src\components\timeline\timeline-filte
rs\TimelineFilters.tsx:28:3)
Warning: An update to SelectItem inside a test 
was not wrapped in act(...).

When testing, code that causes React state 
updates should be wrapped into act(...):

act(() => {
  /* fire events that update state */
});
/* assert on the output */

This ensures that you're testing the behavior the 
user would see in the browser. Learn more at 
https://reactjs.org/link/wrap-tests-with-act
    at file:///C:/Users/russe/Hyrox-Companion/node
_modules/@radix-ui/react-select/dist/index.mjs:800
:7
    at C:\Users\russe\Hyrox-Companion\client\src\c
omponents\ui\select.tsx:170:56
    at div
    at file:///C:/Users/russe/Hyrox-Companion/node
_modules/@radix-ui/react-primitive/dist/index.mjs:
28:13
    at file:///C:/Users/russe/Hyrox-Companion/node
_modules/@radix-ui/react-collection/node_modules/@
radix-ui/react-slot/dist/index.mjs:33:13
    at file:///C:/Users/russe/Hyrox-Companion/node
_modules/@radix-ui/react-collection/node_modules/@
radix-ui/react-slot/dist/index.mjs:9:13
    at file:///C:/Users/russe/Hyrox-Companion/node
_modules/@radix-ui/react-collection/dist/index.mjs
:27:15
    at file:///C:/Users/russe/Hyrox-Companion/node
_modules/@radix-ui/react-select/dist/index.mjs:711
:13
    at div
    at file:///C:/Users/russe/Hyrox-Companion/node
_modules/@radix-ui/react-primitive/dist/index.mjs:
28:13
    at Provider (file:///C:/Users/russe/Hyrox-Comp
anion/node_modules/@radix-ui/react-context/dist/in
dex.mjs:27:15)
    at div
    at file:///C:/Users/russe/Hyrox-Companion/node
_modules/@radix-ui/react-popper/dist/index.mjs:59:
7
    at file:///C:/Users/russe/Hyrox-Companion/node
_modules/@radix-ui/react-select/dist/index.mjs:676
:5
    at file:///C:/Users/russe/Hyrox-Companion/node
_modules/@radix-ui/react-primitive/node_modules/@r
adix-ui/react-slot/dist/index.mjs:33:13
    at file:///C:/Users/russe/Hyrox-Companion/node
_modules/@radix-ui/react-primitive/node_modules/@r
adix-ui/react-slot/dist/index.mjs:9:13
    at file:///C:/Users/russe/Hyrox-Companion/node
_modules/@radix-ui/react-primitive/dist/index.mjs:
28:13
    at file:///C:/Users/russe/Hyrox-Companion/node
_modules/@radix-ui/react-dismissable-layer/dist/in
dex.mjs:24:7
    at file:///C:/Users/russe/Hyrox-Companion/node
_modules/@radix-ui/react-primitive/node_modules/@r
adix-ui/react-slot/dist/index.mjs:33:13
    at file:///C:/Users/russe/Hyrox-Companion/node
_modules/@radix-ui/react-primitive/node_modules/@r
adix-ui/react-slot/dist/index.mjs:9:13
    at file:///C:/Users/russe/Hyrox-Companion/node
_modules/@radix-ui/react-primitive/dist/index.mjs:
28:13
    at file:///C:/Users/russe/Hyrox-Companion/node
_modules/@radix-ui/react-focus-scope/dist/index.mj
s:15:5
    at file:///C:/Users/russe/Hyrox-Companion/node
_modules/@radix-ui/react-select/node_modules/@radi
x-ui/react-slot/dist/index.mjs:33:13
    at file:///C:/Users/russe/Hyrox-Companion/node
_modules/@radix-ui/react-select/node_modules/@radi
x-ui/react-slot/dist/index.mjs:9:13
    at C:\Users\russe\Hyrox-Companion\node_modules
\react-remove-scroll\dist\es5\UI.js:16:21
    at Provider (file:///C:/Users/russe/Hyrox-Comp
anion/node_modules/@radix-ui/react-context/dist/in
dex.mjs:27:15)
    at file:///C:/Users/russe/Hyrox-Companion/node
_modules/@radix-ui/react-select/dist/index.mjs:279
:7
    at file:///C:/Users/russe/Hyrox-Companion/node
_modules/@radix-ui/react-select/dist/index.mjs:256
:58
    at file:///C:/Users/russe/Hyrox-Companion/node
_modules/@radix-ui/react-primitive/node_modules/@r
adix-ui/react-slot/dist/index.mjs:33:13
    at file:///C:/Users/russe/Hyrox-Companion/node
_modules/@radix-ui/react-primitive/node_modules/@r
adix-ui/react-slot/dist/index.mjs:9:13
    at file:///C:/Users/russe/Hyrox-Companion/node
_modules/@radix-ui/react-primitive/dist/index.mjs:
28:13
    at file:///C:/Users/russe/Hyrox-Companion/node
_modules/@radix-ui/react-portal/dist/index.mjs:11:
22
    at SelectPortal
    at C:\Users\russe\Hyrox-Companion\client\src\c
omponents\ui\select.tsx:97:59
    at Provider (file:///C:/Users/russe/Hyrox-Comp
anion/node_modules/@radix-ui/react-context/dist/in
dex.mjs:27:15)
    at Provider (file:///C:/Users/russe/Hyrox-Comp
anion/node_modules/@radix-ui/react-context/dist/in
dex.mjs:27:15)
    at CollectionProvider (file:///C:/Users/russe/
Hyrox-Companion/node_modules/@radix-ui/react-colle
ction/dist/index.mjs:17:13)
    at Provider (file:///C:/Users/russe/Hyrox-Comp
anion/node_modules/@radix-ui/react-context/dist/in
dex.mjs:27:15)
    at Provider (file:///C:/Users/russe/Hyrox-Comp
anion/node_modules/@radix-ui/react-context/dist/in
dex.mjs:27:15)
    at Popper (file:///C:/Users/russe/Hyrox-Compan
ion/node_modules/@radix-ui/react-popper/dist/index
.mjs:30:11)
    at Select (file:///C:/Users/russe/Hyrox-Compan
ion/node_modules/@radix-ui/react-select/dist/index
.mjs:42:5)
    at div
    at PlanSelector (C:\Users\russe\Hyrox-Companio
n\client\src\components\timeline\timeline-filters\
PlanSelector.tsx:12:3)
    at div
    at Provider (file:///C:/Users/russe/Hyrox-Comp
anion/node_modules/@radix-ui/react-context/dist/in
dex.mjs:27:15)
    at TooltipProvider (file:///C:/Users/russe/Hyr
ox-Companion/node_modules/@radix-ui/react-tooltip/
dist/index.mjs:29:5)
    at div
    at C:\Users\russe\Hyrox-Companion\client\src\c
omponents\ui\card.tsx:81:57
    at div
    at C:\Users\russe\Hyrox-Companion\client\src\c
omponents\ui\card.tsx:7:50
    at TimelineFilters (C:\Users\russe\Hyrox-Compa
nion\client\src\components\timeline\timeline-filte
rs\TimelineFilters.tsx:28:3)
Warning: An update to SelectItemText inside a 
test was not wrapped in act(...).

When testing, code that causes React state 
updates should be wrapped into act(...):

act(() => {
  /* fire events that update state */
});
/* assert on the output */

This ensures that you're testing the behavior the 
user would see in the browser. Learn more at 
https://reactjs.org/link/wrap-tests-with-act
    at file:///C:/Users/russe/Hyrox-Companion/node
_modules/@radix-ui/react-select/dist/index.mjs:901
:13
    at div
    at file:///C:/Users/russe/Hyrox-Companion/node
_modules/@radix-ui/react-primitive/dist/index.mjs:
28:13
    at file:///C:/Users/russe/Hyrox-Companion/node
_modules/@radix-ui/react-collection/node_modules/@
radix-ui/react-slot/dist/index.mjs:33:13
    at file:///C:/Users/russe/Hyrox-Companion/node
_modules/@radix-ui/react-collection/node_modules/@
radix-ui/react-slot/dist/index.mjs:9:13
    at file:///C:/Users/russe/Hyrox-Companion/node
_modules/@radix-ui/react-collection/dist/index.mjs
:39:15
    at Provider (file:///C:/Users/russe/Hyrox-Comp
anion/node_modules/@radix-ui/react-context/dist/in
dex.mjs:27:15)
    at file:///C:/Users/russe/Hyrox-Companion/node
_modules/@radix-ui/react-select/dist/index.mjs:800
:7
    at C:\Users\russe\Hyrox-Companion\client\src\c
omponents\ui\select.tsx:170:56
    at div
    at file:///C:/Users/russe/Hyrox-Companion/node
_modules/@radix-ui/react-primitive/dist/index.mjs:
28:13
    at file:///C:/Users/russe/Hyrox-Companion/node
_modules/@radix-ui/react-collection/node_modules/@
radix-ui/react-slot/dist/index.mjs:33:13
    at file:///C:/Users/russe/Hyrox-Companion/node
_modules/@radix-ui/react-collection/node_modules/@
radix-ui/react-slot/dist/index.mjs:9:13
    at file:///C:/Users/russe/Hyrox-Companion/node
_modules/@radix-ui/react-collection/dist/index.mjs
:27:15
    at file:///C:/Users/russe/Hyrox-Companion/node
_modules/@radix-ui/react-select/dist/index.mjs:711
:13
    at div
    at file:///C:/Users/russe/Hyrox-Companion/node
_modules/@radix-ui/react-primitive/dist/index.mjs:
28:13
    at Provider (file:///C:/Users/russe/Hyrox-Comp
anion/node_modules/@radix-ui/react-context/dist/in
dex.mjs:27:15)
    at div
    at file:///C:/Users/russe/Hyrox-Companion/node
_modules/@radix-ui/react-popper/dist/index.mjs:59:
7
    at file:///C:/Users/russe/Hyrox-Companion/node
_modules/@radix-ui/react-select/dist/index.mjs:676
:5
    at file:///C:/Users/russe/Hyrox-Companion/node
_modules/@radix-ui/react-primitive/node_modules/@r
adix-ui/react-slot/dist/index.mjs:33:13
    at file:///C:/Users/russe/Hyrox-Companion/node
_modules/@radix-ui/react-primitive/node_modules/@r
adix-ui/react-slot/dist/index.mjs:9:13
    at file:///C:/Users/russe/Hyrox-Companion/node
_modules/@radix-ui/react-primitive/dist/index.mjs:
28:13
    at file:///C:/Users/russe/Hyrox-Companion/node
_modules/@radix-ui/react-dismissable-layer/dist/in
dex.mjs:24:7
    at file:///C:/Users/russe/Hyrox-Companion/node
_modules/@radix-ui/react-primitive/node_modules/@r
adix-ui/react-slot/dist/index.mjs:33:13
    at file:///C:/Users/russe/Hyrox-Companion/node
_modules/@radix-ui/react-primitive/node_modules/@r
adix-ui/react-slot/dist/index.mjs:9:13
    at file:///C:/Users/russe/Hyrox-Companion/node
_modules/@radix-ui/react-primitive/dist/index.mjs:
28:13
    at file:///C:/Users/russe/Hyrox-Companion/node
_modules/@radix-ui/react-focus-scope/dist/index.mj
s:15:5
    at file:///C:/Users/russe/Hyrox-Companion/node
_modules/@radix-ui/react-select/node_modules/@radi
x-ui/react-slot/dist/index.mjs:33:13
    at file:///C:/Users/russe/Hyrox-Companion/node
_modules/@radix-ui/react-select/node_modules/@radi
x-ui/react-slot/dist/index.mjs:9:13
    at C:\Users\russe\Hyrox-Companion\node_modules
\react-remove-scroll\dist\es5\UI.js:16:21
    at Provider (file:///C:/Users/russe/Hyrox-Comp
anion/node_modules/@radix-ui/react-context/dist/in
dex.mjs:27:15)
    at file:///C:/Users/russe/Hyrox-Companion/node
_modules/@radix-ui/react-select/dist/index.mjs:279
:7
    at file:///C:/Users/russe/Hyrox-Companion/node
_modules/@radix-ui/react-select/dist/index.mjs:256
:58
    at file:///C:/Users/russe/Hyrox-Companion/node
_modules/@radix-ui/react-primitive/node_modules/@r
adix-ui/react-slot/dist/index.mjs:33:13
    at file:///C:/Users/russe/Hyrox-Companion/node
_modules/@radix-ui/react-primitive/node_modules/@r
adix-ui/react-slot/dist/index.mjs:9:13
    at file:///C:/Users/russe/Hyrox-Companion/node
_modules/@radix-ui/react-primitive/dist/index.mjs:
28:13
    at file:///C:/Users/russe/Hyrox-Companion/node
_modules/@radix-ui/react-portal/dist/index.mjs:11:
22
    at SelectPortal
    at C:\Users\russe\Hyrox-Companion\client\src\c
omponents\ui\select.tsx:97:59
    at Provider (file:///C:/Users/russe/Hyrox-Comp
anion/node_modules/@radix-ui/react-context/dist/in
dex.mjs:27:15)
    at Provider (file:///C:/Users/russe/Hyrox-Comp
anion/node_modules/@radix-ui/react-context/dist/in
dex.mjs:27:15)
    at CollectionProvider (file:///C:/Users/russe/
Hyrox-Companion/node_modules/@radix-ui/react-colle
ction/dist/index.mjs:17:13)
    at Provider (file:///C:/Users/russe/Hyrox-Comp
anion/node_modules/@radix-ui/react-context/dist/in
dex.mjs:27:15)
    at Provider (file:///C:/Users/russe/Hyrox-Comp
anion/node_modules/@radix-ui/react-context/dist/in
dex.mjs:27:15)
    at Popper (file:///C:/Users/russe/Hyrox-Compan
ion/node_modules/@radix-ui/react-popper/dist/index
.mjs:30:11)
    at Select (file:///C:/Users/russe/Hyrox-Compan
ion/node_modules/@radix-ui/react-select/dist/index
.mjs:42:5)
    at div
    at PlanSelector (C:\Users\russe\Hyrox-Companio
n\client\src\components\timeline\timeline-filters\
PlanSelector.tsx:12:3)
    at div
    at Provider (file:///C:/Users/russe/Hyrox-Comp
anion/node_modules/@radix-ui/react-context/dist/in
dex.mjs:27:15)
    at TooltipProvider (file:///C:/Users/russe/Hyr
ox-Companion/node_modules/@radix-ui/react-tooltip/
dist/index.mjs:29:5)
    at div
    at C:\Users\russe\Hyrox-Companion\client\src\c
omponents\ui\card.tsx:81:57
    at div
    at C:\Users\russe\Hyrox-Companion\client\src\c
omponents\ui\card.tsx:7:50
    at TimelineFilters (C:\Users\russe\Hyrox-Compa
nion\client\src\components\timeline\timeline-filte
rs\TimelineFilters.tsx:28:3)
Warning: An update to SelectItem inside a test 
was not wrapped in act(...).

When testing, code that causes React state 
updates should be wrapped into act(...):

act(() => {
  /* fire events that update state */
});
/* assert on the output */

This ensures that you're testing the behavior the 
user would see in the browser. Learn more at 
https://reactjs.org/link/wrap-tests-with-act
    at file:///C:/Users/russe/Hyrox-Companion/node
_modules/@radix-ui/react-select/dist/index.mjs:800
:7
    at C:\Users\russe\Hyrox-Companion\client\src\c
omponents\ui\select.tsx:170:56
    at div
    at file:///C:/Users/russe/Hyrox-Companion/node
_modules/@radix-ui/react-primitive/dist/index.mjs:
28:13
    at file:///C:/Users/russe/Hyrox-Companion/node
_modules/@radix-ui/react-collection/node_modules/@
radix-ui/react-slot/dist/index.mjs:33:13
    at file:///C:/Users/russe/Hyrox-Companion/node
_modules/@radix-ui/react-collection/node_modules/@
radix-ui/react-slot/dist/index.mjs:9:13
    at file:///C:/Users/russe/Hyrox-Companion/node
_modules/@radix-ui/react-collection/dist/index.mjs
:27:15
    at file:///C:/Users/russe/Hyrox-Companion/node
_modules/@radix-ui/react-select/dist/index.mjs:711
:13
    at div
    at file:///C:/Users/russe/Hyrox-Companion/node
_modules/@radix-ui/react-primitive/dist/index.mjs:
28:13
    at Provider (file:///C:/Users/russe/Hyrox-Comp
anion/node_modules/@radix-ui/react-context/dist/in
dex.mjs:27:15)
    at div
    at file:///C:/Users/russe/Hyrox-Companion/node
_modules/@radix-ui/react-popper/dist/index.mjs:59:
7
    at file:///C:/Users/russe/Hyrox-Companion/node
_modules/@radix-ui/react-select/dist/index.mjs:676
:5
    at file:///C:/Users/russe/Hyrox-Companion/node
_modules/@radix-ui/react-primitive/node_modules/@r
adix-ui/react-slot/dist/index.mjs:33:13
    at file:///C:/Users/russe/Hyrox-Companion/node
_modules/@radix-ui/react-primitive/node_modules/@r
adix-ui/react-slot/dist/index.mjs:9:13
    at file:///C:/Users/russe/Hyrox-Companion/node
_modules/@radix-ui/react-primitive/dist/index.mjs:
28:13
    at file:///C:/Users/russe/Hyrox-Companion/node
_modules/@radix-ui/react-dismissable-layer/dist/in
dex.mjs:24:7
    at file:///C:/Users/russe/Hyrox-Companion/node
_modules/@radix-ui/react-primitive/node_modules/@r
adix-ui/react-slot/dist/index.mjs:33:13
    at file:///C:/Users/russe/Hyrox-Companion/node
_modules/@radix-ui/react-primitive/node_modules/@r
adix-ui/react-slot/dist/index.mjs:9:13
    at file:///C:/Users/russe/Hyrox-Companion/node
_modules/@radix-ui/react-primitive/dist/index.mjs:
28:13
    at file:///C:/Users/russe/Hyrox-Companion/node
_modules/@radix-ui/react-focus-scope/dist/index.mj
s:15:5
    at file:///C:/Users/russe/Hyrox-Companion/node
_modules/@radix-ui/react-select/node_modules/@radi
x-ui/react-slot/dist/index.mjs:33:13
    at file:///C:/Users/russe/Hyrox-Companion/node
_modules/@radix-ui/react-select/node_modules/@radi
x-ui/react-slot/dist/index.mjs:9:13
    at C:\Users\russe\Hyrox-Companion\node_modules
\react-remove-scroll\dist\es5\UI.js:16:21
    at Provider (file:///C:/Users/russe/Hyrox-Comp
anion/node_modules/@radix-ui/react-context/dist/in
dex.mjs:27:15)
    at file:///C:/Users/russe/Hyrox-Companion/node
_modules/@radix-ui/react-select/dist/index.mjs:279
:7
    at file:///C:/Users/russe/Hyrox-Companion/node
_modules/@radix-ui/react-select/dist/index.mjs:256
:58
    at file:///C:/Users/russe/Hyrox-Companion/node
_modules/@radix-ui/react-primitive/node_modules/@r
adix-ui/react-slot/dist/index.mjs:33:13
    at file:///C:/Users/russe/Hyrox-Companion/node
_modules/@radix-ui/react-primitive/node_modules/@r
adix-ui/react-slot/dist/index.mjs:9:13
    at file:///C:/Users/russe/Hyrox-Companion/node
_modules/@radix-ui/react-primitive/dist/index.mjs:
28:13
    at file:///C:/Users/russe/Hyrox-Companion/node
_modules/@radix-ui/react-portal/dist/index.mjs:11:
22
    at SelectPortal
    at C:\Users\russe\Hyrox-Companion\client\src\c
omponents\ui\select.tsx:97:59
    at Provider (file:///C:/Users/russe/Hyrox-Comp
anion/node_modules/@radix-ui/react-context/dist/in
dex.mjs:27:15)
    at Provider (file:///C:/Users/russe/Hyrox-Comp
anion/node_modules/@radix-ui/react-context/dist/in
dex.mjs:27:15)
    at CollectionProvider (file:///C:/Users/russe/
Hyrox-Companion/node_modules/@radix-ui/react-colle
ction/dist/index.mjs:17:13)
    at Provider (file:///C:/Users/russe/Hyrox-Comp
anion/node_modules/@radix-ui/react-context/dist/in
dex.mjs:27:15)
    at Provider (file:///C:/Users/russe/Hyrox-Comp
anion/node_modules/@radix-ui/react-context/dist/in
dex.mjs:27:15)
    at Popper (file:///C:/Users/russe/Hyrox-Compan
ion/node_modules/@radix-ui/react-popper/dist/index
.mjs:30:11)
    at Select (file:///C:/Users/russe/Hyrox-Compan
ion/node_modules/@radix-ui/react-select/dist/index
.mjs:42:5)
    at div
    at PlanSelector (C:\Users\russe\Hyrox-Companio
n\client\src\components\timeline\timeline-filters\
PlanSelector.tsx:12:3)
    at div
    at Provider (file:///C:/Users/russe/Hyrox-Comp
anion/node_modules/@radix-ui/react-context/dist/in
dex.mjs:27:15)
    at TooltipProvider (file:///C:/Users/russe/Hyr
ox-Companion/node_modules/@radix-ui/react-tooltip/
dist/index.mjs:29:5)
    at div
    at C:\Users\russe\Hyrox-Companion\client\src\c
omponents\ui\card.tsx:81:57
    at div
    at C:\Users\russe\Hyrox-Companion\client\src\c
omponents\ui\card.tsx:7:50
    at TimelineFilters (C:\Users\russe\Hyrox-Compa
nion\client\src\components\timeline\timeline-filte
rs\TimelineFilters.tsx:28:3)
Warning: An update to SelectContentImpl inside a 
test was not wrapped in act(...).

When testing, code that causes React state 
updates should be wrapped into act(...):

act(() => {
  /* fire events that update state */
});
/* assert on the output */

This ensures that you're testing the behavior the 
user would see in the browser. Learn more at 
https://reactjs.org/link/wrap-tests-with-act
    at file:///C:/Users/russe/Hyrox-Companion/node
_modules/@radix-ui/react-select/dist/index.mjs:279
:7
    at file:///C:/Users/russe/Hyrox-Companion/node
_modules/@radix-ui/react-select/dist/index.mjs:256
:58
    at file:///C:/Users/russe/Hyrox-Companion/node
_modules/@radix-ui/react-primitive/node_modules/@r
adix-ui/react-slot/dist/index.mjs:33:13
    at file:///C:/Users/russe/Hyrox-Companion/node
_modules/@radix-ui/react-primitive/node_modules/@r
adix-ui/react-slot/dist/index.mjs:9:13
    at file:///C:/Users/russe/Hyrox-Companion/node
_modules/@radix-ui/react-primitive/dist/index.mjs:
28:13
    at file:///C:/Users/russe/Hyrox-Companion/node
_modules/@radix-ui/react-portal/dist/index.mjs:11:
22
    at SelectPortal
    at C:\Users\russe\Hyrox-Companion\client\src\c
omponents\ui\select.tsx:97:59
    at Provider (file:///C:/Users/russe/Hyrox-Comp
anion/node_modules/@radix-ui/react-context/dist/in
dex.mjs:27:15)
    at Provider (file:///C:/Users/russe/Hyrox-Comp
anion/node_modules/@radix-ui/react-context/dist/in
dex.mjs:27:15)
    at CollectionProvider (file:///C:/Users/russe/
Hyrox-Companion/node_modules/@radix-ui/react-colle
ction/dist/index.mjs:17:13)
    at Provider (file:///C:/Users/russe/Hyrox-Comp
anion/node_modules/@radix-ui/react-context/dist/in
dex.mjs:27:15)
    at Provider (file:///C:/Users/russe/Hyrox-Comp
anion/node_modules/@radix-ui/react-context/dist/in
dex.mjs:27:15)
    at Popper (file:///C:/Users/russe/Hyrox-Compan
ion/node_modules/@radix-ui/react-popper/dist/index
.mjs:30:11)
    at Select (file:///C:/Users/russe/Hyrox-Compan
ion/node_modules/@radix-ui/react-select/dist/index
.mjs:42:5)
    at div
    at PlanSelector (C:\Users\russe\Hyrox-Companio
n\client\src\components\timeline\timeline-filters\
PlanSelector.tsx:12:3)
    at div
    at Provider (file:///C:/Users/russe/Hyrox-Comp
anion/node_modules/@radix-ui/react-context/dist/in
dex.mjs:27:15)
    at TooltipProvider (file:///C:/Users/russe/Hyr
ox-Companion/node_modules/@radix-ui/react-tooltip/
dist/index.mjs:29:5)
    at div
    at C:\Users\russe\Hyrox-Companion\client\src\c
omponents\ui\card.tsx:81:57
    at div
    at C:\Users\russe\Hyrox-Companion\client\src\c
omponents\ui\card.tsx:7:50
    at TimelineFilters (C:\Users\russe\Hyrox-Compa
nion\client\src\components\timeline\timeline-filte
rs\TimelineFilters.tsx:28:3)
Warning: An update to SelectContentImpl inside a 
test was not wrapped in act(...).

When testing, code that causes React state 
updates should be wrapped into act(...):

act(() => {
  /* fire events that update state */
});
/* assert on the output */

This ensures that you're testing the behavior the 
user would see in the browser. Learn more at 
https://reactjs.org/link/wrap-tests-with-act
    at file:///C:/Users/russe/Hyrox-Companion/node
_modules/@radix-ui/react-select/dist/index.mjs:279
:7
    at file:///C:/Users/russe/Hyrox-Companion/node
_modules/@radix-ui/react-select/dist/index.mjs:256
:58
    at file:///C:/Users/russe/Hyrox-Companion/node
_modules/@radix-ui/react-primitive/node_modules/@r
adix-ui/react-slot/dist/index.mjs:33:13
    at file:///C:/Users/russe/Hyrox-Companion/node
_modules/@radix-ui/react-primitive/node_modules/@r
adix-ui/react-slot/dist/index.mjs:9:13
    at file:///C:/Users/russe/Hyrox-Companion/node
_modules/@radix-ui/react-primitive/dist/index.mjs:
28:13
    at file:///C:/Users/russe/Hyrox-Companion/node
_modules/@radix-ui/react-portal/dist/index.mjs:11:
22
    at SelectPortal
    at C:\Users\russe\Hyrox-Companion\client\src\c
omponents\ui\select.tsx:97:59
    at Provider (file:///C:/Users/russe/Hyrox-Comp
anion/node_modules/@radix-ui/react-context/dist/in
dex.mjs:27:15)
    at Provider (file:///C:/Users/russe/Hyrox-Comp
anion/node_modules/@radix-ui/react-context/dist/in
dex.mjs:27:15)
    at CollectionProvider (file:///C:/Users/russe/
Hyrox-Companion/node_modules/@radix-ui/react-colle
ction/dist/index.mjs:17:13)
    at Provider (file:///C:/Users/russe/Hyrox-Comp
anion/node_modules/@radix-ui/react-context/dist/in
dex.mjs:27:15)
    at Provider (file:///C:/Users/russe/Hyrox-Comp
anion/node_modules/@radix-ui/react-context/dist/in
dex.mjs:27:15)
    at Popper (file:///C:/Users/russe/Hyrox-Compan
ion/node_modules/@radix-ui/react-popper/dist/index
.mjs:30:11)
    at Select (file:///C:/Users/russe/Hyrox-Compan
ion/node_modules/@radix-ui/react-select/dist/index
.mjs:42:5)
    at div
    at PlanSelector (C:\Users\russe\Hyrox-Companio
n\client\src\components\timeline\timeline-filters\
PlanSelector.tsx:12:3)
    at div
    at Provider (file:///C:/Users/russe/Hyrox-Comp
anion/node_modules/@radix-ui/react-context/dist/in
dex.mjs:27:15)
    at TooltipProvider (file:///C:/Users/russe/Hyr
ox-Companion/node_modules/@radix-ui/react-tooltip/
dist/index.mjs:29:5)
    at div
    at C:\Users\russe\Hyrox-Companion\client\src\c
omponents\ui\card.tsx:81:57
    at div
    at C:\Users\russe\Hyrox-Companion\client\src\c
omponents\ui\card.tsx:7:50
    at TimelineFilters (C:\Users\russe\Hyrox-Compa
nion\client\src\components\timeline\timeline-filte
rs\TimelineFilters.tsx:28:3)
Warning: An update to SelectItemText inside a 
test was not wrapped in act(...).

When testing, code that causes React state 
updates should be wrapped into act(...):

act(() => {
  /* fire events that update state */
});
/* assert on the output */

This ensures that you're testing the behavior the 
user would see in the browser. Learn more at 
https://reactjs.org/link/wrap-tests-with-act
    at file:///C:/Users/russe/Hyrox-Companion/node
_modules/@radix-ui/react-select/dist/index.mjs:901
:13
    at div
    at file:///C:/Users/russe/Hyrox-Companion/node
_modules/@radix-ui/react-primitive/dist/index.mjs:
28:13
    at file:///C:/Users/russe/Hyrox-Companion/node
_modules/@radix-ui/react-collection/node_modules/@
radix-ui/react-slot/dist/index.mjs:33:13
    at file:///C:/Users/russe/Hyrox-Companion/node
_modules/@radix-ui/react-collection/node_modules/@
radix-ui/react-slot/dist/index.mjs:9:13
    at file:///C:/Users/russe/Hyrox-Companion/node
_modules/@radix-ui/react-collection/dist/index.mjs
:39:15
    at Provider (file:///C:/Users/russe/Hyrox-Comp
anion/node_modules/@radix-ui/react-context/dist/in
dex.mjs:27:15)
    at file:///C:/Users/russe/Hyrox-Companion/node
_modules/@radix-ui/react-select/dist/index.mjs:800
:7
    at C:\Users\russe\Hyrox-Companion\client\src\c
omponents\ui\select.tsx:170:56
    at div
    at file:///C:/Users/russe/Hyrox-Companion/node
_modules/@radix-ui/react-primitive/dist/index.mjs:
28:13
    at file:///C:/Users/russe/Hyrox-Companion/node
_modules/@radix-ui/react-collection/node_modules/@
radix-ui/react-slot/dist/index.mjs:33:13
    at file:///C:/Users/russe/Hyrox-Companion/node
_modules/@radix-ui/react-collection/node_modules/@
radix-ui/react-slot/dist/index.mjs:9:13
    at file:///C:/Users/russe/Hyrox-Companion/node
_modules/@radix-ui/react-collection/dist/index.mjs
:27:15
    at file:///C:/Users/russe/Hyrox-Companion/node
_modules/@radix-ui/react-select/dist/index.mjs:711
:13
    at div
    at file:///C:/Users/russe/Hyrox-Companion/node
_modules/@radix-ui/react-primitive/dist/index.mjs:
28:13
    at Provider (file:///C:/Users/russe/Hyrox-Comp
anion/node_modules/@radix-ui/react-context/dist/in
dex.mjs:27:15)
    at div
    at file:///C:/Users/russe/Hyrox-Companion/node
_modules/@radix-ui/react-popper/dist/index.mjs:59:
7
    at file:///C:/Users/russe/Hyrox-Companion/node
_modules/@radix-ui/react-select/dist/index.mjs:676
:5
    at file:///C:/Users/russe/Hyrox-Companion/node
_modules/@radix-ui/react-primitive/node_modules/@r
adix-ui/react-slot/dist/index.mjs:33:13
    at file:///C:/Users/russe/Hyrox-Companion/node
_modules/@radix-ui/react-primitive/node_modules/@r
adix-ui/react-slot/dist/index.mjs:9:13
    at file:///C:/Users/russe/Hyrox-Companion/node
_modules/@radix-ui/react-primitive/dist/index.mjs:
28:13
    at file:///C:/Users/russe/Hyrox-Companion/node
_modules/@radix-ui/react-dismissable-layer/dist/in
dex.mjs:24:7
    at file:///C:/Users/russe/Hyrox-Companion/node
_modules/@radix-ui/react-primitive/node_modules/@r
adix-ui/react-slot/dist/index.mjs:33:13
    at file:///C:/Users/russe/Hyrox-Companion/node
_modules/@radix-ui/react-primitive/node_modules/@r
adix-ui/react-slot/dist/index.mjs:9:13
    at file:///C:/Users/russe/Hyrox-Companion/node
_modules/@radix-ui/react-primitive/dist/index.mjs:
28:13
    at file:///C:/Users/russe/Hyrox-Companion/node
_modules/@radix-ui/react-focus-scope/dist/index.mj
s:15:5
    at file:///C:/Users/russe/Hyrox-Companion/node
_modules/@radix-ui/react-select/node_modules/@radi
x-ui/react-slot/dist/index.mjs:33:13
    at file:///C:/Users/russe/Hyrox-Companion/node
_modules/@radix-ui/react-select/node_modules/@radi
x-ui/react-slot/dist/index.mjs:9:13
    at C:\Users\russe\Hyrox-Companion\node_modules
\react-remove-scroll\dist\es5\UI.js:16:21
    at Provider (file:///C:/Users/russe/Hyrox-Comp
anion/node_modules/@radix-ui/react-context/dist/in
dex.mjs:27:15)
    at file:///C:/Users/russe/Hyrox-Companion/node
_modules/@radix-ui/react-select/dist/index.mjs:279
:7
    at file:///C:/Users/russe/Hyrox-Companion/node
_modules/@radix-ui/react-select/dist/index.mjs:256
:58
    at file:///C:/Users/russe/Hyrox-Companion/node
_modules/@radix-ui/react-primitive/node_modules/@r
adix-ui/react-slot/dist/index.mjs:33:13
    at file:///C:/Users/russe/Hyrox-Companion/node
_modules/@radix-ui/react-primitive/node_modules/@r
adix-ui/react-slot/dist/index.mjs:9:13
    at file:///C:/Users/russe/Hyrox-Companion/node
_modules/@radix-ui/react-primitive/dist/index.mjs:
28:13
    at file:///C:/Users/russe/Hyrox-Companion/node
_modules/@radix-ui/react-portal/dist/index.mjs:11:
22
    at SelectPortal
    at C:\Users\russe\Hyrox-Companion\client\src\c
omponents\ui\select.tsx:97:59
    at Provider (file:///C:/Users/russe/Hyrox-Comp
anion/node_modules/@radix-ui/react-context/dist/in
dex.mjs:27:15)
    at Provider (file:///C:/Users/russe/Hyrox-Comp
anion/node_modules/@radix-ui/react-context/dist/in
dex.mjs:27:15)
    at CollectionProvider (file:///C:/Users/russe/
Hyrox-Companion/node_modules/@radix-ui/react-colle
ction/dist/index.mjs:17:13)
    at Provider (file:///C:/Users/russe/Hyrox-Comp
anion/node_modules/@radix-ui/react-context/dist/in
dex.mjs:27:15)
    at Provider (file:///C:/Users/russe/Hyrox-Comp
anion/node_modules/@radix-ui/react-context/dist/in
dex.mjs:27:15)
    at Popper (file:///C:/Users/russe/Hyrox-Compan
ion/node_modules/@radix-ui/react-popper/dist/index
.mjs:30:11)
    at Select (file:///C:/Users/russe/Hyrox-Compan
ion/node_modules/@radix-ui/react-select/dist/index
.mjs:42:5)
    at div
    at PlanSelector (C:\Users\russe\Hyrox-Companio
n\client\src\components\timeline\timeline-filters\
PlanSelector.tsx:12:3)
    at div
    at Provider (file:///C:/Users/russe/Hyrox-Comp
anion/node_modules/@radix-ui/react-context/dist/in
dex.mjs:27:15)
    at TooltipProvider (file:///C:/Users/russe/Hyr
ox-Companion/node_modules/@radix-ui/react-tooltip/
dist/index.mjs:29:5)
    at div
    at C:\Users\russe\Hyrox-Companion\client\src\c
omponents\ui\card.tsx:81:57
    at div
    at C:\Users\russe\Hyrox-Companion\client\src\c
omponents\ui\card.tsx:7:50
    at TimelineFilters (C:\Users\russe\Hyrox-Compa
nion\client\src\components\timeline\timeline-filte
rs\TimelineFilters.tsx:28:3)
Warning: An update to SelectItem inside a test 
was not wrapped in act(...).

When testing, code that causes React state 
updates should be wrapped into act(...):

act(() => {
  /* fire events that update state */
});
/* assert on the output */

This ensures that you're testing the behavior the 
user would see in the browser. Learn more at 
https://reactjs.org/link/wrap-tests-with-act
    at file:///C:/Users/russe/Hyrox-Companion/node
_modules/@radix-ui/react-select/dist/index.mjs:800
:7
    at C:\Users\russe\Hyrox-Companion\client\src\c
omponents\ui\select.tsx:170:56
    at div
    at file:///C:/Users/russe/Hyrox-Companion/node
_modules/@radix-ui/react-primitive/dist/index.mjs:
28:13
    at file:///C:/Users/russe/Hyrox-Companion/node
_modules/@radix-ui/react-collection/node_modules/@
radix-ui/react-slot/dist/index.mjs:33:13
    at file:///C:/Users/russe/Hyrox-Companion/node
_modules/@radix-ui/react-collection/node_modules/@
radix-ui/react-slot/dist/index.mjs:9:13
    at file:///C:/Users/russe/Hyrox-Companion/node
_modules/@radix-ui/react-collection/dist/index.mjs
:27:15
    at file:///C:/Users/russe/Hyrox-Companion/node
_modules/@radix-ui/react-select/dist/index.mjs:711
:13
    at div
    at file:///C:/Users/russe/Hyrox-Companion/node
_modules/@radix-ui/react-primitive/dist/index.mjs:
28:13
    at Provider (file:///C:/Users/russe/Hyrox-Comp
anion/node_modules/@radix-ui/react-context/dist/in
dex.mjs:27:15)
    at div
    at file:///C:/Users/russe/Hyrox-Companion/node
_modules/@radix-ui/react-popper/dist/index.mjs:59:
7
    at file:///C:/Users/russe/Hyrox-Companion/node
_modules/@radix-ui/react-select/dist/index.mjs:676
:5
    at file:///C:/Users/russe/Hyrox-Companion/node
_modules/@radix-ui/react-primitive/node_modules/@r
adix-ui/react-slot/dist/index.mjs:33:13
    at file:///C:/Users/russe/Hyrox-Companion/node
_modules/@radix-ui/react-primitive/node_modules/@r
adix-ui/react-slot/dist/index.mjs:9:13
    at file:///C:/Users/russe/Hyrox-Companion/node
_modules/@radix-ui/react-primitive/dist/index.mjs:
28:13
    at file:///C:/Users/russe/Hyrox-Companion/node
_modules/@radix-ui/react-dismissable-layer/dist/in
dex.mjs:24:7
    at file:///C:/Users/russe/Hyrox-Companion/node
_modules/@radix-ui/react-primitive/node_modules/@r
adix-ui/react-slot/dist/index.mjs:33:13
    at file:///C:/Users/russe/Hyrox-Companion/node
_modules/@radix-ui/react-primitive/node_modules/@r
adix-ui/react-slot/dist/index.mjs:9:13
    at file:///C:/Users/russe/Hyrox-Companion/node
_modules/@radix-ui/react-primitive/dist/index.mjs:
28:13
    at file:///C:/Users/russe/Hyrox-Companion/node
_modules/@radix-ui/react-focus-scope/dist/index.mj
s:15:5
    at file:///C:/Users/russe/Hyrox-Companion/node
_modules/@radix-ui/react-select/node_modules/@radi
x-ui/react-slot/dist/index.mjs:33:13
    at file:///C:/Users/russe/Hyrox-Companion/node
_modules/@radix-ui/react-select/node_modules/@radi
x-ui/react-slot/dist/index.mjs:9:13
    at C:\Users\russe\Hyrox-Companion\node_modules
\react-remove-scroll\dist\es5\UI.js:16:21
    at Provider (file:///C:/Users/russe/Hyrox-Comp
anion/node_modules/@radix-ui/react-context/dist/in
dex.mjs:27:15)
    at file:///C:/Users/russe/Hyrox-Companion/node
_modules/@radix-ui/react-select/dist/index.mjs:279
:7
    at file:///C:/Users/russe/Hyrox-Companion/node
_modules/@radix-ui/react-select/dist/index.mjs:256
:58
    at file:///C:/Users/russe/Hyrox-Companion/node
_modules/@radix-ui/react-primitive/node_modules/@r
adix-ui/react-slot/dist/index.mjs:33:13
    at file:///C:/Users/russe/Hyrox-Companion/node
_modules/@radix-ui/react-primitive/node_modules/@r
adix-ui/react-slot/dist/index.mjs:9:13
    at file:///C:/Users/russe/Hyrox-Companion/node
_modules/@radix-ui/react-primitive/dist/index.mjs:
28:13
    at file:///C:/Users/russe/Hyrox-Companion/node
_modules/@radix-ui/react-portal/dist/index.mjs:11:
22
    at SelectPortal
    at C:\Users\russe\Hyrox-Companion\client\src\c
omponents\ui\select.tsx:97:59
    at Provider (file:///C:/Users/russe/Hyrox-Comp
anion/node_modules/@radix-ui/react-context/dist/in
dex.mjs:27:15)
    at Provider (file:///C:/Users/russe/Hyrox-Comp
anion/node_modules/@radix-ui/react-context/dist/in
dex.mjs:27:15)
    at CollectionProvider (file:///C:/Users/russe/
Hyrox-Companion/node_modules/@radix-ui/react-colle
ction/dist/index.mjs:17:13)
    at Provider (file:///C:/Users/russe/Hyrox-Comp
anion/node_modules/@radix-ui/react-context/dist/in
dex.mjs:27:15)
    at Provider (file:///C:/Users/russe/Hyrox-Comp
anion/node_modules/@radix-ui/react-context/dist/in
dex.mjs:27:15)
    at Popper (file:///C:/Users/russe/Hyrox-Compan
ion/node_modules/@radix-ui/react-popper/dist/index
.mjs:30:11)
    at Select (file:///C:/Users/russe/Hyrox-Compan
ion/node_modules/@radix-ui/react-select/dist/index
.mjs:42:5)
    at div
    at PlanSelector (C:\Users\russe\Hyrox-Companio
n\client\src\components\timeline\timeline-filters\
PlanSelector.tsx:12:3)
    at div
    at Provider (file:///C:/Users/russe/Hyrox-Comp
anion/node_modules/@radix-ui/react-context/dist/in
dex.mjs:27:15)
    at TooltipProvider (file:///C:/Users/russe/Hyr
ox-Companion/node_modules/@radix-ui/react-tooltip/
dist/index.mjs:29:5)
    at div
    at C:\Users\russe\Hyrox-Companion\client\src\c
omponents\ui\card.tsx:81:57
    at div
    at C:\Users\russe\Hyrox-Companion\client\src\c
omponents\ui\card.tsx:7:50
    at TimelineFilters (C:\Users\russe\Hyrox-Compa
nion\client\src\components\timeline\timeline-filte
rs\TimelineFilters.tsx:28:3)
Warning: An update to SelectContentImpl inside a 
test was not wrapped in act(...).

When testing, code that causes React state 
updates should be wrapped into act(...):

act(() => {
  /* fire events that update state */
});
/* assert on the output */

This ensures that you're testing the behavior the 
user would see in the browser. Learn more at 
https://reactjs.org/link/wrap-tests-with-act
    at file:///C:/Users/russe/Hyrox-Companion/node
_modules/@radix-ui/react-select/dist/index.mjs:279
:7
    at file:///C:/Users/russe/Hyrox-Companion/node
_modules/@radix-ui/react-select/dist/index.mjs:256
:58
    at file:///C:/Users/russe/Hyrox-Companion/node
_modules/@radix-ui/react-primitive/node_modules/@r
adix-ui/react-slot/dist/index.mjs:33:13
    at file:///C:/Users/russe/Hyrox-Companion/node
_modules/@radix-ui/react-primitive/node_modules/@r
adix-ui/react-slot/dist/index.mjs:9:13
    at file:///C:/Users/russe/Hyrox-Companion/node
_modules/@radix-ui/react-primitive/dist/index.mjs:
28:13
    at file:///C:/Users/russe/Hyrox-Companion/node
_modules/@radix-ui/react-portal/dist/index.mjs:11:
22
    at SelectPortal
    at C:\Users\russe\Hyrox-Companion\client\src\c
omponents\ui\select.tsx:97:59
    at Provider (file:///C:/Users/russe/Hyrox-Comp
anion/node_modules/@radix-ui/react-context/dist/in
dex.mjs:27:15)
    at Provider (file:///C:/Users/russe/Hyrox-Comp
anion/node_modules/@radix-ui/react-context/dist/in
dex.mjs:27:15)
    at CollectionProvider (file:///C:/Users/russe/
Hyrox-Companion/node_modules/@radix-ui/react-colle
ction/dist/index.mjs:17:13)
    at Provider (file:///C:/Users/russe/Hyrox-Comp
anion/node_modules/@radix-ui/react-context/dist/in
dex.mjs:27:15)
    at Provider (file:///C:/Users/russe/Hyrox-Comp
anion/node_modules/@radix-ui/react-context/dist/in
dex.mjs:27:15)
    at Popper (file:///C:/Users/russe/Hyrox-Compan
ion/node_modules/@radix-ui/react-popper/dist/index
.mjs:30:11)
    at Select (file:///C:/Users/russe/Hyrox-Compan
ion/node_modules/@radix-ui/react-select/dist/index
.mjs:42:5)
    at div
    at PlanSelector (C:\Users\russe\Hyrox-Companio
n\client\src\components\timeline\timeline-filters\
PlanSelector.tsx:12:3)
    at div
    at Provider (file:///C:/Users/russe/Hyrox-Comp
anion/node_modules/@radix-ui/react-context/dist/in
dex.mjs:27:15)
    at TooltipProvider (file:///C:/Users/russe/Hyr
ox-Companion/node_modules/@radix-ui/react-tooltip/
dist/index.mjs:29:5)
    at div
    at C:\Users\russe\Hyrox-Companion\client\src\c
omponents\ui\card.tsx:81:57
    at div
    at C:\Users\russe\Hyrox-Companion\client\src\c
omponents\ui\card.tsx:7:50
    at TimelineFilters (C:\Users\russe\Hyrox-Compa
nion\client\src\components\timeline\timeline-filte
rs\TimelineFilters.tsx:28:3)
Warning: An update to SelectScrollDownButton 
inside a test was not wrapped in act(...).

When testing, code that causes React state 
updates should be wrapped into act(...):

act(() => {
  /* fire events that update state */
});
/* assert on the output */

This ensures that you're testing the behavior the 
user would see in the browser. Learn more at 
https://reactjs.org/link/wrap-tests-with-act
    at file:///C:/Users/russe/Hyrox-Companion/node
_modules/@radix-ui/react-select/dist/index.mjs:975
:81
    at C:\Users\russe\Hyrox-Companion\client\src\c
omponents\ui\select.tsx:72:68
    at div
    at file:///C:/Users/russe/Hyrox-Companion/node
_modules/@radix-ui/react-primitive/dist/index.mjs:
28:13
    at Provider (file:///C:/Users/russe/Hyrox-Comp
anion/node_modules/@radix-ui/react-context/dist/in
dex.mjs:27:15)
    at div
    at file:///C:/Users/russe/Hyrox-Companion/node
_modules/@radix-ui/react-popper/dist/index.mjs:59:
7
    at file:///C:/Users/russe/Hyrox-Companion/node
_modules/@radix-ui/react-select/dist/index.mjs:676
:5
    at file:///C:/Users/russe/Hyrox-Companion/node
_modules/@radix-ui/react-primitive/node_modules/@r
adix-ui/react-slot/dist/index.mjs:33:13
    at file:///C:/Users/russe/Hyrox-Companion/node
_modules/@radix-ui/react-primitive/node_modules/@r
adix-ui/react-slot/dist/index.mjs:9:13
    at file:///C:/Users/russe/Hyrox-Companion/node
_modules/@radix-ui/react-primitive/dist/index.mjs:
28:13
    at file:///C:/Users/russe/Hyrox-Companion/node
_modules/@radix-ui/react-dismissable-layer/dist/in
dex.mjs:24:7
    at file:///C:/Users/russe/Hyrox-Companion/node
_modules/@radix-ui/react-primitive/node_modules/@r
adix-ui/react-slot/dist/index.mjs:33:13
    at file:///C:/Users/russe/Hyrox-Companion/node
_modules/@radix-ui/react-primitive/node_modules/@r
adix-ui/react-slot/dist/index.mjs:9:13
    at file:///C:/Users/russe/Hyrox-Companion/node
_modules/@radix-ui/react-primitive/dist/index.mjs:
28:13
    at file:///C:/Users/russe/Hyrox-Companion/node
_modules/@radix-ui/react-focus-scope/dist/index.mj
s:15:5
    at file:///C:/Users/russe/Hyrox-Companion/node
_modules/@radix-ui/react-select/node_modules/@radi
x-ui/react-slot/dist/index.mjs:33:13
    at file:///C:/Users/russe/Hyrox-Companion/node
_modules/@radix-ui/react-select/node_modules/@radi
x-ui/react-slot/dist/index.mjs:9:13
    at C:\Users\russe\Hyrox-Companion\node_modules
\react-remove-scroll\dist\es5\UI.js:16:21
    at Provider (file:///C:/Users/russe/Hyrox-Comp
anion/node_modules/@radix-ui/react-context/dist/in
dex.mjs:27:15)
    at file:///C:/Users/russe/Hyrox-Companion/node
_modules/@radix-ui/react-select/dist/index.mjs:279
:7
    at file:///C:/Users/russe/Hyrox-Companion/node
_modules/@radix-ui/react-select/dist/index.mjs:256
:58
    at file:///C:/Users/russe/Hyrox-Companion/node
_modules/@radix-ui/react-primitive/node_modules/@r
adix-ui/react-slot/dist/index.mjs:33:13
    at file:///C:/Users/russe/Hyrox-Companion/node
_modules/@radix-ui/react-primitive/node_modules/@r
adix-ui/react-slot/dist/index.mjs:9:13
    at file:///C:/Users/russe/Hyrox-Companion/node
_modules/@radix-ui/react-primitive/dist/index.mjs:
28:13
    at file:///C:/Users/russe/Hyrox-Companion/node
_modules/@radix-ui/react-portal/dist/index.mjs:11:
22
    at SelectPortal
    at C:\Users\russe\Hyrox-Companion\client\src\c
omponents\ui\select.tsx:97:59
    at Provider (file:///C:/Users/russe/Hyrox-Comp
anion/node_modules/@radix-ui/react-context/dist/in
dex.mjs:27:15)
    at Provider (file:///C:/Users/russe/Hyrox-Comp
anion/node_modules/@radix-ui/react-context/dist/in
dex.mjs:27:15)
    at CollectionProvider (file:///C:/Users/russe/
Hyrox-Companion/node_modules/@radix-ui/react-colle
ction/dist/index.mjs:17:13)
    at Provider (file:///C:/Users/russe/Hyrox-Comp
anion/node_modules/@radix-ui/react-context/dist/in
dex.mjs:27:15)
    at Provider (file:///C:/Users/russe/Hyrox-Comp
anion/node_modules/@radix-ui/react-context/dist/in
dex.mjs:27:15)
    at Popper (file:///C:/Users/russe/Hyrox-Compan
ion/node_modules/@radix-ui/react-popper/dist/index
.mjs:30:11)
    at Select (file:///C:/Users/russe/Hyrox-Compan
ion/node_modules/@radix-ui/react-select/dist/index
.mjs:42:5)
    at div
    at PlanSelector (C:\Users\russe\Hyrox-Companio
n\client\src\components\timeline\timeline-filters\
PlanSelector.tsx:12:3)
    at div
    at Provider (file:///C:/Users/russe/Hyrox-Comp
anion/node_modules/@radix-ui/react-context/dist/in
dex.mjs:27:15)
    at TooltipProvider (file:///C:/Users/russe/Hyr
ox-Companion/node_modules/@radix-ui/react-tooltip/
dist/index.mjs:29:5)
    at div
    at C:\Users\russe\Hyrox-Companion\client\src\c
omponents\ui\card.tsx:81:57
    at div
    at C:\Users\russe\Hyrox-Companion\client\src\c
omponents\ui\card.tsx:7:50
    at TimelineFilters (C:\Users\russe\Hyrox-Compa
nion\client\src\components\timeline\timeline-filte
rs\TimelineFilters.tsx:28:3)
Warning: An update to FocusScope inside a test 
was not wrapped in act(...).

When testing, code that causes React state 
updates should be wrapped into act(...):

act(() => {
  /* fire events that update state */
});
/* assert on the output */

This ensures that you're testing the behavior the 
user would see in the browser. Learn more at 
https://reactjs.org/link/wrap-tests-with-act
    at file:///C:/Users/russe/Hyrox-Companion/node
_modules/@radix-ui/react-focus-scope/dist/index.mj
s:15:5
    at file:///C:/Users/russe/Hyrox-Companion/node
_modules/@radix-ui/react-select/node_modules/@radi
x-ui/react-slot/dist/index.mjs:33:13
    at file:///C:/Users/russe/Hyrox-Companion/node
_modules/@radix-ui/react-select/node_modules/@radi
x-ui/react-slot/dist/index.mjs:9:13
    at C:\Users\russe\Hyrox-Companion\node_modules
\react-remove-scroll\dist\es5\UI.js:16:21
    at Provider (file:///C:/Users/russe/Hyrox-Comp
anion/node_modules/@radix-ui/react-context/dist/in
dex.mjs:27:15)
    at file:///C:/Users/russe/Hyrox-Companion/node
_modules/@radix-ui/react-select/dist/index.mjs:279
:7
    at file:///C:/Users/russe/Hyrox-Companion/node
_modules/@radix-ui/react-select/dist/index.mjs:256
:58
    at file:///C:/Users/russe/Hyrox-Companion/node
_modules/@radix-ui/react-primitive/node_modules/@r
adix-ui/react-slot/dist/index.mjs:33:13
    at file:///C:/Users/russe/Hyrox-Companion/node
_modules/@radix-ui/react-primitive/node_modules/@r
adix-ui/react-slot/dist/index.mjs:9:13
    at file:///C:/Users/russe/Hyrox-Companion/node
_modules/@radix-ui/react-primitive/dist/index.mjs:
28:13
    at file:///C:/Users/russe/Hyrox-Companion/node
_modules/@radix-ui/react-portal/dist/index.mjs:11:
22
    at SelectPortal
    at C:\Users\russe\Hyrox-Companion\client\src\c
omponents\ui\select.tsx:97:59
    at Provider (file:///C:/Users/russe/Hyrox-Comp
anion/node_modules/@radix-ui/react-context/dist/in
dex.mjs:27:15)
    at Provider (file:///C:/Users/russe/Hyrox-Comp
anion/node_modules/@radix-ui/react-context/dist/in
dex.mjs:27:15)
    at CollectionProvider (file:///C:/Users/russe/
Hyrox-Companion/node_modules/@radix-ui/react-colle
ction/dist/index.mjs:17:13)
    at Provider (file:///C:/Users/russe/Hyrox-Comp
anion/node_modules/@radix-ui/react-context/dist/in
dex.mjs:27:15)
    at Provider (file:///C:/Users/russe/Hyrox-Comp
anion/node_modules/@radix-ui/react-context/dist/in
dex.mjs:27:15)
    at Popper (file:///C:/Users/russe/Hyrox-Compan
ion/node_modules/@radix-ui/react-popper/dist/index
.mjs:30:11)
    at Select (file:///C:/Users/russe/Hyrox-Compan
ion/node_modules/@radix-ui/react-select/dist/index
.mjs:42:5)
    at div
    at PlanSelector (C:\Users\russe\Hyrox-Companio
n\client\src\components\timeline\timeline-filters\
PlanSelector.tsx:12:3)
    at div
    at Provider (file:///C:/Users/russe/Hyrox-Comp
anion/node_modules/@radix-ui/react-context/dist/in
dex.mjs:27:15)
    at TooltipProvider (file:///C:/Users/russe/Hyr
ox-Companion/node_modules/@radix-ui/react-tooltip/
dist/index.mjs:29:5)
    at div
    at C:\Users\russe\Hyrox-Companion\client\src\c
omponents\ui\card.tsx:81:57
    at div
    at C:\Users\russe\Hyrox-Companion\client\src\c
omponents\ui\card.tsx:7:50
    at TimelineFilters (C:\Users\russe\Hyrox-Compa
nion\client\src\components\timeline\timeline-filte
rs\TimelineFilters.tsx:28:3)
Warning: An update to DismissableLayer inside a 
test was not wrapped in act(...).

When testing, code that causes React state 
updates should be wrapped into act(...):

act(() => {
  /* fire events that update state */
});
/* assert on the output */

This ensures that you're testing the behavior the 
user would see in the browser. Learn more at 
https://reactjs.org/link/wrap-tests-with-act
    at file:///C:/Users/russe/Hyrox-Companion/node
_modules/@radix-ui/react-dismissable-layer/dist/in
dex.mjs:24:7
    at file:///C:/Users/russe/Hyrox-Companion/node
_modules/@radix-ui/react-primitive/node_modules/@r
adix-ui/react-slot/dist/index.mjs:33:13
    at file:///C:/Users/russe/Hyrox-Companion/node
_modules/@radix-ui/react-primitive/node_modules/@r
adix-ui/react-slot/dist/index.mjs:9:13
    at file:///C:/Users/russe/Hyrox-Companion/node
_modules/@radix-ui/react-primitive/dist/index.mjs:
28:13
    at file:///C:/Users/russe/Hyrox-Companion/node
_modules/@radix-ui/react-focus-scope/dist/index.mj
s:15:5
    at file:///C:/Users/russe/Hyrox-Companion/node
_modules/@radix-ui/react-select/node_modules/@radi
x-ui/react-slot/dist/index.mjs:33:13
    at file:///C:/Users/russe/Hyrox-Companion/node
_modules/@radix-ui/react-select/node_modules/@radi
x-ui/react-slot/dist/index.mjs:9:13
    at C:\Users\russe\Hyrox-Companion\node_modules
\react-remove-scroll\dist\es5\UI.js:16:21
    at Provider (file:///C:/Users/russe/Hyrox-Comp
anion/node_modules/@radix-ui/react-context/dist/in
dex.mjs:27:15)
    at file:///C:/Users/russe/Hyrox-Companion/node
_modules/@radix-ui/react-select/dist/index.mjs:279
:7
    at file:///C:/Users/russe/Hyrox-Companion/node
_modules/@radix-ui/react-select/dist/index.mjs:256
:58
    at file:///C:/Users/russe/Hyrox-Companion/node
_modules/@radix-ui/react-primitive/node_modules/@r
adix-ui/react-slot/dist/index.mjs:33:13
    at file:///C:/Users/russe/Hyrox-Companion/node
_modules/@radix-ui/react-primitive/node_modules/@r
adix-ui/react-slot/dist/index.mjs:9:13
    at file:///C:/Users/russe/Hyrox-Companion/node
_modules/@radix-ui/react-primitive/dist/index.mjs:
28:13
    at file:///C:/Users/russe/Hyrox-Companion/node
_modules/@radix-ui/react-portal/dist/index.mjs:11:
22
    at SelectPortal
    at C:\Users\russe\Hyrox-Companion\client\src\c
omponents\ui\select.tsx:97:59
    at Provider (file:///C:/Users/russe/Hyrox-Comp
anion/node_modules/@radix-ui/react-context/dist/in
dex.mjs:27:15)
    at Provider (file:///C:/Users/russe/Hyrox-Comp
anion/node_modules/@radix-ui/react-context/dist/in
dex.mjs:27:15)
    at CollectionProvider (file:///C:/Users/russe/
Hyrox-Companion/node_modules/@radix-ui/react-colle
ction/dist/index.mjs:17:13)
    at Provider (file:///C:/Users/russe/Hyrox-Comp
anion/node_modules/@radix-ui/react-context/dist/in
dex.mjs:27:15)
    at Provider (file:///C:/Users/russe/Hyrox-Comp
anion/node_modules/@radix-ui/react-context/dist/in
dex.mjs:27:15)
    at Popper (file:///C:/Users/russe/Hyrox-Compan
ion/node_modules/@radix-ui/react-popper/dist/index
.mjs:30:11)
    at Select (file:///C:/Users/russe/Hyrox-Compan
ion/node_modules/@radix-ui/react-select/dist/index
.mjs:42:5)
    at div
    at PlanSelector (C:\Users\russe\Hyrox-Companio
n\client\src\components\timeline\timeline-filters\
PlanSelector.tsx:12:3)
    at div
    at Provider (file:///C:/Users/russe/Hyrox-Comp
anion/node_modules/@radix-ui/react-context/dist/in
dex.mjs:27:15)
    at TooltipProvider (file:///C:/Users/russe/Hyr
ox-Companion/node_modules/@radix-ui/react-tooltip/
dist/index.mjs:29:5)
    at div
    at C:\Users\russe\Hyrox-Companion\client\src\c
omponents\ui\card.tsx:81:57
    at div
    at C:\Users\russe\Hyrox-Companion\client\src\c
omponents\ui\card.tsx:7:50
    at TimelineFilters (C:\Users\russe\Hyrox-Compa
nion\client\src\components\timeline\timeline-filte
rs\TimelineFilters.tsx:28:3)
Warning: An update to SelectContentImpl inside a 
test was not wrapped in act(...).

When testing, code that causes React state 
updates should be wrapped into act(...):

act(() => {
  /* fire events that update state */
});
/* assert on the output */

This ensures that you're testing the behavior the 
user would see in the browser. Learn more at 
https://reactjs.org/link/wrap-tests-with-act
    at file:///C:/Users/russe/Hyrox-Companion/node
_modules/@radix-ui/react-select/dist/index.mjs:279
:7
    at file:///C:/Users/russe/Hyrox-Companion/node
_modules/@radix-ui/react-select/dist/index.mjs:256
:58
    at file:///C:/Users/russe/Hyrox-Companion/node
_modules/@radix-ui/react-primitive/node_modules/@r
adix-ui/react-slot/dist/index.mjs:33:13
    at file:///C:/Users/russe/Hyrox-Companion/node
_modules/@radix-ui/react-primitive/node_modules/@r
adix-ui/react-slot/dist/index.mjs:9:13
    at file:///C:/Users/russe/Hyrox-Companion/node
_modules/@radix-ui/react-primitive/dist/index.mjs:
28:13
    at file:///C:/Users/russe/Hyrox-Companion/node
_modules/@radix-ui/react-portal/dist/index.mjs:11:
22
    at SelectPortal
    at C:\Users\russe\Hyrox-Companion\client\src\c
omponents\ui\select.tsx:97:59
    at Provider (file:///C:/Users/russe/Hyrox-Comp
anion/node_modules/@radix-ui/react-context/dist/in
dex.mjs:27:15)
    at Provider (file:///C:/Users/russe/Hyrox-Comp
anion/node_modules/@radix-ui/react-context/dist/in
dex.mjs:27:15)
    at CollectionProvider (file:///C:/Users/russe/
Hyrox-Companion/node_modules/@radix-ui/react-colle
ction/dist/index.mjs:17:13)
    at Provider (file:///C:/Users/russe/Hyrox-Comp
anion/node_modules/@radix-ui/react-context/dist/in
dex.mjs:27:15)
    at Provider (file:///C:/Users/russe/Hyrox-Comp
anion/node_modules/@radix-ui/react-context/dist/in
dex.mjs:27:15)
    at Popper (file:///C:/Users/russe/Hyrox-Compan
ion/node_modules/@radix-ui/react-popper/dist/index
.mjs:30:11)
    at Select (file:///C:/Users/russe/Hyrox-Compan
ion/node_modules/@radix-ui/react-select/dist/index
.mjs:42:5)
    at div
    at PlanSelector (C:\Users\russe\Hyrox-Companio
n\client\src\components\timeline\timeline-filters\
PlanSelector.tsx:12:3)
    at div
    at Provider (file:///C:/Users/russe/Hyrox-Comp
anion/node_modules/@radix-ui/react-context/dist/in
dex.mjs:27:15)
    at TooltipProvider (file:///C:/Users/russe/Hyr
ox-Companion/node_modules/@radix-ui/react-tooltip/
dist/index.mjs:29:5)
    at div
    at C:\Users\russe\Hyrox-Companion\client\src\c
omponents\ui\card.tsx:81:57
    at div
    at C:\Users\russe\Hyrox-Companion\client\src\c
omponents\ui\card.tsx:7:50
    at TimelineFilters (C:\Users\russe\Hyrox-Compa
nion\client\src\components\timeline\timeline-filte
rs\TimelineFilters.tsx:28:3)
Warning: An update to PopperContent inside a test 
was not wrapped in act(...).

When testing, code that causes React state 
updates should be wrapped into act(...):

act(() => {
  /* fire events that update state */
});
/* assert on the output */

This ensures that you're testing the behavior the 
user would see in the browser. Learn more at 
https://reactjs.org/link/wrap-tests-with-act
    at file:///C:/Users/russe/Hyrox-Companion/node
_modules/@radix-ui/react-popper/dist/index.mjs:59:
7
    at file:///C:/Users/russe/Hyrox-Companion/node
_modules/@radix-ui/react-select/dist/index.mjs:676
:5
    at file:///C:/Users/russe/Hyrox-Companion/node
_modules/@radix-ui/react-primitive/node_modules/@r
adix-ui/react-slot/dist/index.mjs:33:13
    at file:///C:/Users/russe/Hyrox-Companion/node
_modules/@radix-ui/react-primitive/node_modules/@r
adix-ui/react-slot/dist/index.mjs:9:13
    at file:///C:/Users/russe/Hyrox-Companion/node
_modules/@radix-ui/react-primitive/dist/index.mjs:
28:13
    at file:///C:/Users/russe/Hyrox-Companion/node
_modules/@radix-ui/react-dismissable-layer/dist/in
dex.mjs:24:7
    at file:///C:/Users/russe/Hyrox-Companion/node
_modules/@radix-ui/react-primitive/node_modules/@r
adix-ui/react-slot/dist/index.mjs:33:13
    at file:///C:/Users/russe/Hyrox-Companion/node
_modules/@radix-ui/react-primitive/node_modules/@r
adix-ui/react-slot/dist/index.mjs:9:13
    at file:///C:/Users/russe/Hyrox-Companion/node
_modules/@radix-ui/react-primitive/dist/index.mjs:
28:13
    at file:///C:/Users/russe/Hyrox-Companion/node
_modules/@radix-ui/react-focus-scope/dist/index.mj
s:15:5
    at file:///C:/Users/russe/Hyrox-Companion/node
_modules/@radix-ui/react-select/node_modules/@radi
x-ui/react-slot/dist/index.mjs:33:13
    at file:///C:/Users/russe/Hyrox-Companion/node
_modules/@radix-ui/react-select/node_modules/@radi
x-ui/react-slot/dist/index.mjs:9:13
    at C:\Users\russe\Hyrox-Companion\node_modules
\react-remove-scroll\dist\es5\UI.js:16:21
    at Provider (file:///C:/Users/russe/Hyrox-Comp
anion/node_modules/@radix-ui/react-context/dist/in
dex.mjs:27:15)
    at file:///C:/Users/russe/Hyrox-Companion/node
_modules/@radix-ui/react-select/dist/index.mjs:279
:7
    at file:///C:/Users/russe/Hyrox-Companion/node
_modules/@radix-ui/react-select/dist/index.mjs:256
:58
    at file:///C:/Users/russe/Hyrox-Companion/node
_modules/@radix-ui/react-primitive/node_modules/@r
adix-ui/react-slot/dist/index.mjs:33:13
    at file:///C:/Users/russe/Hyrox-Companion/node
_modules/@radix-ui/react-primitive/node_modules/@r
adix-ui/react-slot/dist/index.mjs:9:13
    at file:///C:/Users/russe/Hyrox-Companion/node
_modules/@radix-ui/react-primitive/dist/index.mjs:
28:13
    at file:///C:/Users/russe/Hyrox-Companion/node
_modules/@radix-ui/react-portal/dist/index.mjs:11:
22
    at SelectPortal
    at C:\Users\russe\Hyrox-Companion\client\src\c
omponents\ui\select.tsx:97:59
    at Provider (file:///C:/Users/russe/Hyrox-Comp
anion/node_modules/@radix-ui/react-context/dist/in
dex.mjs:27:15)
    at Provider (file:///C:/Users/russe/Hyrox-Comp
anion/node_modules/@radix-ui/react-context/dist/in
dex.mjs:27:15)
    at CollectionProvider (file:///C:/Users/russe/
Hyrox-Companion/node_modules/@radix-ui/react-colle
ction/dist/index.mjs:17:13)
    at Provider (file:///C:/Users/russe/Hyrox-Comp
anion/node_modules/@radix-ui/react-context/dist/in
dex.mjs:27:15)
    at Provider (file:///C:/Users/russe/Hyrox-Comp
anion/node_modules/@radix-ui/react-context/dist/in
dex.mjs:27:15)
    at Popper (file:///C:/Users/russe/Hyrox-Compan
ion/node_modules/@radix-ui/react-popper/dist/index
.mjs:30:11)
    at Select (file:///C:/Users/russe/Hyrox-Compan
ion/node_modules/@radix-ui/react-select/dist/index
.mjs:42:5)
    at div
    at PlanSelector (C:\Users\russe\Hyrox-Companio
n\client\src\components\timeline\timeline-filters\
PlanSelector.tsx:12:3)
    at div
    at Provider (file:///C:/Users/russe/Hyrox-Comp
anion/node_modules/@radix-ui/react-context/dist/in
dex.mjs:27:15)
    at TooltipProvider (file:///C:/Users/russe/Hyr
ox-Companion/node_modules/@radix-ui/react-tooltip/
dist/index.mjs:29:5)
    at div
    at C:\Users\russe\Hyrox-Companion\client\src\c
omponents\ui\card.tsx:81:57
    at div
    at C:\Users\russe\Hyrox-Companion\client\src\c
omponents\ui\card.tsx:7:50
    at TimelineFilters (C:\Users\russe\Hyrox-Compa
nion\client\src\components\timeline\timeline-filte
rs\TimelineFilters.tsx:28:3)
Warning: An update to SelectItem inside a test 
was not wrapped in act(...).

When testing, code that causes React state 
updates should be wrapped into act(...):

act(() => {
  /* fire events that update state */
});
/* assert on the output */

This ensures that you're testing the behavior the 
user would see in the browser. Learn more at 
https://reactjs.org/link/wrap-tests-with-act
    at file:///C:/Users/russe/Hyrox-Companion/node
_modules/@radix-ui/react-select/dist/index.mjs:800
:7
    at C:\Users\russe\Hyrox-Companion\client\src\c
omponents\ui\select.tsx:170:56
    at div
    at file:///C:/Users/russe/Hyrox-Companion/node
_modules/@radix-ui/react-primitive/dist/index.mjs:
28:13
    at file:///C:/Users/russe/Hyrox-Companion/node
_modules/@radix-ui/react-collection/node_modules/@
radix-ui/react-slot/dist/index.mjs:33:13
    at file:///C:/Users/russe/Hyrox-Companion/node
_modules/@radix-ui/react-collection/node_modules/@
radix-ui/react-slot/dist/index.mjs:9:13
    at file:///C:/Users/russe/Hyrox-Companion/node
_modules/@radix-ui/react-collection/dist/index.mjs
:27:15
    at file:///C:/Users/russe/Hyrox-Companion/node
_modules/@radix-ui/react-select/dist/index.mjs:711
:13
    at div
    at file:///C:/Users/russe/Hyrox-Companion/node
_modules/@radix-ui/react-primitive/dist/index.mjs:
28:13
    at Provider (file:///C:/Users/russe/Hyrox-Comp
anion/node_modules/@radix-ui/react-context/dist/in
dex.mjs:27:15)
    at div
    at file:///C:/Users/russe/Hyrox-Companion/node
_modules/@radix-ui/react-popper/dist/index.mjs:59:
7
    at file:///C:/Users/russe/Hyrox-Companion/node
_modules/@radix-ui/react-select/dist/index.mjs:676
:5
    at file:///C:/Users/russe/Hyrox-Companion/node
_modules/@radix-ui/react-primitive/node_modules/@r
adix-ui/react-slot/dist/index.mjs:33:13
    at file:///C:/Users/russe/Hyrox-Companion/node
_modules/@radix-ui/react-primitive/node_modules/@r
adix-ui/react-slot/dist/index.mjs:9:13
    at file:///C:/Users/russe/Hyrox-Companion/node
_modules/@radix-ui/react-primitive/dist/index.mjs:
28:13
    at file:///C:/Users/russe/Hyrox-Companion/node
_modules/@radix-ui/react-dismissable-layer/dist/in
dex.mjs:24:7
    at file:///C:/Users/russe/Hyrox-Companion/node
_modules/@radix-ui/react-primitive/node_modules/@r
adix-ui/react-slot/dist/index.mjs:33:13
    at file:///C:/Users/russe/Hyrox-Companion/node
_modules/@radix-ui/react-primitive/node_modules/@r
adix-ui/react-slot/dist/index.mjs:9:13
    at file:///C:/Users/russe/Hyrox-Companion/node
_modules/@radix-ui/react-primitive/dist/index.mjs:
28:13
    at file:///C:/Users/russe/Hyrox-Companion/node
_modules/@radix-ui/react-focus-scope/dist/index.mj
s:15:5
    at file:///C:/Users/russe/Hyrox-Companion/node
_modules/@radix-ui/react-select/node_modules/@radi
x-ui/react-slot/dist/index.mjs:33:13
    at file:///C:/Users/russe/Hyrox-Companion/node
_modules/@radix-ui/react-select/node_modules/@radi
x-ui/react-slot/dist/index.mjs:9:13
    at C:\Users\russe\Hyrox-Companion\node_modules
\react-remove-scroll\dist\es5\UI.js:16:21
    at Provider (file:///C:/Users/russe/Hyrox-Comp
anion/node_modules/@radix-ui/react-context/dist/in
dex.mjs:27:15)
    at file:///C:/Users/russe/Hyrox-Companion/node
_modules/@radix-ui/react-select/dist/index.mjs:279
:7
    at file:///C:/Users/russe/Hyrox-Companion/node
_modules/@radix-ui/react-select/dist/index.mjs:256
:58
    at file:///C:/Users/russe/Hyrox-Companion/node
_modules/@radix-ui/react-primitive/node_modules/@r
adix-ui/react-slot/dist/index.mjs:33:13
    at file:///C:/Users/russe/Hyrox-Companion/node
_modules/@radix-ui/react-primitive/node_modules/@r
adix-ui/react-slot/dist/index.mjs:9:13
    at file:///C:/Users/russe/Hyrox-Companion/node
_modules/@radix-ui/react-primitive/dist/index.mjs:
28:13
    at file:///C:/Users/russe/Hyrox-Companion/node
_modules/@radix-ui/react-portal/dist/index.mjs:11:
22
    at SelectPortal
    at C:\Users\russe\Hyrox-Companion\client\src\c
omponents\ui\select.tsx:97:59
    at Provider (file:///C:/Users/russe/Hyrox-Comp
anion/node_modules/@radix-ui/react-context/dist/in
dex.mjs:27:15)
    at Provider (file:///C:/Users/russe/Hyrox-Comp
anion/node_modules/@radix-ui/react-context/dist/in
dex.mjs:27:15)
    at CollectionProvider (file:///C:/Users/russe/
Hyrox-Companion/node_modules/@radix-ui/react-colle
ction/dist/index.mjs:17:13)
    at Provider (file:///C:/Users/russe/Hyrox-Comp
anion/node_modules/@radix-ui/react-context/dist/in
dex.mjs:27:15)
    at Provider (file:///C:/Users/russe/Hyrox-Comp
anion/node_modules/@radix-ui/react-context/dist/in
dex.mjs:27:15)
    at Popper (file:///C:/Users/russe/Hyrox-Compan
ion/node_modules/@radix-ui/react-popper/dist/index
.mjs:30:11)
    at Select (file:///C:/Users/russe/Hyrox-Compan
ion/node_modules/@radix-ui/react-select/dist/index
.mjs:42:5)
    at div
    at PlanSelector (C:\Users\russe\Hyrox-Companio
n\client\src\components\timeline\timeline-filters\
PlanSelector.tsx:12:3)
    at div
    at Provider (file:///C:/Users/russe/Hyrox-Comp
anion/node_modules/@radix-ui/react-context/dist/in
dex.mjs:27:15)
    at TooltipProvider (file:///C:/Users/russe/Hyr
ox-Companion/node_modules/@radix-ui/react-tooltip/
dist/index.mjs:29:5)
    at div
    at C:\Users\russe\Hyrox-Companion\client\src\c
omponents\ui\card.tsx:81:57
    at div
    at C:\Users\russe\Hyrox-Companion\client\src\c
omponents\ui\card.tsx:7:50
    at TimelineFilters (C:\Users\russe\Hyrox-Compa
nion\client\src\components\timeline\timeline-filte
rs\TimelineFilters.tsx:28:3)
Warning: An update to SelectContentImpl inside a 
test was not wrapped in act(...).

When testing, code that causes React state 
updates should be wrapped into act(...):

act(() => {
  /* fire events that update state */
});
/* assert on the output */

This ensures that you're testing the behavior the 
user would see in the browser. Learn more at 
https://reactjs.org/link/wrap-tests-with-act
    at file:///C:/Users/russe/Hyrox-Companion/node
_modules/@radix-ui/react-select/dist/index.mjs:279
:7
    at file:///C:/Users/russe/Hyrox-Companion/node
_modules/@radix-ui/react-select/dist/index.mjs:256
:58
    at file:///C:/Users/russe/Hyrox-Companion/node
_modules/@radix-ui/react-primitive/node_modules/@r
adix-ui/react-slot/dist/index.mjs:33:13
    at file:///C:/Users/russe/Hyrox-Companion/node
_modules/@radix-ui/react-primitive/node_modules/@r
adix-ui/react-slot/dist/index.mjs:9:13
    at file:///C:/Users/russe/Hyrox-Companion/node
_modules/@radix-ui/react-primitive/dist/index.mjs:
28:13
    at file:///C:/Users/russe/Hyrox-Companion/node
_modules/@radix-ui/react-portal/dist/index.mjs:11:
22
    at SelectPortal
    at C:\Users\russe\Hyrox-Companion\client\src\c
omponents\ui\select.tsx:97:59
    at Provider (file:///C:/Users/russe/Hyrox-Comp
anion/node_modules/@radix-ui/react-context/dist/in
dex.mjs:27:15)
    at Provider (file:///C:/Users/russe/Hyrox-Comp
anion/node_modules/@radix-ui/react-context/dist/in
dex.mjs:27:15)
    at CollectionProvider (file:///C:/Users/russe/
Hyrox-Companion/node_modules/@radix-ui/react-colle
ction/dist/index.mjs:17:13)
    at Provider (file:///C:/Users/russe/Hyrox-Comp
anion/node_modules/@radix-ui/react-context/dist/in
dex.mjs:27:15)
    at Provider (file:///C:/Users/russe/Hyrox-Comp
anion/node_modules/@radix-ui/react-context/dist/in
dex.mjs:27:15)
    at Popper (file:///C:/Users/russe/Hyrox-Compan
ion/node_modules/@radix-ui/react-popper/dist/index
.mjs:30:11)
    at Select (file:///C:/Users/russe/Hyrox-Compan
ion/node_modules/@radix-ui/react-select/dist/index
.mjs:42:5)
    at div
    at PlanSelector (C:\Users\russe\Hyrox-Companio
n\client\src\components\timeline\timeline-filters\
PlanSelector.tsx:12:3)
    at div
    at Provider (file:///C:/Users/russe/Hyrox-Comp
anion/node_modules/@radix-ui/react-context/dist/in
dex.mjs:27:15)
    at TooltipProvider (file:///C:/Users/russe/Hyr
ox-Companion/node_modules/@radix-ui/react-tooltip/
dist/index.mjs:29:5)
    at div
    at C:\Users\russe\Hyrox-Companion\client\src\c
omponents\ui\card.tsx:81:57
    at div
    at C:\Users\russe\Hyrox-Companion\client\src\c
omponents\ui\card.tsx:7:50
    at TimelineFilters (C:\Users\russe\Hyrox-Compa
nion\client\src\components\timeline\timeline-filte
rs\TimelineFilters.tsx:28:3)
Warning: An update to SelectContentImpl inside a 
test was not wrapped in act(...).

When testing, code that causes React state 
updates should be wrapped into act(...):

act(() => {
  /* fire events that update state */
});
/* assert on the output */

This ensures that you're testing the behavior the 
user would see in the browser. Learn more at 
https://reactjs.org/link/wrap-tests-with-act
    at file:///C:/Users/russe/Hyrox-Companion/node
_modules/@radix-ui/react-select/dist/index.mjs:279
:7
    at file:///C:/Users/russe/Hyrox-Companion/node
_modules/@radix-ui/react-select/dist/index.mjs:256
:58
    at file:///C:/Users/russe/Hyrox-Companion/node
_modules/@radix-ui/react-primitive/node_modules/@r
adix-ui/react-slot/dist/index.mjs:33:13
    at file:///C:/Users/russe/Hyrox-Companion/node
_modules/@radix-ui/react-primitive/node_modules/@r
adix-ui/react-slot/dist/index.mjs:9:13
    at file:///C:/Users/russe/Hyrox-Companion/node
_modules/@radix-ui/react-primitive/dist/index.mjs:
28:13
    at file:///C:/Users/russe/Hyrox-Companion/node
_modules/@radix-ui/react-portal/dist/index.mjs:11:
22
    at SelectPortal
    at C:\Users\russe\Hyrox-Companion\client\src\c
omponents\ui\select.tsx:97:59
    at Provider (file:///C:/Users/russe/Hyrox-Comp
anion/node_modules/@radix-ui/react-context/dist/in
dex.mjs:27:15)
    at Provider (file:///C:/Users/russe/Hyrox-Comp
anion/node_modules/@radix-ui/react-context/dist/in
dex.mjs:27:15)
    at CollectionProvider (file:///C:/Users/russe/
Hyrox-Companion/node_modules/@radix-ui/react-colle
ction/dist/index.mjs:17:13)
    at Provider (file:///C:/Users/russe/Hyrox-Comp
anion/node_modules/@radix-ui/react-context/dist/in
dex.mjs:27:15)
    at Provider (file:///C:/Users/russe/Hyrox-Comp
anion/node_modules/@radix-ui/react-context/dist/in
dex.mjs:27:15)
    at Popper (file:///C:/Users/russe/Hyrox-Compan
ion/node_modules/@radix-ui/react-popper/dist/index
.mjs:30:11)
    at Select (file:///C:/Users/russe/Hyrox-Compan
ion/node_modules/@radix-ui/react-select/dist/index
.mjs:42:5)
    at div
    at PlanSelector (C:\Users\russe\Hyrox-Companio
n\client\src\components\timeline\timeline-filters\
PlanSelector.tsx:12:3)
    at div
    at Provider (file:///C:/Users/russe/Hyrox-Comp
anion/node_modules/@radix-ui/react-context/dist/in
dex.mjs:27:15)
    at TooltipProvider (file:///C:/Users/russe/Hyr
ox-Companion/node_modules/@radix-ui/react-tooltip/
dist/index.mjs:29:5)
    at div
    at C:\Users\russe\Hyrox-Companion\client\src\c
omponents\ui\card.tsx:81:57
    at div
    at C:\Users\russe\Hyrox-Companion\client\src\c
omponents\ui\card.tsx:7:50
    at TimelineFilters (C:\Users\russe\Hyrox-Compa
nion\client\src\components\timeline\timeline-filte
rs\TimelineFilters.tsx:28:3)

 [32mΓ£ô[39m client/src/hooks/__tests__/usePlanImport.test.tsx [2m([22m[2m11 tests[22m[2m)[22m[33m 883[2mms[22m[39m
[90mstderr[2m | client/src/components/timeline/_
_tests__/TimelineFilters.test.tsx[2m > 
[22m[2mTimelineFilters[2m > [22m[2mhandles 
renaming a plan
[22m[39mWarning: Missing `Description` or 
`aria-describedby={undefined}` for 
{DialogContent}.

 [32mΓ£ô[39m client/src/hooks/__tests__/useUnitPreferences.test.tsx [2m([22m[2m4 tests[22m[2m)[22m[33m 367[2mms[22m[39m
 [32mΓ£ô[39m client/src/hooks/__tests__/useCombineWorkouts.test.tsx [2m([22m[2m7 tests[22m[2m)[22m[33m 612[2mms[22m[39m
 [32mΓ£ô[39m client/src/hooks/__tests__/useWorkoutForm.test.tsx [2m([22m[2m14 tests[22m[2m)[22m[33m 1006[2mms[22m[39m
 [32mΓ£ô[39m server/routes/__tests__/preferences.test.ts [2m([22m[2m1 test[22m[2m)[22m[32m 37[2mms[22m[39m
 [32mΓ£ô[39m server/routes/__tests__/coaching.test.ts [2m([22m[2m9 tests[22m[2m)[22m[33m 1824[2mms[22m[39m
   [33m[2mΓ£ô[22m[39m Coaching materials routes[2m > [22mPATCH /api/v1/coaching-materials/:id[2m > [22mshould return 404 when material not found [33m 306[2mms[22m[39m
 [32mΓ£ô[39m client/src/hooks/__tests__/useChatSession.test.tsx [2m([22m[2m6 tests[22m[2m)[22m[32m 87[2mms[22m[39m
 [31mΓ¥»[39m client/src/components/OnboardingWizard.test.tsx [2m([22m[2m1 test[22m[2m | [22m[31m1 failed[39m[2m)[22m[33m 5680[2mms[22m[39m
[31m   [31m├ù[31m OnboardingWizard Error Handling[2m > [22mshows error toast when preferences mutation fails[39m[33m 5674[2mms[22m[39m
[31m     ΓåÆ Test timed out in 5000ms.
If this is a long-running test, pass a timeout value as the last argument or configure it globally with "testTimeout".[39m
 [32mΓ£ô[39m server/routes/__tests__/auth.test.ts [2m([22m[2m3 tests[22m[2m)[22m[33m 483[2mms[22m[39m
   [33m[2mΓ£ô[22m[39m Auth Routes[2m > [22mGET /api/v1/auth/user[2m > [22mshould return the user data when user exists [33m 349[2mms[22m[39m
[90mstderr[2m | client/src/components/timeline/_
_tests__/TimelineFilters.test.tsx[2m > 
[22m[2mTimelineFilters[2m > [22m[2mdisables 
save button when rename input is empty or just 
spaces
[22m[39mWarning: Missing `Description` or 
`aria-describedby={undefined}` for 
{DialogContent}.

 [32mΓ£ô[39m server/emailTemplates.test.ts [2m([22m[2m23 tests[22m[2m)[22m[32m 8[2mms[22m[39m
 [32mΓ£ô[39m server/strava.test.ts [2m([22m[2m9 tests[22m[2m)[22m[32m 241[2mms[22m[39m
 [32mΓ£ô[39m server/gemini/exerciseParser.test.ts [2m([22m[2m4 tests[22m[2m)[22m[32m 150[2mms[22m[39m
 [32mΓ£ô[39m client/src/hooks/__tests__/useVoiceInput.test.ts [2m([22m[2m4 tests[22m[2m)[22m[32m 35[2mms[22m[39m
 [32mΓ£ô[39m server/routeUtils.test.ts [2m([22m[2m33 tests[22m[2m)[22m[33m 490[2mms[22m[39m
 [32mΓ£ô[39m server/storage/users.test.ts [2m([22m[2m6 tests[22m[2m)[22m[32m 161[2mms[22m[39m
[90mstderr[2m | client/src/components/timeline/_
_tests__/TimelineFilters.test.tsx[2m > 
[22m[2mTimelineFilters[2m > [22m[2mshows 
loader and disables save button when isRenaming 
is true
[22m[39mWarning: Missing `Description` or 
`aria-describedby={undefined}` for 
{DialogContent}.

 [32mΓ£ô[39m server/services/planService.test.ts [2m([22m[2m11 tests[22m[2m)[22m[33m 679[2mms[22m[39m
 [31mΓ¥»[39m client/src/components/timeline/__tests__/TimelineFilters.test.tsx [2m([22m[2m12 tests[22m[2m | [22m[31m3 failed[39m[2m)[22m[33m 26412[2mms[22m[39m
   [33m[2mΓ£ô[22m[39m TimelineFilters[2m > [22mrenders loading state for plans [33m 743[2mms[22m[39m
   [32mΓ£ô[39m TimelineFilters[2m > [22mrenders empty state when there are no plans[32m 204[2mms[22m[39m
   [32mΓ£ô[39m TimelineFilters[2m > [22mrenders plan selector with correct default value[32m 243[2mms[22m[39m
[31m   [31m├ù[31m TimelineFilters[2m > [22mtriggers onPlanChange when a new plan is selected[39m[33m 5140[2mms[22m[39m
[31m     ΓåÆ Test timed out in 5000ms.
If this is a long-running test, pass a timeout value as the last argument or configure it globally with "testTimeout".[39m
   [33m[2mΓ£ô[22m[39m TimelineFilters[2m > [22mtriggers onPlanChange with null when 'All Plans' is selected [33m 4421[2mms[22m[39m
   [33m[2mΓ£ô[22m[39m TimelineFilters[2m > [22mtriggers onFilterChange when a new status is selected [33m 1152[2mms[22m[39m
   [32mΓ£ô[39m TimelineFilters[2m > [22mhandles CSV download template[32m 256[2mms[22m[39m
   [32mΓ£ô[39m TimelineFilters[2m > [22mtriggers onFileUpload when a CSV is uploaded[32m 288[2mms[22m[39m
   [32mΓ£ô[39m TimelineFilters[2m > [22mshows loader when importing[32m 118[2mms[22m[39m
[31m   [31m├ù[31m TimelineFilters[2m > [22mhandles renaming a plan[39m[33m 5729[2mms[22m[39m
[31m     ΓåÆ Test timed out in 5000ms.
If this is a long-running test, pass a timeout value as the last argument or configure it globally with "testTimeout".[39m
[31m   [31m├ù[31m TimelineFilters[2m > [22mdisables save button when rename input is empty or just spaces[39m[33m 5139[2mms[22m[39m
[31m     ΓåÆ Test timed out in 5000ms.
If this is a long-running test, pass a timeout value as the last argument or configure it globally with "testTimeout".[39m
   [33m[2mΓ£ô[22m[39m TimelineFilters[2m > [22mshows loader and disables save button when isRenaming is true [33m 2935[2mms[22m[39m
 [32mΓ£ô[39m server/clerkAuth.test.ts [2m([22m[2m4 tests[22m[2m)[22m[32m 12[2mms[22m[39m
 [32mΓ£ô[39m server/services/stravaMapper.test.ts [2m([22m[2m17 tests[22m[2m)[22m[32m 6[2mms[22m[39m
 [32mΓ£ô[39m server/crypto.test.ts [2m([22m[2m7 tests[22m[2m)[22m[32m 13[2mms[22m[39m
 [32mΓ£ô[39m client/src/lib/dateUtils.test.ts [2m([22m[2m32 tests[22m[2m)[22m[32m 15[2mms[22m[39m
 [32mΓ£ô[39m server/services/aiService.test.ts [2m([22m[2m6 tests[22m[2m)[22m[32m 10[2mms[22m[39m
 [32mΓ£ô[39m shared/unitConversion.test.ts [2m([22m[2m59 tests[22m[2m)[22m[32m 12[2mms[22m[39m
 [32mΓ£ô[39m server/services/ragService.test.ts [2m([22m[2m20 tests[22m[2m)[22m[32m 16[2mms[22m[39m
 [32mΓ£ô[39m server/storage/__tests__/workouts.test.ts [2m([22m[2m8 tests[22m[2m)[22m[33m 517[2mms[22m[39m
[2026-03-21 18:59:37.763 -0500] [33mWARN[39m: [36m[gemini] test attempt 1 failed (retrying in 1ms)[39m
    err: {
      "type": "Error",
      "message": "503 Service Unavailable",
      "stack":
          Error: 503 Service Unavailable
              at C:\Users\russe\Hyrox-Companion\server\gemini.test.ts:62:30
              at file:///C:/Users/russe/Hyrox-Companion/node_modules/@vitest/runner/dist/chunk-hooks.js:155:11
              at file:///C:/Users/russe/Hyrox-Companion/node_modules/@vitest/runner/dist/chunk-hooks.js:752:26
              at file:///C:/Users/russe/Hyrox-Companion/node_modules/@vitest/runner/dist/chunk-hooks.js:1897:20
              at new Promise (<anonymous>)
              at runWithTimeout (file:///C:/Users/russe/Hyrox-Companion/node_modules/@vitest/runner/dist/chunk-hooks.js:1863:10)
              at runTest (file:///C:/Users/russe/Hyrox-Companion/node_modules/@vitest/runner/dist/chunk-hooks.js:1574:12)
              at processTicksAndRejections (node:internal/process/task_queues:105:5)
              at runSuite (file:///C:/Users/russe/Hyrox-Companion/node_modules/@vitest/runner/dist/chunk-hooks.js:1729:8)
              at runSuite (file:///C:/Users/russe/Hyrox-Companion/node_modules/@vitest/runner/dist/chunk-hooks.js:1729:8)
    }
[2026-03-21 18:59:37.898 -0500] [33mWARN[39m: [36m[gemini] test attempt 1 failed (retrying in 1ms)[39m
    err: {
      "type": "Error",
      "message": "503 Service Unavailable",
      "stack":
          Error: 503 Service Unavailable
              at C:\Users\russe\Hyrox-Companion\server\gemini.test.ts:76:42
              at file:///C:/Users/russe/Hyrox-Companion/node_modules/@vitest/runner/dist/chunk-hooks.js:155:11
              at file:///C:/Users/russe/Hyrox-Companion/node_modules/@vitest/runner/dist/chunk-hooks.js:752:26
              at file:///C:/Users/russe/Hyrox-Companion/node_modules/@vitest/runner/dist/chunk-hooks.js:1897:20
              at new Promise (<anonymous>)
              at runWithTimeout (file:///C:/Users/russe/Hyrox-Companion/node_modules/@vitest/runner/dist/chunk-hooks.js:1863:10)
              at runTest (file:///C:/Users/russe/Hyrox-Companion/node_modules/@vitest/runner/dist/chunk-hooks.js:1574:12)
              at runSuite (file:///C:/Users/russe/Hyrox-Companion/node_modules/@vitest/runner/dist/chunk-hooks.js:1729:8)
              at runSuite (file:///C:/Users/russe/Hyrox-Companion/node_modules/@vitest/runner/dist/chunk-hooks.js:1729:8)
              at runFiles (file:///C:/Users/russe/Hyrox-Companion/node_modules/@vitest/runner/dist/chunk-hooks.js:1787:3)
    }
[2026-03-21 18:59:37.944 -0500] [33mWARN[39m: [36m[gemini] test attempt 2 failed (retrying in 2ms)[39m
    err: {
      "type": "Error",
      "message": "503 Service Unavailable",
      "stack":
          Error: 503 Service Unavailable
              at C:\Users\russe\Hyrox-Companion\server\gemini.test.ts:76:42
              at file:///C:/Users/russe/Hyrox-Companion/node_modules/@vitest/runner/dist/chunk-hooks.js:155:11
              at file:///C:/Users/russe/Hyrox-Companion/node_modules/@vitest/runner/dist/chunk-hooks.js:752:26
              at file:///C:/Users/russe/Hyrox-Companion/node_modules/@vitest/runner/dist/chunk-hooks.js:1897:20
              at new Promise (<anonymous>)
              at runWithTimeout (file:///C:/Users/russe/Hyrox-Companion/node_modules/@vitest/runner/dist/chunk-hooks.js:1863:10)
              at runTest (file:///C:/Users/russe/Hyrox-Companion/node_modules/@vitest/runner/dist/chunk-hooks.js:1574:12)
              at runSuite (file:///C:/Users/russe/Hyrox-Companion/node_modules/@vitest/runner/dist/chunk-hooks.js:1729:8)
              at runSuite (file:///C:/Users/russe/Hyrox-Companion/node_modules/@vitest/runner/dist/chunk-hooks.js:1729:8)
              at runFiles (file:///C:/Users/russe/Hyrox-Companion/node_modules/@vitest/runner/dist/chunk-hooks.js:1787:3)
    }
 [32mΓ£ô[39m server/gemini.test.ts [2m([22m[2m25 tests[22m[2m)[22m[33m 693[2mms[22m[39m
 [32mΓ£ô[39m client/src/lib/utils.test.ts [2m([22m[2m8 tests[22m[2m)[22m[32m 11[2mms[22m[39m
 [32mΓ£ô[39m server/services/exportService.test.ts [2m([22m[2m5 tests[22m[2m)[22m[32m 207[2mms[22m[39m
 [32mΓ£ô[39m server/services/analyticsService.test.ts [2m([22m[2m14 tests[22m[2m)[22m[32m 9[2mms[22m[39m
 [32mΓ£ô[39m server/emailScheduler.test.ts [2m([22m[2m2 tests[22m[2m)[22m[32m 76[2mms[22m[39m
 [32mΓ£ô[39m server/services/workoutService.test.ts [2m([22m[2m10 tests[22m[2m)[22m[32m 77[2mms[22m[39m
 [32mΓ£ô[39m shared/schema.test.ts [2m([22m[2m3 tests[22m[2m)[22m[32m 9[2mms[22m[39m
 [32mΓ£ô[39m client/src/lib/authUtils.test.ts [2m([22m[2m6 tests[22m[2m)[22m[32m 4[2mms[22m[39m
 [32mΓ£ô[39m client/src/lib/exerciseWarnings.test.ts [2m([22m[2m11 tests[22m[2m)[22m[32m 101[2mms[22m[39m
 [32mΓ£ô[39m client/src/lib/exerciseUtils.test.ts [2m([22m[2m17 tests[22m[2m)[22m[32m 54[2mms[22m[39m
 [32mΓ£ô[39m server/types.test.ts [2m([22m[2m7 tests[22m[2m)[22m[32m 126[2mms[22m[39m
 [32mΓ£ô[39m client/src/hooks/__tests__/useWorkoutEditor.test.ts [2m([22m[2m21 tests[22m[2m)[22m[32m 19[2mms[22m[39m

[31mΓÄ»ΓÄ»ΓÄ»ΓÄ»ΓÄ»ΓÄ»[39m[1m[41m Failed 
Suites 2 [49m[22m[31mΓÄ»ΓÄ»ΓÄ»ΓÄ»ΓÄ»ΓÄ»ΓÄ»[39m

[41m[1m FAIL [22m[49m 
server/routes/__tests__/plans.test.ts[2m [ 
server/routes/__tests__/plans.test.ts ][22m
[31m[1mTypeError[22m: default is not a 
constructor[39m
[36m [2mΓ¥»[22m 
server/queue.ts:[2m10:22[22m[39m
    [90m  8| [39m}
    [90m  9| [39m
    [90m 10| [39m[35mexport[39m 
[35mconst[39m queue [33m=[39m [35mnew[39m [
33mPgBoss[39m(env[33m.[39m[33mDATABASE_URL[39
m)[33m;[39m
    [90m   | [39m                     
[31m^[39m
    [90m 11| [39m
    [90m 12| [39mqueue[33m.[39m[34mon[39m([
32m"error"[39m[33m,[39m (error) [33m=>[39m {
[90m [2mΓ¥»[22m 
server/routes/plans.ts:[2m10:31[22m[39m

[31m[2mΓÄ»ΓÄ»ΓÄ»ΓÄ»ΓÄ»ΓÄ»ΓÄ»ΓÄ»ΓÄ»ΓÄ»ΓÄ»ΓÄ»ΓÄ»ΓÄ
»ΓÄ»ΓÄ»ΓÄ»ΓÄ»ΓÄ»ΓÄ»ΓÄ»ΓÄ»ΓÄ»ΓÄ»[1/8]ΓÄ»[22m[39m

[41m[1m FAIL [22m[49m 
server/routes/__tests__/workouts.test.ts[2m [ 
server/routes/__tests__/workouts.test.ts ][22m
[31m[1mTypeError[22m: default is not a 
constructor[39m
[36m [2mΓ¥»[22m 
server/queue.ts:[2m10:22[22m[39m
    [90m  8| [39m}
    [90m  9| [39m
    [90m 10| [39m[35mexport[39m 
[35mconst[39m queue [33m=[39m [35mnew[39m [
33mPgBoss[39m(env[33m.[39m[33mDATABASE_URL[39
m)[33m;[39m
    [90m   | [39m                     
[31m^[39m
    [90m 11| [39m
    [90m 12| [39mqueue[33m.[39m[34mon[39m([
32m"error"[39m[33m,[39m (error) [33m=>[39m {
[90m [2mΓ¥»[22m 
server/routes/workouts.ts:[2m10:31[22m[39m

[31m[2mΓÄ»ΓÄ»ΓÄ»ΓÄ»ΓÄ»ΓÄ»ΓÄ»ΓÄ»ΓÄ»ΓÄ»ΓÄ»ΓÄ»ΓÄ»ΓÄ
»ΓÄ»ΓÄ»ΓÄ»ΓÄ»ΓÄ»ΓÄ»ΓÄ»ΓÄ»ΓÄ»ΓÄ»[2/8]ΓÄ»[22m[39m


[31mΓÄ»ΓÄ»ΓÄ»ΓÄ»ΓÄ»ΓÄ»ΓÄ»[39m[1m[41m Failed 
Tests 6 [49m[22m[31mΓÄ»ΓÄ»ΓÄ»ΓÄ»ΓÄ»ΓÄ»ΓÄ»[39m

[41m[1m FAIL [22m[49m client/src/components/On
boardingWizard.test.tsx[2m > 
[22mOnboardingWizard Error Handling[2m > 
[22mshows error toast when preferences mutation 
fails
[31m[1mError[22m: Test timed out in 5000ms.
If this is a long-running test, pass a timeout 
value as the last argument or configure it 
globally with "testTimeout".[39m
[36m [2mΓ¥»[22m client/src/components/Onboardin
gWizard.test.tsx:[2m59:3[22m[39m
    [90m 57| [39m  }[33m;[39m
    [90m 58| [39m
    [90m 59| [39m  [34mit[39m([32m'shows 
error toast when preferences mutation 
fails'[39m[33m,[39m [35masync[39m () 
[33m=>[39m {
    [90m   | [39m  [31m^[39m
    [90m 60| [39m    
[34mrenderComponent[39m()[33m;[39m
    [90m 61| [39m

[31m[2mΓÄ»ΓÄ»ΓÄ»ΓÄ»ΓÄ»ΓÄ»ΓÄ»ΓÄ»ΓÄ»ΓÄ»ΓÄ»ΓÄ»ΓÄ»ΓÄ
»ΓÄ»ΓÄ»ΓÄ»ΓÄ»ΓÄ»ΓÄ»ΓÄ»ΓÄ»ΓÄ»ΓÄ»[3/8]ΓÄ»[22m[39m

[41m[1m FAIL [22m[49m 
client/src/lib/statsUtils.test.ts[2m > 
[22mcalculateStats[2m > [22mweekly stats 
(workoutsThisWeek, completedThisWeek)[2m > 
[22mshould count entries within the current week 
correctly
[31m[1mAssertionError[22m: expected 5 to be 4 
// Object.is equality[39m

[32m- Expected[39m
[31m+ Received[39m

[32m- 4[39m
[31m+ 5[39m

[36m [2mΓ¥»[22m client/src/lib/statsUtils.test.
ts:[2m47:38[22m[39m
    [90m 45| [39m      [35mconst[39m stats 
[33m=[39m [34mcalculateStats[39m(timeline 
[35mas[39m [33mTimelineEntry[39m[])[33m;[39m
    [90m 46| [39m
    [90m 47| [39m      [34mexpect[39m(stats[3
3m.[39mworkoutsThisWeek)[33m.[39m[34mtoBe[39m
([34m4[39m)[33m;[39m [90m// 12th, 14th, 
16th, 18th[39m
    [90m   | [39m                               
      [31m^[39m
    [90m 48| [39m      [34mexpect[39m(stats[3
3m.[39mcompletedThisWeek)[33m.[39m[34mtoBe[39
m([34m2[39m)[33m;[39m [90m// 12th, 18th[39m
    [90m 49| [39m    })[33m;[39m

[31m[2mΓÄ»ΓÄ»ΓÄ»ΓÄ»ΓÄ»ΓÄ»ΓÄ»ΓÄ»ΓÄ»ΓÄ»ΓÄ»ΓÄ»ΓÄ»ΓÄ
»ΓÄ»ΓÄ»ΓÄ»ΓÄ»ΓÄ»ΓÄ»ΓÄ»ΓÄ»ΓÄ»ΓÄ»[4/8]ΓÄ»[22m[39m

[41m[1m FAIL [22m[49m client/src/hooks/__tests
__/useTimelineFilters.test.ts[2m > 
[22museTimelineFilters[2m > [22mshould handle 
pagination for visible groups
[31m[1mAssertionError[22m: expected [ [ 
'2023-10-14', ΓÇª(1) ], ΓÇª(10) ] to have a 
length of 10 but got 11[39m

[32m- Expected[39m
[31m+ Received[39m

[32m- 10[39m
[31m+ 11[39m

[36m [2mΓ¥»[22m client/src/hooks/__tests__/useT
imelineFilters.test.ts:[2m120:39[22m[39m
    [90m118| [39m
    [90m119| [39m    [90m// Initial state: 
should show max 7[39m
    [90m120| [39m    [34mexpect[39m(result[33
m.[39mcurrent[33m.[39mpastGroups)[33m.[39m[3
4mtoHaveLength[39m([34m10[39m)[33m;[39m
    [90m   | [39m                               
       [31m^[39m
    [90m121| [39m    [34mexpect[39m(result[33
m.[39mcurrent[33m.[39mvisiblePastGroups)[33m.
[39m[34mtoHaveLength[39m([34m7[39m)[33m;[39m
    [90m122| [39m    [34mexpect[39m(result[33
m.[39mcurrent[33m.[39mhiddenPastCount)[33m.[3
9m[34mtoBe[39m([34m3[39m)[33m;[39m

[31m[2mΓÄ»ΓÄ»ΓÄ»ΓÄ»ΓÄ»ΓÄ»ΓÄ»ΓÄ»ΓÄ»ΓÄ»ΓÄ»ΓÄ»ΓÄ»ΓÄ
»ΓÄ»ΓÄ»ΓÄ»ΓÄ»ΓÄ»ΓÄ»ΓÄ»ΓÄ»ΓÄ»ΓÄ»[5/8]ΓÄ»[22m[39m

[41m[1m FAIL [22m[49m client/src/components/ti
meline/__tests__/TimelineFilters.test.tsx[2m > 
[22mTimelineFilters[2m > [22mtriggers 
onPlanChange when a new plan is selected
[31m[1mError[22m: Test timed out in 5000ms.
If this is a long-running test, pass a timeout 
value as the last argument or configure it 
globally with "testTimeout".[39m
[36m [2mΓ¥»[22m client/src/components/timeline/
__tests__/TimelineFilters.test.tsx:[2m82:3[22m[
39m
    [90m 80| [39m  })[33m;[39m
    [90m 81| [39m
    [90m 82| [39m  [34mit[39m([32m"triggers 
onPlanChange when a new plan is 
selected"[39m[33m,[39m [35masync[39m () 
[33m=>[39m {
    [90m   | [39m  [31m^[39m
    [90m 83| [39m    [35mconst[39m user 
[33m=[39m 
userEvent[33m.[39m[34msetup[39m()[33m;[39m
    [90m 84| [39m    [34mrender[39m([33m<[39
m[33mTimelineFilters[39m 
[33m{[39m[33m...[39mdefaultProps[33m}[39m 
[33m/[39m[33m>[39m)[33m;[39m

[31m[2mΓÄ»ΓÄ»ΓÄ»ΓÄ»ΓÄ»ΓÄ»ΓÄ»ΓÄ»ΓÄ»ΓÄ»ΓÄ»ΓÄ»ΓÄ»ΓÄ
»ΓÄ»ΓÄ»ΓÄ»ΓÄ»ΓÄ»ΓÄ»ΓÄ»ΓÄ»ΓÄ»ΓÄ»[6/8]ΓÄ»[22m[39m

[41m[1m FAIL [22m[49m client/src/components/ti
meline/__tests__/TimelineFilters.test.tsx[2m > 
[22mTimelineFilters[2m > [22mhandles renaming 
a plan
[31m[1mError[22m: Test timed out in 5000ms.
If this is a long-running test, pass a timeout 
value as the last argument or configure it 
globally with "testTimeout".[39m
[36m [2mΓ¥»[22m client/src/components/timeline/
__tests__/TimelineFilters.test.tsx:[2m183:3[22m
[39m
    [90m181| [39m  })[33m;[39m
    [90m182| [39m
    [90m183| [39m  [34mit[39m([32m"handles 
renaming a plan"[39m[33m,[39m [35masync[39m 
() [33m=>[39m {
    [90m   | [39m  [31m^[39m
    [90m184| [39m    [35mconst[39m user 
[33m=[39m 
userEvent[33m.[39m[34msetup[39m()[33m;[39m
    [90m185| [39m    [34mrender[39m([33m<[39
m[33mTimelineFilters[39m 
[33m{[39m[33m...[39mdefaultProps[33m}[39m 
[33m/[39m[33m>[39m)[33m;[39m

[31m[2mΓÄ»ΓÄ»ΓÄ»ΓÄ»ΓÄ»ΓÄ»ΓÄ»ΓÄ»ΓÄ»ΓÄ»ΓÄ»ΓÄ»ΓÄ»ΓÄ
»ΓÄ»ΓÄ»ΓÄ»ΓÄ»ΓÄ»ΓÄ»ΓÄ»ΓÄ»ΓÄ»ΓÄ»[7/8]ΓÄ»[22m[39m

[41m[1m FAIL [22m[49m client/src/components/ti
meline/__tests__/TimelineFilters.test.tsx[2m > 
[22mTimelineFilters[2m > [22mdisables save 
button when rename input is empty or just spaces
[31m[1mError[22m: Test timed out in 5000ms.
If this is a long-running test, pass a timeout 
value as the last argument or configure it 
globally with "testTimeout".[39m
[36m [2mΓ¥»[22m client/src/components/timeline/
__tests__/TimelineFilters.test.tsx:[2m204:3[22m
[39m
    [90m202| [39m  })[33m;[39m
    [90m203| [39m
    [90m204| [39m  it("disables save button 
when rename input is empty or just spaces",ΓÇª
    [90m   | [39m  [31m^[39m
    [90m205| [39m    [35mconst[39m user 
[33m=[39m 
userEvent[33m.[39m[34msetup[39m()[33m;[39m
    [90m206| [39m    [34mrender[39m([33m<[39
m[33mTimelineFilters[39m 
[33m{[39m[33m...[39mdefaultProps[33m}[39m 
[33m/[39m[33m>[39m)[33m;[39m

[31m[2mΓÄ»ΓÄ»ΓÄ»ΓÄ»ΓÄ»ΓÄ»ΓÄ»ΓÄ»ΓÄ»ΓÄ»ΓÄ»ΓÄ»ΓÄ»ΓÄ
»ΓÄ»ΓÄ»ΓÄ»ΓÄ»ΓÄ»ΓÄ»ΓÄ»ΓÄ»ΓÄ»ΓÄ»[8/8]ΓÄ»[22m[39m


[2m Test Files [22m [1m[31m6 failed[39m[22m[2m | [22m[1m[32m42 passed[39m[22m[90m (48)[39m
[2m      Tests [22m [1m[31m6 failed[39m[22m[2m | [22m[1m[32m538 passed[39m[22m[90m (544)[39m
[2m   Start at [22m 18:58:57
[2m   Duration [22m 50.26s[2m (transform 13.19s, setup 12.38s, collect 141.05s, tests 49.67s, environment 77.79s, prepare 7.54s)[22m

