
> hyrox-companion@1.0.0 test
> vitest run


[1m[46m RUN [49m[22m [36mv3.2.4 [39m[90mC:/Users/russe/Hyrox-Companion[39m

 [31mΓ¥»[39m client/src/lib/statsUtils.test.ts [2m([22m[2m10 tests[22m[2m | [22m[31m1 failed[39m[2m)[22m[32m 144[2mms[22m[39m
   [32mΓ£ô[39m calculateStats[2m > [22mshould return zeros for an empty timeline[32m 32[2mms[22m[39m
[31m   [31m├ù[31m calculateStats[2m > [22mweekly stats (workoutsThisWeek, completedThisWeek)[2m > [22mshould count entries within the current week correctly[39m[32m 88[2mms[22m[39m
[31m     ΓåÆ expected 5 to be 4 // Object.is equality[39m
   [32mΓ£ô[39m calculateStats[2m > [22mplanned upcoming (plannedUpcoming)[2m > [22mshould count planned entries from today onwards[32m 1[2mms[22m[39m
   [32mΓ£ô[39m calculateStats[2m > [22mcompletion rate (completionRate)[2m > [22mshould calculate correctly based on past and today entries[32m 3[2mms[22m[39m
   [32mΓ£ô[39m calculateStats[2m > [22mcompletion rate (completionRate)[2m > [22mshould return 0 when there are no past or today entries[32m 5[2mms[22m[39m
   [32mΓ£ô[39m calculateStats[2m > [22mcurrent streak (currentStreak)[2m > [22mshould count consecutive days backwards from today[32m 1[2mms[22m[39m
   [32mΓ£ô[39m calculateStats[2m > [22mcurrent streak (currentStreak)[2m > [22mshould count streak even if today is not completed but yesterday was[32m 2[2mms[22m[39m
   [32mΓ£ô[39m calculateStats[2m > [22mcurrent streak (currentStreak)[2m > [22mshould break streak if a day is missed[32m 1[2mms[22m[39m
   [32mΓ£ô[39m calculateStats[2m > [22mcurrent streak (currentStreak)[2m > [22mshould count multiple completed entries on the same day as 1 day for streak[32m 1[2mms[22m[39m
   [32mΓ£ô[39m calculateStats[2m > [22mcurrent streak (currentStreak)[2m > [22mshould return 0 streak if neither today nor yesterday has a completed entry[32m 1[2mms[22m[39m
 [31mΓ¥»[39m client/src/lib/dateUtils.test.ts [2m([22m[2m32 tests[22m[2m | [22m[31m4 failed[39m[2m)[22m[32m 163[2mms[22m[39m
   [32mΓ£ô[39m dateUtils[2m > [22mtoISODateString[2m > [22mshould format a date as YYYY-MM-DD[32m 13[2mms[22m[39m
   [32mΓ£ô[39m dateUtils[2m > [22mtoISODateString[2m > [22mshould handle leap years[32m 0[2mms[22m[39m
   [32mΓ£ô[39m dateUtils[2m > [22mtoISODateString[2m > [22mshould correctly pad single digit months and days[32m 0[2mms[22m[39m
   [32mΓ£ô[39m dateUtils[2m > [22mtoISODateString[2m > [22mshould correctly handle end of year boundaries[32m 1[2mms[22m[39m
   [32mΓ£ô[39m dateUtils[2m > [22mtoISODateString[2m > [22mshould correctly handle start of year boundaries[32m 0[2mms[22m[39m
   [32mΓ£ô[39m dateUtils[2m > [22mtoISODateString[2m > [22mshould strip time components regardless of time of day[32m 4[2mms[22m[39m
   [32mΓ£ô[39m dateUtils[2m > [22mFunctions relying on current time[2m > [22mgetTodayString[2m > [22mshould return the current date in YYYY-MM-DD format[32m 18[2mms[22m[39m
   [32mΓ£ô[39m dateUtils[2m > [22mFunctions relying on current time[2m > [22mgetStartOfWeek[2m > [22mshould return Sunday when weekStartsOn is 0 (default)[32m 1[2mms[22m[39m
   [32mΓ£ô[39m dateUtils[2m > [22mFunctions relying on current time[2m > [22mgetStartOfWeek[2m > [22mshould return Monday when weekStartsOn is 1[32m 13[2mms[22m[39m
   [32mΓ£ô[39m dateUtils[2m > [22mFunctions relying on current time[2m > [22mgetStartOfWeek[2m > [22mshould correctly calculate start of week for a specific date[32m 4[2mms[22m[39m
[31m   [31m├ù[31m dateUtils[2m > [22mFunctions relying on current time[2m > [22mgetEndOfWeek[2m > [22mshould return Saturday when weekStartsOn is 0 (default)[39m[32m 46[2mms[22m[39m
[31m     ΓåÆ expected '2023-10-22' to be '2023-10-21' // Object.is equality[39m
[31m   [31m├ù[31m dateUtils[2m > [22mFunctions relying on current time[2m > [22mgetEndOfWeek[2m > [22mshould return Sunday when weekStartsOn is 1[39m[32m 14[2mms[22m[39m
[31m     ΓåÆ expected '2023-10-23' to be '2023-10-22' // Object.is equality[39m
   [32mΓ£ô[39m dateUtils[2m > [22mFunctions relying on current time[2m > [22mgetStartOfWeekString[2m > [22mshould return string representation of start of week[32m 2[2mms[22m[39m
[31m   [31m├ù[31m dateUtils[2m > [22mFunctions relying on current time[2m > [22mgetEndOfWeekString[2m > [22mshould return string representation of end of week[39m[32m 6[2mms[22m[39m
[31m     ΓåÆ expected '2023-10-22' to be '2023-10-21' // Object.is equality[39m
   [32mΓ£ô[39m dateUtils[2m > [22mFunctions relying on current time[2m > [22misDateInCurrentWeek[2m > [22mshould return true for dates in current week[32m 3[2mms[22m[39m
[31m   [31m├ù[31m dateUtils[2m > [22mFunctions relying on current time[2m > [22misDateInCurrentWeek[2m > [22mshould return false for dates outside current week[39m[32m 6[2mms[22m[39m
[31m     ΓåÆ expected true to be false // Object.is equality[39m
   [32mΓ£ô[39m dateUtils[2m > [22mFunctions relying on current time[2m > [22misDateInCurrentWeek[2m > [22mshould respect weekStartsOn parameter[32m 1[2mms[22m[39m
   [32mΓ£ô[39m dateUtils[2m > [22mFunctions relying on current time[2m > [22misDatePast[2m > [22mshould return true for past dates[32m 0[2mms[22m[39m
   [32mΓ£ô[39m dateUtils[2m > [22mFunctions relying on current time[2m > [22misDatePast[2m > [22mshould return false for today and future dates[32m 0[2mms[22m[39m
   [32mΓ£ô[39m dateUtils[2m > [22mFunctions relying on current time[2m > [22misDateFuture[2m > [22mshould return true for future dates[32m 1[2mms[22m[39m
   [32mΓ£ô[39m dateUtils[2m > [22mFunctions relying on current time[2m > [22misDateFuture[2m > [22mshould return false for today and past dates[32m 1[2mms[22m[39m
   [32mΓ£ô[39m dateUtils[2m > [22mFunctions relying on current time[2m > [22misDateToday[2m > [22mshould return true for today[32m 1[2mms[22m[39m
   [32mΓ£ô[39m dateUtils[2m > [22mFunctions relying on current time[2m > [22misDateToday[2m > [22mshould return false for other dates[32m 0[2mms[22m[39m
   [32mΓ£ô[39m dateUtils[2m > [22mFunctions relying on current time[2m > [22mformatTime[2m > [22mshould format time correctly using toLocaleTimeString with proper options[32m 6[2mms[22m[39m
   [32mΓ£ô[39m dateUtils[2m > [22mFunctions relying on current time[2m > [22mformatTime[2m > [22mshould handle different time correctly[32m 1[2mms[22m[39m
   [32mΓ£ô[39m dateUtils[2m > [22mFunctions relying on current time[2m > [22mformatTime[2m > [22mshould handle an invalid date gracefully[32m 0[2mms[22m[39m
   [32mΓ£ô[39m dateUtils[2m > [22mFunctions relying on current time[2m > [22mgetCurrentTimeString[2m > [22mshould return formatted current time using toLocaleTimeString[32m 3[2mms[22m[39m
   [32mΓ£ô[39m dateUtils[2m > [22misDateInRange[2m > [22mshould return true when date is between start and end[32m 0[2mms[22m[39m
   [32mΓ£ô[39m dateUtils[2m > [22misDateInRange[2m > [22mshould return true when date equals start[32m 0[2mms[22m[39m
   [32mΓ£ô[39m dateUtils[2m > [22misDateInRange[2m > [22mshould return true when date equals end[32m 0[2mms[22m[39m
   [32mΓ£ô[39m dateUtils[2m > [22misDateInRange[2m > [22mshould return false when date is before start[32m 0[2mms[22m[39m
   [32mΓ£ô[39m dateUtils[2m > [22misDateInRange[2m > [22mshould return false when date is after end[32m 0[2mms[22m[39m
 [31mΓ¥»[39m client/src/hooks/__tests__/useTimelineFilters.test.ts [2m([22m[2m4 tests[22m[2m | [22m[31m1 failed[39m[2m)[22m[32m 297[2mms[22m[39m
   [32mΓ£ô[39m useTimelineFilters[2m > [22mshould return default state initially[32m 153[2mms[22m[39m
   [32mΓ£ô[39m useTimelineFilters[2m > [22mshould filter timeline by status[32m 32[2mms[22m[39m
   [32mΓ£ô[39m useTimelineFilters[2m > [22mshould group and sort dates correctly (past descending, future ascending)[32m 51[2mms[22m[39m
[31m   [31m├ù[31m useTimelineFilters[2m > [22mshould handle pagination for visible groups[39m[32m 40[2mms[22m[39m
[31m     ΓåÆ expected [ [ '2023-10-14', ΓÇª(1) ], ΓÇª(10) ] to have a length of 10 but got 11[39m
 [32mΓ£ô[39m client/src/hooks/__tests__/usePlanImport.test.tsx [2m([22m[2m11 tests[22m[2m)[22m[33m 902[2mms[22m[39m
 [32mΓ£ô[39m client/src/hooks/__tests__/useWorkoutActions.test.tsx [2m([22m[2m19 tests[22m[2m)[22m[33m 1641[2mms[22m[39m
 [32mΓ£ô[39m client/src/hooks/__tests__/useWorkoutForm.test.tsx [2m([22m[2m14 tests[22m[2m)[22m[33m 452[2mms[22m[39m
 [32mΓ£ô[39m server/routes/__tests__/analytics.test.ts [2m([22m[2m17 tests[22m[2m)[22m[32m 155[2mms[22m[39m
[2026-03-19 09:14:22.037 -0500] [31mERROR[39m: [36mError fetching PRs:[39m
    err: {
      "type": "Error",
      "message": "Database error",
      "stack":
          Error: Database error
              at C:\Users\russe\Hyrox-Companion\server\routes\__tests__\analytics.test.ts:109:74
              at file:///C:/Users/russe/Hyrox-Companion/node_modules/@vitest/runner/dist/chunk-hooks.js:155:11
              at file:///C:/Users/russe/Hyrox-Companion/node_modules/@vitest/runner/dist/chunk-hooks.js:752:26
              at file:///C:/Users/russe/Hyrox-Companion/node_modules/@vitest/runner/dist/chunk-hooks.js:1897:20
              at new Promise (<anonymous>)
              at runWithTimeout (file:///C:/Users/russe/Hyrox-Companion/node_modules/@vitest/runner/dist/chunk-hooks.js:1863:10)
              at runTest (file:///C:/Users/russe/Hyrox-Companion/node_modules/@vitest/runner/dist/chunk-hooks.js:1574:12)
              at processTicksAndRejections (node:internal/process/task_queues:105:5)
              at runSuite (file:///C:/Users/russe/Hyrox-Companion/node_modules/@vitest/runner/dist/chunk-hooks.js:1729:8)
              at runSuite (file:///C:/Users/russe/Hyrox-Companion/node_modules/@vitest/runner/dist/chunk-hooks.js:1729:8)
    }
[2026-03-19 09:14:22.086 -0500] [31mERROR[39m: [36mError fetching exercise analytics:[39m
    err: {
      "type": "Error",
      "message": "Database error",
      "stack":
          Error: Database error
              at C:\Users\russe\Hyrox-Companion\server\routes\__tests__\analytics.test.ts:109:74
              at file:///C:/Users/russe/Hyrox-Companion/node_modules/@vitest/runner/dist/chunk-hooks.js:155:11
              at file:///C:/Users/russe/Hyrox-Companion/node_modules/@vitest/runner/dist/chunk-hooks.js:752:26
              at file:///C:/Users/russe/Hyrox-Companion/node_modules/@vitest/runner/dist/chunk-hooks.js:1897:20
              at new Promise (<anonymous>)
              at runWithTimeout (file:///C:/Users/russe/Hyrox-Companion/node_modules/@vitest/runner/dist/chunk-hooks.js:1863:10)
              at runTest (file:///C:/Users/russe/Hyrox-Companion/node_modules/@vitest/runner/dist/chunk-hooks.js:1574:12)
              at processTicksAndRejections (node:internal/process/task_queues:105:5)
              at runSuite (file:///C:/Users/russe/Hyrox-Companion/node_modules/@vitest/runner/dist/chunk-hooks.js:1729:8)
              at runSuite (file:///C:/Users/russe/Hyrox-Companion/node_modules/@vitest/runner/dist/chunk-hooks.js:1729:8)
    }
 [32mΓ£ô[39m server/storage/users.test.ts [2m([22m[2m6 tests[22m[2m)[22m[32m 9[2mms[22m[39m
 [32mΓ£ô[39m client/src/hooks/__tests__/useCombineWorkouts.test.tsx [2m([22m[2m7 tests[22m[2m)[22m[32m 181[2mms[22m[39m
 [32mΓ£ô[39m server/strava.test.ts [2m([22m[2m9 tests[22m[2m)[22m[32m 132[2mms[22m[39m
 [32mΓ£ô[39m client/src/components/__tests__/ExerciseInput.test.tsx [2m([22m[2m10 tests[22m[2m)[22m[33m 681[2mms[22m[39m
 [32mΓ£ô[39m server/routes/__tests__/plans.test.ts [2m([22m[2m1 test[22m[2m)[22m[33m 563[2mms[22m[39m
   [33m[2mΓ£ô[22m[39m POST /api/plans/import Rate Limiting[2m > [22mshould rate limit requests to /api/plans/import after 5 requests [33m 558[2mms[22m[39m
 [32mΓ£ô[39m client/src/hooks/__tests__/useChatSession.test.tsx [2m([22m[2m6 tests[22m[2m)[22m[32m 55[2mms[22m[39m
 [32mΓ£ô[39m server/routes/__tests__/workouts.test.ts [2m([22m[2m3 tests[22m[2m)[22m[32m 49[2mms[22m[39m
 [32mΓ£ô[39m server/routes/__tests__/email.test.ts [2m([22m[2m5 tests[22m[2m)[22m[32m 63[2mms[22m[39m
 [32mΓ£ô[39m server/routes/__tests__/ai.test.ts [2m([22m[2m21 tests[22m[2m)[22m[33m 2295[2mms[22m[39m
   [33m[2mΓ£ô[22m[39m POST /api/parse-exercises[2m > [22mshould rate limit requests after 5 attempts [33m 517[2mms[22m[39m
 [32mΓ£ô[39m client/src/components/__tests__/MetricCard.test.tsx [2m([22m[2m7 tests[22m[2m)[22m[32m 88[2mms[22m[39m
 [32mΓ£ô[39m client/src/components/__tests__/ChatMessage.test.tsx [2m([22m[2m6 tests[22m[2m)[22m[32m 80[2mms[22m[39m
 [32mΓ£ô[39m server/services/stravaMapper.test.ts [2m([22m[2m17 tests[22m[2m)[22m[32m 6[2mms[22m[39m
 [32mΓ£ô[39m server/gemini.test.ts [2m([22m[2m25 tests[22m[2m)[22m[32m 39[2mms[22m[39m
 [32mΓ£ô[39m server/routes/__tests__/auth.test.ts [2m([22m[2m2 tests[22m[2m)[22m[32m 43[2mms[22m[39m
 [32mΓ£ô[39m client/src/hooks/__tests__/useVoiceInput.test.ts [2m([22m[2m4 tests[22m[2m)[22m[32m 31[2mms[22m[39m
 [32mΓ£ô[39m client/src/hooks/__tests__/useUnitPreferences.test.tsx [2m([22m[2m4 tests[22m[2m)[22m[32m 28[2mms[22m[39m
 [32mΓ£ô[39m server/routes/__tests__/preferences.test.ts [2m([22m[2m1 test[22m[2m)[22m[33m 434[2mms[22m[39m
   [33m[2mΓ£ô[22m[39m GET /api/preferences[2m > [22mshould return 500 when storage.getUser throws an error [33m 403[2mms[22m[39m
 [32mΓ£ô[39m server/routeUtils.test.ts [2m([22m[2m33 tests[22m[2m)[22m[32m 169[2mms[22m[39m
 [32mΓ£ô[39m server/services/analyticsService.test.ts [2m([22m[2m14 tests[22m[2m)[22m[32m 15[2mms[22m[39m
 [32mΓ£ô[39m server/services/aiService.test.ts [2m([22m[2m6 tests[22m[2m)[22m[32m 18[2mms[22m[39m
 [32mΓ£ô[39m server/clerkAuth.test.ts [2m([22m[2m4 tests[22m[2m)[22m[32m 11[2mms[22m[39m
 [32mΓ£ô[39m server/services/planService.test.ts [2m([22m[2m11 tests[22m[2m)[22m[32m 155[2mms[22m[39m
 [32mΓ£ô[39m server/emailTemplates.test.ts [2m([22m[2m23 tests[22m[2m)[22m[32m 7[2mms[22m[39m
 [32mΓ£ô[39m server/gemini/exerciseParser.test.ts [2m([22m[2m4 tests[22m[2m)[22m[32m 14[2mms[22m[39m
 [32mΓ£ô[39m server/storage/__tests__/workouts.test.ts [2m([22m[2m8 tests[22m[2m)[22m[32m 12[2mms[22m[39m
 [32mΓ£ô[39m shared/unitConversion.test.ts [2m([22m[2m59 tests[22m[2m)[22m[32m 8[2mms[22m[39m
 [32mΓ£ô[39m client/src/lib/utils.test.ts [2m([22m[2m8 tests[22m[2m)[22m[32m 10[2mms[22m[39m
 [32mΓ£ô[39m server/services/workoutService.test.ts [2m([22m[2m10 tests[22m[2m)[22m[32m 7[2mms[22m[39m
 [32mΓ£ô[39m client/src/lib/exerciseUtils.test.ts [2m([22m[2m17 tests[22m[2m)[22m[32m 6[2mms[22m[39m
 [32mΓ£ô[39m client/src/lib/exerciseWarnings.test.ts [2m([22m[2m11 tests[22m[2m)[22m[32m 7[2mms[22m[39m
node.exe : 
[90mstderr[2m | clien
t/src/components/timeli
ne/__tests__/TimelineFi
lters.test.tsx[2m > [
22m[2mTimelineFilters
[2m > [22m[2mhandles 
renaming a plan
At line:1 char:1
+ & "C:\Program 
Files\nodejs/node.exe" 
"C:\Program 
Files\nodejs/node_mo 
...
+ ~~~~~~~~~~~~~~~~~~~~~
~~~~~~~~~~~~~~~~~~~~~~~
~~~~~~~~~~~~~~~~~~~~~~~
~~
    + CategoryInfo     
         : 
NotSpecified    : 
([90mstderr[2m.    
..renaming a plan:S    
tring) [], RemoteEx    
ception
    + 
FullyQualifiedErr    
orId : NativeComman    
dError
 
[22m[39mWarning: 
Missing `Description` 
or `aria-describedby={u
ndefined}` for 
{DialogContent}.

 [32mΓ£ô[39m server/types.test.ts [2m([22m[2m7 tests[22m[2m)[22m[32m 7[2mms[22m[39m
 [32mΓ£ô[39m server/services/exportService.test.ts [2m([22m[2m5 tests[22m[2m)[22m[32m 6[2mms[22m[39m
 [32mΓ£ô[39m client/src/lib/authUtils.test.ts [2m([22m[2m6 tests[22m[2m)[22m[32m 3[2mms[22m[39m
 [32mΓ£ô[39m shared/schema.test.ts [2m([22m[2m3 tests[22m[2m)[22m[32m 6[2mms[22m[39m
 [32mΓ£ô[39m client/src/hooks/__tests__/useWorkoutEditor.test.ts [2m([22m[2m21 tests[22m[2m)[22m[32m 29[2mms[22m[39m
 [32mΓ£ô[39m client/src/components/OnboardingWizard.test.tsx [2m([22m[2m1 test[22m[2m)[22m[33m 2961[2mms[22m[39m
   [33m[2mΓ£ô[22m[39m OnboardingWizard Error Handling[2m > [22mshows error toast when preferences mutation fails [33m 2925[2mms[22m[39m
[90mstderr[2m | clien
t/src/components/timeli
ne/__tests__/TimelineFi
lters.test.tsx[2m > [
22m[2mTimelineFilters
[2m > 
[22m[2mdisables save 
button when rename 
input is empty or just 
spaces
[22m[39mWarning: 
Missing `Description` 
or `aria-describedby={u
ndefined}` for 
{DialogContent}.

[90mstderr[2m | clien
t/src/components/timeli
ne/__tests__/TimelineFi
lters.test.tsx[2m > [
22m[2mTimelineFilters
[2m > [22m[2mshows 
loader and disables 
save button when 
isRenaming is true
[22m[39mWarning: 
Missing `Description` 
or `aria-describedby={u
ndefined}` for 
{DialogContent}.

 [32mΓ£ô[39m client/src/components/timeline/__tests__/TimelineFilters.test.tsx [2m([22m[2m12 tests[22m[2m)[22m[33m 21745[2mms[22m[39m
   [33m[2mΓ£ô[22m[39m TimelineFilters[2m > [22mrenders loading state for plans [33m 2050[2mms[22m[39m
   [33m[2mΓ£ô[22m[39m TimelineFilters[2m > [22mrenders empty state when there are no plans [33m 410[2mms[22m[39m
   [33m[2mΓ£ô[22m[39m TimelineFilters[2m > [22mtriggers onPlanChange when a new plan is selected [33m 3152[2mms[22m[39m
   [33m[2mΓ£ô[22m[39m TimelineFilters[2m > [22mtriggers onPlanChange with null when 'All Plans' is selected [33m 4080[2mms[22m[39m
   [33m[2mΓ£ô[22m[39m TimelineFilters[2m > [22mtriggers onFilterChange when a new status is selected [33m 3674[2mms[22m[39m
   [33m[2mΓ£ô[22m[39m TimelineFilters[2m > [22mhandles CSV download template [33m 1017[2mms[22m[39m
   [33m[2mΓ£ô[22m[39m TimelineFilters[2m > [22mtriggers onFileUpload when a CSV is uploaded [33m 1066[2mms[22m[39m
   [33m[2mΓ£ô[22m[39m TimelineFilters[2m > [22mshows loader when importing [33m 729[2mms[22m[39m
   [33m[2mΓ£ô[22m[39m TimelineFilters[2m > [22mhandles renaming a plan [33m 4699[2mms[22m[39m
   [33m[2mΓ£ô[22m[39m TimelineFilters[2m > [22mdisables save button when rename input is empty or just spaces [33m 350[2mms[22m[39m

[31mΓÄ»ΓÄ»ΓÄ»ΓÄ»ΓÄ»ΓÄ»
ΓÄ»[39m[1m[41m 
Failed Tests 6 [49m[2
2m[31mΓÄ»ΓÄ»ΓÄ»ΓÄ»ΓÄ»Γ
Ä»ΓÄ»[39m

[41m[1m FAIL 
[22m[49m client/src/l
ib/dateUtils.test.ts[2
m > [22mdateUtils[2m 
> [22mFunctions 
relying on current 
time[2m > 
[22mgetEndOfWeek[2m 
> [22mshould return 
Saturday when 
weekStartsOn is 0 
(default)
[31m[1mAssertionError
[22m: expected 
'2023-10-22' to be 
'2023-10-21' // 
Object.is equality[39m

Expected: [32m"2023-10
-2[7m1[27m"[39m
Received: [31m"2023-10
-2[7m2[27m"[39m

[36m [2mΓ¥»[22m clie
nt/src/lib/dateUtils.te
st.ts:[2m100:38[22m[
39m
    [90m 98| [39m    
    [35mconst[39m 
end [33m=[39m [34mge
tEndOfWeek[39m()[33m;
[39m
    [90m 99| [39m    
    [34mexpect[39m(en
d[33m.[39m[34mgetDay
[39m())[33m.[39m[34
mtoBe[39m([34m6[39m)
[33m;[39m
    [90m100| [39m    
    [34mexpect[39m([
34mtoISODateString[39m
(end))[33m.[39m[34mt
oBe[39m([32m'2023-10-
21'[39m)[33m;[39m
    [90m   | [39m    
                       
          [31m^[39m
    [90m101| [39m    
    [34mexpect[39m(en
d[33m.[39m[34mgetHou
rs[39m())[33m.[39m[
34mtoBe[39m([34m23[3
9m)[33m;[39m
    [90m102| [39m    
    [34mexpect[39m(en
d[33m.[39m[34mgetMin
utes[39m())[33m.[39m
[34mtoBe[39m([34m59
[39m)[33m;[39m

[31m[2mΓÄ»ΓÄ»ΓÄ»ΓÄ»ΓÄ
»ΓÄ»ΓÄ»ΓÄ»ΓÄ»ΓÄ»ΓÄ»ΓÄ»Γ
Ä»ΓÄ»ΓÄ»ΓÄ»ΓÄ»ΓÄ»ΓÄ»ΓÄ»
ΓÄ»ΓÄ»ΓÄ»ΓÄ»[1/6]ΓÄ»[2
2m[39m

[41m[1m FAIL 
[22m[49m client/src/l
ib/dateUtils.test.ts[2
m > [22mdateUtils[2m 
> [22mFunctions 
relying on current 
time[2m > 
[22mgetEndOfWeek[2m 
> [22mshould return 
Sunday when 
weekStartsOn is 1
[31m[1mAssertionError
[22m: expected 
'2023-10-23' to be 
'2023-10-22' // 
Object.is equality[39m

Expected: [32m"2023-10
-2[7m2[27m"[39m
Received: [31m"2023-10
-2[7m3[27m"[39m

[36m [2mΓ¥»[22m clie
nt/src/lib/dateUtils.te
st.ts:[2m110:38[22m[
39m
    [90m108| [39m    
    [35mconst[39m 
end [33m=[39m [34mge
tEndOfWeek[39m(undefin
ed[33m,[39m 
[34m1[39m)[33m;[39m
    [90m109| [39m    
    [34mexpect[39m(en
d[33m.[39m[34mgetDay
[39m())[33m.[39m[34
mtoBe[39m([34m0[39m)
[33m;[39m
    [90m110| [39m    
    [34mexpect[39m([
34mtoISODateString[39m
(end))[33m.[39m[34mt
oBe[39m([32m'2023-10-
22'[39m)[33m;[39m
    [90m   | [39m    
                       
          [31m^[39m
    [90m111| [39m    
  })[33m;[39m
    [90m112| [39m    
})[33m;[39m

[31m[2mΓÄ»ΓÄ»ΓÄ»ΓÄ»ΓÄ
»ΓÄ»ΓÄ»ΓÄ»ΓÄ»ΓÄ»ΓÄ»ΓÄ»Γ
Ä»ΓÄ»ΓÄ»ΓÄ»ΓÄ»ΓÄ»ΓÄ»ΓÄ»
ΓÄ»ΓÄ»ΓÄ»ΓÄ»[2/6]ΓÄ»[2
2m[39m

[41m[1m FAIL 
[22m[49m client/src/l
ib/dateUtils.test.ts[2
m > [22mdateUtils[2m 
> [22mFunctions 
relying on current 
time[2m > [22mgetEndO
fWeekString[2m > 
[22mshould return 
string representation 
of end of week
[31m[1mAssertionError
[22m: expected 
'2023-10-22' to be 
'2023-10-21' // 
Object.is equality[39m

Expected: [32m"2023-10
-2[7m1[27m"[39m
Received: [31m"2023-10
-2[7m2[27m"[39m

[36m [2mΓ¥»[22m clie
nt/src/lib/dateUtils.te
st.ts:[2m123:38[22m[
39m
    [90m121| [39m    
[34mdescribe[39m([32
m'getEndOfWeekString'[
39m[33m,[39m () 
[33m=>[39m {
    [90m122| [39m    
  [34mit[39m([32m'sh
ould return string 
representation of end 
of 
week'[39m[33m,[39m 
() [33m=>[39m {
    [90m123| [39m    
    [34mexpect[39m([
34mgetEndOfWeekString[
39m())[33m.[39m[34mt
oBe[39m([32m'2023-10-
21'[39m)[33m;[39m
    [90m   | [39m    
                       
          [31m^[39m
    [90m124| [39m    
    [34mexpect[39m([
34mgetEndOfWeekString[
39m(undefined[33m,[39
m [34m1[39m))[33m.[
39m[34mtoBe[39m([32m
'2023-10-22'[39m)[33m
;[39m
    [90m125| [39m    
  })[33m;[39m

[31m[2mΓÄ»ΓÄ»ΓÄ»ΓÄ»ΓÄ
»ΓÄ»ΓÄ»ΓÄ»ΓÄ»ΓÄ»ΓÄ»ΓÄ»Γ
Ä»ΓÄ»ΓÄ»ΓÄ»ΓÄ»ΓÄ»ΓÄ»ΓÄ»
ΓÄ»ΓÄ»ΓÄ»ΓÄ»[3/6]ΓÄ»[2
2m[39m

[41m[1m FAIL 
[22m[49m client/src/l
ib/dateUtils.test.ts[2
m > [22mdateUtils[2m 
> [22mFunctions 
relying on current 
time[2m > [22misDateI
nCurrentWeek[2m > 
[22mshould return 
false for dates 
outside current week
[31m[1mAssertionError
[22m: expected true 
to be false // 
Object.is equality[39m

[32m- Expected[39m
[31m+ Received[39m

[32m- false[39m
[31m+ true[39m

[36m [2mΓ¥»[22m clie
nt/src/lib/dateUtils.te
st.ts:[2m137:51[22m[
39m
    [90m135| [39m    
  [34mit[39m([32m'sh
ould return false for 
dates outside current 
week'[39m[33m,[39m 
() [33m=>[39m {
    [90m136| [39m    
    [34mexpect[39m([
34misDateInCurrentWeek
[39m([32m'2023-10-14'
[39m))[33m.[39m[34mt
oBe[39m([35mfalse[39
m)[33m;[39m
    [90m137| [39m    
    [34mexpect[39m([
34misDateInCurrentWeek
[39m([32m'2023-10-22'
[39m))[33m.[39m[34mt
oBe[39m([35mfalse[39
m)[33m;[39m
    [90m   | [39m    
                       
                       
[31m^[39m
    [90m138| [39m    
  })[33m;[39m
    [90m139| [39m

[31m[2mΓÄ»ΓÄ»ΓÄ»ΓÄ»ΓÄ
»ΓÄ»ΓÄ»ΓÄ»ΓÄ»ΓÄ»ΓÄ»ΓÄ»Γ
Ä»ΓÄ»ΓÄ»ΓÄ»ΓÄ»ΓÄ»ΓÄ»ΓÄ»
ΓÄ»ΓÄ»ΓÄ»ΓÄ»[4/6]ΓÄ»[2
2m[39m

[41m[1m FAIL 
[22m[49m client/src/l
ib/statsUtils.test.ts[
2m > [22mcalculateStat
s[2m > [22mweekly 
stats 
(workoutsThisWeek, 
completedThisWeek)[2m 
> [22mshould count 
entries within the 
current week correctly
[31m[1mAssertionError
[22m: expected 5 to 
be 4 // Object.is 
equality[39m

[32m- Expected[39m
[31m+ Received[39m

[32m- 4[39m
[31m+ 5[39m

[36m [2mΓ¥»[22m clie
nt/src/lib/statsUtils.t
est.ts:[2m47:38[22m[
39m
    [90m 45| [39m    
  [35mconst[39m 
stats [33m=[39m [34m
calculateStats[39m(tim
eline [35mas[39m [33
mTimelineEntry[39m[])
[33m;[39m
    [90m 46| [39m
    [90m 47| [39m    
  [34mexpect[39m(stat
s[33m.[39mworkoutsThi
sWeek)[33m.[39m[34mt
oBe[39m([34m4[39m)[
33m;[39m [90m// 
12th, 14th, 16th, 
18th[39m
    [90m   | [39m    
                       
          [31m^[39m
    [90m 48| [39m    
  [34mexpect[39m(stat
s[33m.[39mcompletedTh
isWeek)[33m.[39m[34m
toBe[39m([34m2[39m)
[33m;[39m [90m// 
12th, 18th[39m
    [90m 49| [39m    
})[33m;[39m

[31m[2mΓÄ»ΓÄ»ΓÄ»ΓÄ»ΓÄ
»ΓÄ»ΓÄ»ΓÄ»ΓÄ»ΓÄ»ΓÄ»ΓÄ»Γ
Ä»ΓÄ»ΓÄ»ΓÄ»ΓÄ»ΓÄ»ΓÄ»ΓÄ»
ΓÄ»ΓÄ»ΓÄ»ΓÄ»[5/6]ΓÄ»[2
2m[39m

[41m[1m FAIL 
[22m[49m client/src/h
ooks/__tests__/useTimel
ineFilters.test.ts[2m 
> [22museTimelineFilte
rs[2m > [22mshould 
handle pagination for 
visible groups
[31m[1mAssertionError
[22m: expected [ [ 
'2023-10-14', ΓÇª(1) 
], ΓÇª(10) ] to have a 
length of 10 but got 
11[39m

[32m- Expected[39m
[31m+ Received[39m

[32m- 10[39m
[31m+ 11[39m

[36m [2mΓ¥»[22m clie
nt/src/hooks/__tests__/
useTimelineFilters.test
.ts:[2m120:39[22m[39
m
    [90m118| [39m
    [90m119| [39m    
[90m// Initial state: 
should show max 7[39m
    [90m120| [39m    
[34mexpect[39m(result
[33m.[39mcurrent[33m
.[39mpastGroups)[33m.
[39m[34mtoHaveLength
[39m([34m10[39m)[33m
;[39m
    [90m   | [39m    
                       
           [31m^[39m
    [90m121| [39m    
[34mexpect[39m(result
[33m.[39mcurrent[33m
.[39mvisiblePastGroups
)[33m.[39m[34mtoHave
Length[39m([34m7[39m
)[33m;[39m
    [90m122| [39m    
[34mexpect[39m(result
[33m.[39mcurrent[33m
.[39mhiddenPastCount)
[33m.[39m[34mtoBe[39
m([34m3[39m)[33m;[3
9m

[31m[2mΓÄ»ΓÄ»ΓÄ»ΓÄ»ΓÄ
»ΓÄ»ΓÄ»ΓÄ»ΓÄ»ΓÄ»ΓÄ»ΓÄ»Γ
Ä»ΓÄ»ΓÄ»ΓÄ»ΓÄ»ΓÄ»ΓÄ»ΓÄ»
ΓÄ»ΓÄ»ΓÄ»ΓÄ»[6/6]ΓÄ»[2
2m[39m


[2m Test Files [22m [1m[31m3 failed[39m[22m[2m | [22m[1m[32m41 passed[39m[22m[90m (44)[39m
[2m      Tests [22m [1m[31m6 failed[39m[22m[2m | [22m[1m[32m498 passed[39m[22m[90m (504)[39m
[2m   Start at [22m 09:14:15
[2m   Duration [22m 27.37s[2m (transform 7.92s, setup 6.51s, collect 58.64s, tests 33.73s, environment 58.55s, prepare 6.27s)[22m

