
> hyrox-companion@1.0.0 check
> tsc

client/src/components/timeline/__tests__/TimelineFilters.test.tsx(75,13): error TS2322: Type '{ plans: { id: string; name: string; totalWeeks: number; createdAt: string; userId: string; updatedAt: null; sourceFileName: null; }[]; plansLoading: boolean; selectedPlanId: string; onPlanChange: Mock<...>; ... 5 more ...; isRenaming: boolean; }' is not assignable to type 'Readonly<TimelineFiltersProps>'.
  Types of property 'plans' are incompatible.
    Type '{ id: string; name: string; totalWeeks: number; createdAt: string; userId: string; updatedAt: null; sourceFileName: null; }[]' is not assignable to type '{ id: string; name: string; userId: string; sourceFileName: string | null; totalWeeks: number; goal: string | null; }[]'.
      Property 'goal' is missing in type '{ id: string; name: string; totalWeeks: number; createdAt: string; userId: string; updatedAt: null; sourceFileName: null; }' but required in type '{ id: string; name: string; userId: string; sourceFileName: string | null; totalWeeks: number; goal: string | null; }'.
client/src/components/timeline/__tests__/TimelineFilters.test.tsx(82,13): error TS2322: Type '{ plans: { id: string; name: string; totalWeeks: number; createdAt: string; userId: string; updatedAt: null; sourceFileName: null; }[]; plansLoading: boolean; selectedPlanId: string; onPlanChange: Mock<...>; ... 5 more ...; isRenaming: boolean; }' is not assignable to type 'Readonly<TimelineFiltersProps>'.
  Types of property 'plans' are incompatible.
    Type '{ id: string; name: string; totalWeeks: number; createdAt: string; userId: string; updatedAt: null; sourceFileName: null; }[]' is not assignable to type '{ id: string; name: string; userId: string; sourceFileName: string | null; totalWeeks: number; goal: string | null; }[]'.
      Property 'goal' is missing in type '{ id: string; name: string; totalWeeks: number; createdAt: string; userId: string; updatedAt: null; sourceFileName: null; }' but required in type '{ id: string; name: string; userId: string; sourceFileName: string | null; totalWeeks: number; goal: string | null; }'.
client/src/components/timeline/__tests__/TimelineFilters.test.tsx(96,13): error TS2322: Type '{ plans: { id: string; name: string; totalWeeks: number; createdAt: string; userId: string; updatedAt: null; sourceFileName: null; }[]; plansLoading: boolean; selectedPlanId: string; onPlanChange: Mock<...>; ... 5 more ...; isRenaming: boolean; }' is not assignable to type 'Readonly<TimelineFiltersProps>'.
  Types of property 'plans' are incompatible.
    Type '{ id: string; name: string; totalWeeks: number; createdAt: string; userId: string; updatedAt: null; sourceFileName: null; }[]' is not assignable to type '{ id: string; name: string; userId: string; sourceFileName: string | null; totalWeeks: number; goal: string | null; }[]'.
      Property 'goal' is missing in type '{ id: string; name: string; totalWeeks: number; createdAt: string; userId: string; updatedAt: null; sourceFileName: null; }' but required in type '{ id: string; name: string; userId: string; sourceFileName: string | null; totalWeeks: number; goal: string | null; }'.
client/src/components/timeline/__tests__/TimelineFilters.test.tsx(109,13): error TS2322: Type '{ plans: { id: string; name: string; totalWeeks: number; createdAt: string; userId: string; updatedAt: null; sourceFileName: null; }[]; plansLoading: boolean; selectedPlanId: string; onPlanChange: Mock<...>; ... 5 more ...; isRenaming: boolean; }' is not assignable to type 'Readonly<TimelineFiltersProps>'.
  Types of property 'plans' are incompatible.
    Type '{ id: string; name: string; totalWeeks: number; createdAt: string; userId: string; updatedAt: null; sourceFileName: null; }[]' is not assignable to type '{ id: string; name: string; userId: string; sourceFileName: string | null; totalWeeks: number; goal: string | null; }[]'.
      Property 'goal' is missing in type '{ id: string; name: string; totalWeeks: number; createdAt: string; userId: string; updatedAt: null; sourceFileName: null; }' but required in type '{ id: string; name: string; userId: string; sourceFileName: string | null; totalWeeks: number; goal: string | null; }'.
client/src/components/timeline/__tests__/TimelineFilters.test.tsx(141,13): error TS2322: Type '{ plans: { id: string; name: string; totalWeeks: number; createdAt: string; userId: string; updatedAt: null; sourceFileName: null; }[]; plansLoading: boolean; selectedPlanId: string; onPlanChange: Mock<...>; ... 5 more ...; isRenaming: boolean; }' is not assignable to type 'Readonly<TimelineFiltersProps>'.
  Types of property 'plans' are incompatible.
    Type '{ id: string; name: string; totalWeeks: number; createdAt: string; userId: string; updatedAt: null; sourceFileName: null; }[]' is not assignable to type '{ id: string; name: string; userId: string; sourceFileName: string | null; totalWeeks: number; goal: string | null; }[]'.
      Property 'goal' is missing in type '{ id: string; name: string; totalWeeks: number; createdAt: string; userId: string; updatedAt: null; sourceFileName: null; }' but required in type '{ id: string; name: string; userId: string; sourceFileName: string | null; totalWeeks: number; goal: string | null; }'.
client/src/components/timeline/__tests__/TimelineFilters.test.tsx(157,13): error TS2322: Type '{ plans: { id: string; name: string; totalWeeks: number; createdAt: string; userId: string; updatedAt: null; sourceFileName: null; }[]; plansLoading: boolean; selectedPlanId: string; onPlanChange: Mock<...>; ... 5 more ...; isRenaming: boolean; }' is not assignable to type 'Readonly<TimelineFiltersProps>'.
  Types of property 'plans' are incompatible.
    Type '{ id: string; name: string; totalWeeks: number; createdAt: string; userId: string; updatedAt: null; sourceFileName: null; }[]' is not assignable to type '{ id: string; name: string; userId: string; sourceFileName: string | null; totalWeeks: number; goal: string | null; }[]'.
      Property 'goal' is missing in type '{ id: string; name: string; totalWeeks: number; createdAt: string; userId: string; updatedAt: null; sourceFileName: null; }' but required in type '{ id: string; name: string; userId: string; sourceFileName: string | null; totalWeeks: number; goal: string | null; }'.
client/src/components/timeline/__tests__/TimelineFilters.test.tsx(168,13): error TS2322: Type '{ isImporting: true; plans: { id: string; name: string; totalWeeks: number; createdAt: string; userId: string; updatedAt: null; sourceFileName: null; }[]; plansLoading: boolean; selectedPlanId: string; ... 5 more ...; isRenaming: boolean; }' is not assignable to type 'Readonly<TimelineFiltersProps>'.
  Types of property 'plans' are incompatible.
    Type '{ id: string; name: string; totalWeeks: number; createdAt: string; userId: string; updatedAt: null; sourceFileName: null; }[]' is not assignable to type '{ id: string; name: string; userId: string; sourceFileName: string | null; totalWeeks: number; goal: string | null; }[]'.
      Property 'goal' is missing in type '{ id: string; name: string; totalWeeks: number; createdAt: string; userId: string; updatedAt: null; sourceFileName: null; }' but required in type '{ id: string; name: string; userId: string; sourceFileName: string | null; totalWeeks: number; goal: string | null; }'.
client/src/components/timeline/__tests__/TimelineFilters.test.tsx(183,13): error TS2322: Type '{ plans: { id: string; name: string; totalWeeks: number; createdAt: string; userId: string; updatedAt: null; sourceFileName: null; }[]; plansLoading: boolean; selectedPlanId: string; onPlanChange: Mock<...>; ... 5 more ...; isRenaming: boolean; }' is not assignable to type 'Readonly<TimelineFiltersProps>'.
  Types of property 'plans' are incompatible.
    Type '{ id: string; name: string; totalWeeks: number; createdAt: string; userId: string; updatedAt: null; sourceFileName: null; }[]' is not assignable to type '{ id: string; name: string; userId: string; sourceFileName: string | null; totalWeeks: number; goal: string | null; }[]'.
      Property 'goal' is missing in type '{ id: string; name: string; totalWeeks: number; createdAt: string; userId: string; updatedAt: null; sourceFileName: null; }' but required in type '{ id: string; name: string; userId: string; sourceFileName: string | null; totalWeeks: number; goal: string | null; }'.
client/src/components/timeline/__tests__/TimelineFilters.test.tsx(204,13): error TS2322: Type '{ plans: { id: string; name: string; totalWeeks: number; createdAt: string; userId: string; updatedAt: null; sourceFileName: null; }[]; plansLoading: boolean; selectedPlanId: string; onPlanChange: Mock<...>; ... 5 more ...; isRenaming: boolean; }' is not assignable to type 'Readonly<TimelineFiltersProps>'.
  Types of property 'plans' are incompatible.
    Type '{ id: string; name: string; totalWeeks: number; createdAt: string; userId: string; updatedAt: null; sourceFileName: null; }[]' is not assignable to type '{ id: string; name: string; userId: string; sourceFileName: string | null; totalWeeks: number; goal: string | null; }[]'.
      Property 'goal' is missing in type '{ id: string; name: string; totalWeeks: number; createdAt: string; userId: string; updatedAt: null; sourceFileName: null; }' but required in type '{ id: string; name: string; userId: string; sourceFileName: string | null; totalWeeks: number; goal: string | null; }'.
client/src/components/timeline/__tests__/TimelineFilters.test.tsx(218,34): error TS2322: Type '{ plans: { id: string; name: string; totalWeeks: number; createdAt: string; userId: string; updatedAt: null; sourceFileName: null; }[]; plansLoading: boolean; selectedPlanId: string; onPlanChange: Mock<...>; ... 5 more ...; isRenaming: boolean; }' is not assignable to type 'Readonly<TimelineFiltersProps>'.
  Types of property 'plans' are incompatible.
    Type '{ id: string; name: string; totalWeeks: number; createdAt: string; userId: string; updatedAt: null; sourceFileName: null; }[]' is not assignable to type '{ id: string; name: string; userId: string; sourceFileName: string | null; totalWeeks: number; goal: string | null; }[]'.
      Property 'goal' is missing in type '{ id: string; name: string; totalWeeks: number; createdAt: string; userId: string; updatedAt: null; sourceFileName: null; }' but required in type '{ id: string; name: string; userId: string; sourceFileName: string | null; totalWeeks: number; goal: string | null; }'.
client/src/components/timeline/__tests__/TimelineFilters.test.tsx(222,15): error TS2322: Type '{ isRenaming: true; plans: { id: string; name: string; totalWeeks: number; createdAt: string; userId: string; updatedAt: null; sourceFileName: null; }[]; plansLoading: boolean; selectedPlanId: string; ... 5 more ...; onRenamePlan: Mock<...>; }' is not assignable to type 'Readonly<TimelineFiltersProps>'.
  Types of property 'plans' are incompatible.
    Type '{ id: string; name: string; totalWeeks: number; createdAt: string; userId: string; updatedAt: null; sourceFileName: null; }[]' is not assignable to type '{ id: string; name: string; userId: string; sourceFileName: string | null; totalWeeks: number; goal: string | null; }[]'.
      Property 'goal' is missing in type '{ id: string; name: string; totalWeeks: number; createdAt: string; userId: string; updatedAt: null; sourceFileName: null; }' but required in type '{ id: string; name: string; userId: string; sourceFileName: string | null; totalWeeks: number; goal: string | null; }'.
server/index.ts(7,22): error TS2307: Cannot find module 'pino-http' or its corresponding type declarations.
server/index.ts(10,23): error TS2307: Cannot find module 'swagger-ui-express' or its corresponding type declarations.
server/index.ts(115,17): error TS7006: Parameter 'req' implicitly has an 'any' type.
server/index.ts(115,22): error TS7006: Parameter 'res' implicitly has an 'any' type.
server/index.ts(134,14): error TS7006: Parameter 'req' implicitly has an 'any' type.
server/logger.ts(2,18): error TS2307: Cannot find module 'pino' or its corresponding type declarations.
server/logger.ts(19,13): error TS7006: Parameter 'label' implicitly has an 'any' type.
server/static.ts(6,23): error TS2307: Cannot find module 'express-rate-limit' or its corresponding type declarations.
server/strava.ts(10,23): error TS2307: Cannot find module 'express-rate-limit' or its corresponding type declarations.
server/vite.ts(8,23): error TS2307: Cannot find module 'express-rate-limit' or its corresponding type declarations.
shared/openapi.ts(1,75): error TS2307: Cannot find module '@asteasolutions/zod-to-openapi' or its corresponding type declarations.
shared/openapi.ts(22,26): error TS2339: Property 'openapi' does not exist on type 'ZodObject<Omit<{ id: ZodOptional<ZodString>; userId: ZodString; date: ZodString; focus: ZodString; mainWorkout: ZodString; ... 16 more ...; sufferScore: ZodOptional<...>; }, "id" | "userId">, "strip", ZodTypeAny, { ...; }, { ...; }>'.
shared/openapi.ts(30,21): error TS2339: Property 'openapi' does not exist on type 'ZodObject<{ setNumber: ZodNullable<ZodOptional<ZodNumber>>; reps: ZodNullable<ZodOptional<ZodNumber>>; weight: ZodNullable<...>; distance: ZodNullable<...>; time: ZodNullable<...>; notes: ZodNullable<...>; }, "passthrough", ZodTypeAny, objectOutputType<...>, objectInputType<...>>'.
shared/openapi.ts(38,27): error TS2339: Property 'openapi' does not exist on type 'ZodObject<Omit<{ id: ZodOptional<ZodString>; workoutLogId: ZodString; exerciseName: ZodString; customLabel: ZodOptional<ZodNullable<ZodString>>; ... 8 more ...; sortOrder: ZodOptional<...>; }, "id">, "strip", ZodTypeAny, { ...; }, { ...; }>'.
shared/openapi.ts(46,31): error TS2339: Property 'openapi' does not exist on type 'ZodObject<{ weightUnit: ZodOptional<ZodEnum<["kg", "lbs"]>>; distanceUnit: ZodOptional<ZodEnum<["km", "miles"]>>; weeklyGoal: ZodOptional<ZodNumber>; emailNotifications: ZodOptional<...>; aiCoachEnabled: ZodOptional<...>; }, "strip", ZodTypeAny, { ...; }, { ...; }>'.
shared/openapi.ts(54,23): error TS2339: Property 'openapi' does not exist on type 'ZodObject<{ focus: ZodString; mainWorkout: ZodString; accessory: ZodOptional<ZodNullable<ZodString>>; notes: ZodOptional<ZodNullable<ZodString>>; planId: ZodString; weekNumber: ZodNumber; dayName: ZodString; scheduledDate: ZodOptional<...>; } & { ...; }, "strip", ZodTypeAny, { ...; }, { ...; }>'.
shared/openapi.ts(68,5): error TS2339: Property 'openapi' does not exist on type 'ZodIntersection<ZodObject<Omit<{ id: ZodOptional<ZodString>; userId: ZodString; date: ZodString; focus: ZodString; mainWorkout: ZodString; ... 16 more ...; sufferScore: ZodOptional<...>; }, "id" | "userId">, "strip", ZodTypeAny, { ...; }, { ...; }>, ZodObject<...>>'.
shared/openapi.ts(82,5): error TS2339: Property 'openapi' does not exist on type 'ZodIntersection<ZodObject<{ date: ZodOptional<ZodString>; focus: ZodOptional<ZodString>; mainWorkout: ZodOptional<ZodString>; ... 16 more ...; sufferScore: ZodOptional<...>; }, "strip", ZodTypeAny, { ...; }, { ...; }>, ZodObject<...>>'.
shared/openapi.ts(90,14): error TS2339: Property 'openapi' does not exist on type 'ZodString'.
shared/openapi.ts(133,33): error TS2339: Property 'openapi' does not exist on type 'ZodString'.
shared/openapi.ts(258,34): error TS2339: Property 'openapi' does not exist on type 'ZodBoolean'.
